******************************************************************************
                  TI ARM Linker PC v20.2.5                     
******************************************************************************
>> Linked Thu Oct 27 12:15:04 2022

OUTPUT FILE NAME:   <2104_Lab_4.out>
ENTRY POINT SYMBOL: "_c_int00_noargs"  address: 0000081d


MEMORY CONFIGURATION

         name            origin    length      used     unused   attr    fill
----------------------  --------  ---------  --------  --------  ----  --------
  MAIN                  00000000   00040000  00000a18  0003f5e8  R  X
  INFO                  00200000   00004000  00000000  00004000  R  X
  SRAM_CODE             01000000   00010000  00000000  00010000  RW X
  SRAM_DATA             20000000   00010000  0000024c  0000fdb4  RW  


SEGMENT ALLOCATION MAP

run origin  load origin   length   init length attrs members
----------  ----------- ---------- ----------- ----- -------
00000000    00000000    00000a18   00000a18    r-x
  00000000    00000000    00000140   00000140    r-- .intvecs
  00000140    00000140    00000840   00000840    r-x .text
  00000980    00000980    00000040   00000040    r-- .const
  000009c0    000009c0    00000058   00000058    r-- .cinit
20000000    20000000    0000004c   00000000    rw-
  20000000    20000000    0000004c   00000000    rw- .data
2000fe00    2000fe00    00000200   00000000    rw-
  2000fe00    2000fe00    00000200   00000000    rw- .stack


SECTION ALLOCATION MAP

 output                                  attributes/
section   page    origin      length       input sections
--------  ----  ----------  ----------   ----------------
.intvecs   0    00000000    00000140     
                  00000000    00000140     startup_msp432p401r_ccs.obj (.intvecs:retain)

.text      0    00000140    00000840     
                  00000140    00000328     system_msp432p401r.obj (.text)
                  00000468    000000c0     lihao_2101704_shahzad_2102060_lab4.obj (.text)
                  00000528    000000b2     msp432p4xx_driverlib.lib : timer_a.o (.text:privateTimer_AProcessClockSourceDivider)
                  000005da    0000009c     rtsv7M4_T_le_v4SPD16_eabi.lib : memcpy_t2.asm.obj (.text)
                  00000676    00000068                                   : copy_decompress_lzss.c.obj (.text:decompress:lzss:__TI_decompress_lzss)
                  000006de    00000002     --HOLE-- [fill = 0]
                  000006e0    00000064     msp432p4xx_driverlib.lib : interrupt.o (.text:Interrupt_enableInterrupt)
                  00000744    0000004c                              : gpio.o (.text:GPIO_setAsPeripheralModuleFunctionOutputPin)
                  00000790    00000048                              : timer_a.o (.text:Timer_A_generatePWM)
                  000007d8    00000044     rtsv7M4_T_le_v4SPD16_eabi.lib : autoinit.c.obj (.text:__TI_auto_init_nobinit_nopinit:__TI_auto_init_nobinit_nopinit)
                  0000081c    00000034                                   : boot_cortex_m.c.obj (.text:_c_int00_noargs:_c_int00_noargs)
                  00000850    00000030     msp432p4xx_driverlib.lib : gpio.o (.text:GPIO_setAsInputPinWithPullUpResistor)
                  00000880    00000028                              : pcm.o (.text:PCM_gotoLPM0)
                  000008a8    00000024                              : gpio.o (.text:GPIO_setAsOutputPin)
                  000008cc    00000018                              : gpio.o (.text:GPIO_clearInterruptFlag)
                  000008e4    00000018                              : gpio.o (.text:GPIO_setOutputLowOnPin)
                  000008fc    00000014                              : gpio.o (.text:GPIO_enableInterrupt)
                  00000910    00000014                              : gpio.o (.text:GPIO_setOutputHighOnPin)
                  00000924    00000014                              : interrupt.o (.text:Interrupt_enableSleepOnIsrExit)
                  00000938    00000012     startup_msp432p401r_ccs.obj (.text)
                  0000094a    00000010     msp432p4xx_driverlib.lib : interrupt.o (.text:Interrupt_enableMaster)
                  0000095a    0000000e     rtsv7M4_T_le_v4SPD16_eabi.lib : copy_decompress_none.c.obj (.text:decompress:none:__TI_decompress_none)
                  00000968    0000000c     msp432p4xx_driverlib.lib : cpu.o (.text:CPU_cpsie)
                  00000974    00000004                              : cpu.o (.text:CPU_wfi)
                  00000978    00000004     rtsv7M4_T_le_v4SPD16_eabi.lib : pre_init.c.obj (.text:_system_pre_init)
                  0000097c    00000004                                   : exit.c.obj (.text:abort:abort)

.const     0    00000980    00000040     
                  00000980    00000040     msp432p4xx_driverlib.lib : interrupt.o (.const)

.cinit     0    000009c0    00000058     
                  000009c0    00000045     (.cinit..data.load) [load image, compression = lzss]
                  00000a05    00000003     --HOLE-- [fill = 0]
                  00000a08    00000008     (__TI_handler_table)
                  00000a10    00000008     (__TI_cinit_table)

.init_array 
*          0    00000000    00000000     UNINITIALIZED

.data      0    20000000    0000004c     UNINITIALIZED
                  20000000    00000030     msp432p4xx_driverlib.lib : gpio.o (.data:GPIO_PORT_TO_BASE)
                  20000030    00000018     lihao_2101704_shahzad_2102060_lab4.obj (.data:pwmConfig)
                  20000048    00000004     system_msp432p401r.obj (.data)

.stack     0    2000fe00    00000200     UNINITIALIZED
                  2000fe00    00000004     rtsv7M4_T_le_v4SPD16_eabi.lib : boot_cortex_m.c.obj (.stack)
                  2000fe04    000001fc     --HOLE--

__llvm_prf_cnts 
*          0    20000000    00000000     UNINITIALIZED

MODULE SUMMARY

       Module                                   code   ro data   rw data
       ------                                   ----   -------   -------
    .\
       system_msp432p401r.obj                   808    0         4      
       startup_msp432p401r_ccs.obj              18     320       0      
       lihao_2101704_shahzad_2102060_lab4.obj   192    0         24     
    +--+----------------------------------------+------+---------+---------+
       Total:                                   1018   320       28     
                                                                        
    C:/Users/Eng Li Hao/Downloads/msp432_driverlib_3_21_00_05/driverlib/MSP432P4xx/ccs/msp432p4xx_driverlib.lib
       gpio.o                                   248    0         48     
       timer_a.o                                250    0         0      
       interrupt.o                              136    64        0      
       pcm.o                                    40     0         0      
       cpu.o                                    16     0         0      
    +--+----------------------------------------+------+---------+---------+
       Total:                                   690    64        48     
                                                                        
    C:\ti\ccs1040\ccs\tools\compiler\ti-cgt-arm_20.2.5.LTS\lib\rtsv7M4_T_le_v4SPD16_eabi.lib
       memcpy_t2.asm.obj                        156    0         0      
       copy_decompress_lzss.c.obj               104    0         0      
       autoinit.c.obj                           68     0         0      
       boot_cortex_m.c.obj                      52     0         0      
       copy_decompress_none.c.obj               14     0         0      
       exit.c.obj                               4      0         0      
       pre_init.c.obj                           4      0         0      
    +--+----------------------------------------+------+---------+---------+
       Total:                                   402    0         0      
                                                                        
       Stack:                                   0      0         512    
       Linker Generated:                        0      85        0      
    +--+----------------------------------------+------+---------+---------+
       Grand Total:                             2110   469       588    


LINKER GENERATED COPY TABLES

__TI_cinit_table @ 00000a10 records: 1, size/record: 8, table size: 8
	.data: load addr=000009c0, load size=00000045 bytes, run addr=20000000, run size=0000004c bytes, compression=lzss


LINKER GENERATED HANDLER TABLE

__TI_handler_table @ 00000a08 records: 2, size/record: 4, table size: 8
	index: 0, handler: __TI_decompress_lzss
	index: 1, handler: __TI_decompress_none


GLOBAL SYMBOLS: SORTED ALPHABETICALLY BY Name 

address   name                                       
-------   ----                                       
0000097d  C$$EXIT                                    
00000969  CPU_cpsie                                  
00000975  CPU_wfi                                    
000008cd  GPIO_clearInterruptFlag                    
000008fd  GPIO_enableInterrupt                       
00000851  GPIO_setAsInputPinWithPullUpResistor       
000008a9  GPIO_setAsOutputPin                        
00000745  GPIO_setAsPeripheralModuleFunctionOutputPin
00000911  GPIO_setOutputHighOnPin                    
000008e5  GPIO_setOutputLowOnPin                     
000006e1  Interrupt_enableInterrupt                  
0000094b  Interrupt_enableMaster                     
00000925  Interrupt_enableSleepOnIsrExit             
00000881  PCM_gotoLPM0                               
000004d1  PORT1_IRQHandler                           
20000048  SystemCoreClock                            
00000141  SystemCoreClockUpdate                      
000003b5  SystemInit                                 
00000791  Timer_A_generatePWM                        
4000480c  WDTCTL_SYM                                 
20010000  __STACK_END                                
00000200  __STACK_SIZE                               
00000a10  __TI_CINIT_Base                            
00000a18  __TI_CINIT_Limit                           
00000a08  __TI_Handler_Table_Base                    
00000a10  __TI_Handler_Table_Limit                   
000007d9  __TI_auto_init_nobinit_nopinit             
00000677  __TI_decompress_lzss                       
0000095b  __TI_decompress_none                       
ffffffff  __TI_pprof_out_hndl                        
ffffffff  __TI_prof_data_size                        
ffffffff  __TI_prof_data_start                       
00000000  __TI_static_base__                         
000005db  __aeabi_memcpy                             
000005db  __aeabi_memcpy4                            
000005db  __aeabi_memcpy8                            
ffffffff  __binit__                                  
ffffffff  __c_args__                                 
UNDEFED   __mpu_init                                 
2000fe00  __stack                                    
20000000  __start___llvm_prf_cnts                    
20000000  __stop___llvm_prf_cnts                     
0000081d  _c_int00_noargs                            
UNDEFED   _system_post_cinit                         
00000979  _system_pre_init                           
0000097d  abort                                      
ffffffff  binit                                      
00000000  interruptVectors                           
00000469  main                                       
000005db  memcpy                                     
20000030  pwmConfig                                  


GLOBAL SYMBOLS: SORTED BY Symbol Address 

address   name                                       
-------   ----                                       
00000000  __TI_static_base__                         
00000000  interruptVectors                           
00000141  SystemCoreClockUpdate                      
00000200  __STACK_SIZE                               
000003b5  SystemInit                                 
00000469  main                                       
000004d1  PORT1_IRQHandler                           
000005db  __aeabi_memcpy                             
000005db  __aeabi_memcpy4                            
000005db  __aeabi_memcpy8                            
000005db  memcpy                                     
00000677  __TI_decompress_lzss                       
000006e1  Interrupt_enableInterrupt                  
00000745  GPIO_setAsPeripheralModuleFunctionOutputPin
00000791  Timer_A_generatePWM                        
000007d9  __TI_auto_init_nobinit_nopinit             
0000081d  _c_int00_noargs                            
00000851  GPIO_setAsInputPinWithPullUpResistor       
00000881  PCM_gotoLPM0                               
000008a9  GPIO_setAsOutputPin                        
000008cd  GPIO_clearInterruptFlag                    
000008e5  GPIO_setOutputLowOnPin                     
000008fd  GPIO_enableInterrupt                       
00000911  GPIO_setOutputHighOnPin                    
00000925  Interrupt_enableSleepOnIsrExit             
0000094b  Interrupt_enableMaster                     
0000095b  __TI_decompress_none                       
00000969  CPU_cpsie                                  
00000975  CPU_wfi                                    
00000979  _system_pre_init                           
0000097d  C$$EXIT                                    
0000097d  abort                                      
00000a08  __TI_Handler_Table_Base                    
00000a10  __TI_CINIT_Base                            
00000a10  __TI_Handler_Table_Limit                   
00000a18  __TI_CINIT_Limit                           
20000000  __start___llvm_prf_cnts                    
20000000  __stop___llvm_prf_cnts                     
20000030  pwmConfig                                  
20000048  SystemCoreClock                            
2000fe00  __stack                                    
20010000  __STACK_END                                
4000480c  WDTCTL_SYM                                 
ffffffff  __TI_pprof_out_hndl                        
ffffffff  __TI_prof_data_size                        
ffffffff  __TI_prof_data_start                       
ffffffff  __binit__                                  
ffffffff  __c_args__                                 
ffffffff  binit                                      
UNDEFED   __mpu_init                                 
UNDEFED   _system_post_cinit                         

[51 symbols]
