******************************************************************************
                  TI ARM Linker PC v20.2.5                     
******************************************************************************
>> Linked Sat Nov 26 16:28:38 2022

OUTPUT FILE NAME:   <2104_Proj.out>
ENTRY POINT SYMBOL: "_c_int00_noargs"  address: 00003b49


MEMORY CONFIGURATION

         name            origin    length      used     unused   attr    fill
----------------------  --------  ---------  --------  --------  ----  --------
  MAIN                  00000000   00040000  00004210  0003bdf0  R  X
  INFO                  00200000   00004000  00000000  00004000  R  X
  SRAM_CODE             01000000   00010000  00000000  00010000  RW X
  SRAM_DATA             20000000   00010000  00000e60  0000f1a0  RW  


SEGMENT ALLOCATION MAP

run origin  load origin   length   init length attrs members
----------  ----------- ---------- ----------- ----- -------
00000000    00000000    00004210   00004210    r-x
  00000000    00000000    00000140   00000140    r-- .intvecs
  00000140    00000140    00003eac   00003eac    r-x .text
  00003fec    00003fec    00000144   00000144    r-- .const
  00004130    00004130    000000e0   000000e0    r-- .cinit
20000000    20000000    00000c60   00000000    rw-
  20000000    20000000    00000800   00000000    rw- .sysmem
  20000800    20000800    00000294   00000000    rw- .data
  20000a94    20000a94    000001cc   00000000    rw- .bss
2000fe00    2000fe00    00000200   00000000    rw-
  2000fe00    2000fe00    00000200   00000000    rw- .stack


SECTION ALLOCATION MAP

 output                                  attributes/
section   page    origin      length       input sections
--------  ----  ----------  ----------   ----------------
.intvecs   0    00000000    00000140     
                  00000000    00000140     startup_msp432p401r_ccs.obj (.intvecs:retain)

.text      0    00000140    00003eac     
                  00000140    00000a4e     rtsv7M4_T_le_v4SPD16_eabi.lib : _printfi.c.obj (.text:__TI_printfi)
                  00000b8e    00000002                                   : _lock.c.obj (.text:_nop)
                  00000b90    00000860     initMovement.obj (.text)
                  000013f0    00000328     system_msp432p401r.obj (.text)
                  00001718    00000270     rtsv7M4_T_le_v4SPD16_eabi.lib : _printfi.c.obj (.text:_pconv_a)
                  00001988    000001d0                                   : _printfi.c.obj (.text:_pconv_g)
                  00001b58    000001b6                                   : fd_add_t2.asm.obj (.text)
                  00001d0e    000001a0     msp432p4xx_driverlib.lib : pcm.o (.text:__PCM_setPowerStateAdvanced)
                  00001eae    00000002     rtsv7M4_T_le_v4SPD16_eabi.lib : div0.asm.obj (.text)
                  00001eb0    00000144     initSpeed.obj (.text)
                  00001ff4    0000013c     rtsv7M4_T_le_v4SPD16_eabi.lib : _printfi.c.obj (.text:_pconv_e)
                  00002130    00000136                                   : fd_div_t2.asm.obj (.text)
                  00002266    00000002     --HOLE-- [fill = 0]
                  00002268    00000124                                   : _printfi.c.obj (.text:fcvt)
                  0000238c    00000114                                   : fputs.c.obj (.text:fputs)
                  000024a0    00000110                                   : s_scalbn.c.obj (.text:scalbn)
                  000025b0    00000100                                   : memory.c.obj (.text:aligned_alloc)
                  000026b0    000000fc                                   : fd_mul_t2.asm.obj (.text)
                  000027ac    000000e4                                   : memory.c.obj (.text:free)
                  00002890    000000dc     msp432p4xx_driverlib.lib : pcm.o (.text:__PCM_setPowerModeAdvanced)
                  0000296c    000000dc     rtsv7M4_T_le_v4SPD16_eabi.lib : setvbuf.c.obj (.text:setvbuf)
                  00002a48    000000b2     msp432p4xx_driverlib.lib : timer_a.o (.text:privateTimer_AProcessClockSourceDivider)
                  00002afa    00000002     --HOLE-- [fill = 0]
                  00002afc    000000b1     rtsv7M4_T_le_v4SPD16_eabi.lib : _printfi.c.obj (.text:_ltostr)
                  00002bad    00000003     --HOLE-- [fill = 0]
                  00002bb0    000000b0     msp432p4xx_driverlib.lib : pcm.o (.text:__PCM_setCoreVoltageLevelAdvanced)
                  00002c60    0000009c     rtsv7M4_T_le_v4SPD16_eabi.lib : memcpy_t2.asm.obj (.text)
                  00002cfc    00000096                                   : ull_div_t2.asm.obj (.text)
                  00002d92    00000002     --HOLE-- [fill = 0]
                  00002d94    0000008c                                   : fputc.c.obj (.text:fputc)
                  00002e20    00000086                                   : fd_cmp_t2.asm.obj (.text:__aeabi_cdcmple)
                  00002ea6    00000086                                   : fd_cmp_t2.asm.obj (.text:__aeabi_cdrcmple)
                  00002f2c    0000007c     msp432p4xx_driverlib.lib : pcm.o (.text:PCM_gotoLPM3)
                  00002fa8    0000007a     rtsv7M4_T_le_v4SPD16_eabi.lib : memset_t2.asm.obj (.text)
                  00003022    00000002     --HOLE-- [fill = 0]
                  00003024    00000074                                   : fclose.c.obj (.text:__TI_closefile)
                  00003098    00000070                                   : memory.c.obj (.text:split)
                  00003108    0000006e                                   : _printfi.c.obj (.text:_mcpy)
                  00003176    00000002     --HOLE-- [fill = 0]
                  00003178    0000006c                                   : hostrename.c.obj (.text:HOSTrename)
                  000031e4    00000068                                   : hostlseek.c.obj (.text:HOSTlseek)
                  0000324c    00000068                                   : copy_decompress_lzss.c.obj (.text:decompress:lzss:__TI_decompress_lzss)
                  000032b4    00000068                                   : printf.c.obj (.text:printf)
                  0000331c    00000064     msp432p4xx_driverlib.lib : interrupt.o (.text:Interrupt_enableInterrupt)
                  00003380    00000064     rtsv7M4_T_le_v4SPD16_eabi.lib : s_frexp.c.obj (.text:frexp)
                  000033e4    00000064                                   : fseek.c.obj (.text:fseek)
                  00003448    00000062                                   : _io_perm.c.obj (.text:__TI_wrt_ok)
                  000034aa    00000002     --HOLE-- [fill = 0]
                  000034ac    00000060                                   : hostopen.c.obj (.text:HOSTopen)
                  0000350c    0000005c                                   : close.c.obj (.text:close)
                  00003568    00000058                                   : hostread.c.obj (.text:HOSTread)
                  000035c0    00000058                                   : hostwrite.c.obj (.text:HOSTwrite)
                  00003618    00000056                                   : _printfi.c.obj (.text:_pconv_f)
                  0000366e    00000054                                   : _ltoa.c.obj (.text:__TI_ltoa)
                  000036c2    00000052                                   : _printfi.c.obj (.text:_ecpy)
                  00003714    00000050     msp432p4xx_driverlib.lib : pcm.o (.text:PCM_shutdownDevice)
                  00003764    0000004c                              : gpio.o (.text:GPIO_setAsPeripheralModuleFunctionOutputPin)
                  000037b0    0000004c     rtsv7M4_T_le_v4SPD16_eabi.lib : fflush.c.obj (.text:__TI_doflush)
                  000037fc    0000004c                                   : atoi.c.obj (.text:atoi)
                  00003848    00000048     msp432p4xx_driverlib.lib : timer_a.o (.text:Timer_A_generatePWM)
                  00003890    00000048     rtsv7M4_T_le_v4SPD16_eabi.lib : exit.c.obj (.text:exit)
                  000038d8    00000048                                   : fd_toi_t2.asm.obj (.text)
                  00003920    00000044                                   : hostclose.c.obj (.text:HOSTclose)
                  00003964    00000044                                   : hostunlink.c.obj (.text:HOSTunlink)
                  000039a8    00000044                                   : autoinit.c.obj (.text:__TI_auto_init_nobinit_nopinit:__TI_auto_init_nobinit_nopinit)
                  000039ec    00000044                                   : getdevice.c.obj (.text:getdevice)
                  00003a30    0000003e                                   : _printfi.c.obj (.text:_fcpy)
                  00003a6e    00000002     --HOLE-- [fill = 0]
                  00003a70    00000038                                   : trgmsg.c.obj (.text:__TI_writemsg)
                  00003aa8    00000036                                   : strncpy.c.obj (.text:strncpy)
                  00003ade    00000002     --HOLE-- [fill = 0]
                  00003ae0    00000034                                   : fopen.c.obj (.text:__TI_cleanup)
                  00003b14    00000034                                   : trgmsg.c.obj (.text:__TI_readmsg)
                  00003b48    00000034                                   : boot_cortex_m.c.obj (.text:_c_int00_noargs:_c_int00_noargs)
                  00003b7c    00000030     msp432p4xx_driverlib.lib : gpio.o (.text:GPIO_getEnabledInterruptStatus)
                  00003bac    00000030                              : gpio.o (.text:GPIO_setAsInputPinWithPullUpResistor)
                  00003bdc    00000030     rtsv7M4_T_le_v4SPD16_eabi.lib : getdevice.c.obj (.text:finddevice)
                  00003c0c    0000002e                                   : i_tofd_t2.asm.obj (.text)
                  00003c3a    0000002c     msp432p4xx_driverlib.lib : pcm.o (.text:PCM_getCoreVoltageLevel)
                  00003c66    00000002     --HOLE-- [fill = 0]
                  00003c68    0000002c     rtsv7M4_T_le_v4SPD16_eabi.lib : unlink.c.obj (.text:unlink)
                  00003c94    0000002a     msp432p4xx_driverlib.lib : pcm.o (.text:PCM_getPowerMode)
                  00003cbe    00000002     --HOLE-- [fill = 0]
                  00003cc0    00000028                              : pcm.o (.text:PCM_gotoLPM0)
                  00003ce8    00000028     rtsv7M4_T_le_v4SPD16_eabi.lib : memory.c.obj (.text:free_list_insert)
                  00003d10    00000028                                   : lseek.c.obj (.text:lseek)
                  00003d38    00000028     main.obj (.text)
                  00003d60    00000028     rtsv7M4_T_le_v4SPD16_eabi.lib : write.c.obj (.text:write)
                  00003d88    00000024     msp432p4xx_driverlib.lib : gpio.o (.text:GPIO_setAsOutputPin)
                  00003dac    00000024                              : rtc_c.o (.text:RTC_C_holdClock)
                  00003dd0    00000020     rtsv7M4_T_le_v4SPD16_eabi.lib : memchr.c.obj (.text:memchr)
                  00003df0    0000001c                                   : copy_zero_init.c.obj (.text:decompress:ZI:__TI_zero_init_nomemset:__TI_zero_init_nomemset)
                  00003e0c    0000001c                                   : memory.c.obj (.text:free_list_remove)
                  00003e28    0000001c                                   : memccpy.c.obj (.text:memccpy)
                  00003e44    0000001a                                   : s_copysign.c.obj (.text:copysign)
                  00003e5e    00000002     --HOLE-- [fill = 0]
                  00003e60    00000018     msp432p4xx_driverlib.lib : gpio.o (.text:GPIO_clearInterruptFlag)
                  00003e78    00000018                              : gpio.o (.text:GPIO_setOutputLowOnPin)
                  00003e90    00000018                              : wdt_a.o (.text:WDT_A_holdTimer)
                  00003ea8    00000018     rtsv7M4_T_le_v4SPD16_eabi.lib : strcmp.c.obj (.text:strcmp)
                  00003ec0    00000016                                   : strchr.c.obj (.text:strchr)
                  00003ed6    00000002     --HOLE-- [fill = 0]
                  00003ed8    00000014     msp432p4xx_driverlib.lib : gpio.o (.text:GPIO_enableInterrupt)
                  00003eec    00000014                              : gpio.o (.text:GPIO_setOutputHighOnPin)
                  00003f00    00000014                              : gpio.o (.text:GPIO_toggleOutputOnPin)
                  00003f14    00000014     rtsv7M4_T_le_v4SPD16_eabi.lib : strcpy.c.obj (.text:strcpy)
                  00003f28    00000014                                   : strlen.c.obj (.text:strlen)
                  00003f3c    00000012     startup_msp432p401r_ccs.obj (.text)
                  00003f4e    00000012     rtsv7M4_T_le_v4SPD16_eabi.lib : wcslen.c.obj (.text:wcslen)
                  00003f60    00000010     msp432p4xx_driverlib.lib : gpio.o (.text:GPIO_getInterruptStatus)
                  00003f70    00000010                              : interrupt.o (.text:Interrupt_enableMaster)
                  00003f80    00000010                              : pcm.o (.text:PCM_gotoLPM4)
                  00003f90    0000000e     rtsv7M4_T_le_v4SPD16_eabi.lib : copy_decompress_none.c.obj (.text:decompress:none:__TI_decompress_none)
                  00003f9e    0000000c     msp432p4xx_driverlib.lib : cpu.o (.text:CPU_cpsie)
                  00003faa    00000002     --HOLE-- [fill = 0]
                  00003fac    0000000c                              : pcm.o (.text:PCM_getPowerState)
                  00003fb8    00000008                              : pcm.o (.text:PCM_setPowerMode)
                  00003fc0    00000008                              : pcm.o (.text:PCM_setPowerState)
                  00003fc8    00000008     rtsv7M4_T_le_v4SPD16_eabi.lib : errno.c.obj (.text:__aeabi_errno_addr)
                  00003fd0    00000008                                   : memory.c.obj (.text:malloc)
                  00003fd8    00000004     msp432p4xx_driverlib.lib : cpu.o (.text:CPU_wfi)
                  00003fdc    00000004     rtsv7M4_T_le_v4SPD16_eabi.lib : printf.c.obj (.text:_outc)
                  00003fe0    00000004                                   : printf.c.obj (.text:_outs)
                  00003fe4    00000004                                   : pre_init.c.obj (.text:_system_pre_init)
                  00003fe8    00000004                                   : exit.c.obj (.text:abort:abort)

.const     0    00003fec    00000144     
                  00003fec    00000101     rtsv7M4_T_le_v4SPD16_eabi.lib : ctype.c.obj (.const:.string:_ctypes_)
                  000040ed    00000003     --HOLE-- [fill = 0]
                  000040f0    00000040     msp432p4xx_driverlib.lib : interrupt.o (.const)

.cinit     0    00004130    000000e0     
                  00004130    000000ba     (.cinit..data.load) [load image, compression = lzss]
                  000041ea    00000002     --HOLE-- [fill = 0]
                  000041ec    0000000c     (__TI_handler_table)
                  000041f8    00000008     (.cinit..bss.load) [load image, compression = zero_init]
                  00004200    00000010     (__TI_cinit_table)

.init_array 
*          0    00000000    00000000     UNINITIALIZED

.sysmem    0    20000000    00000800     UNINITIALIZED
                  20000000    00000010     rtsv7M4_T_le_v4SPD16_eabi.lib : memory.c.obj (.sysmem)
                  20000010    000007f0     --HOLE--

.data      0    20000800    00000294     UNINITIALIZED
                  20000800    000000f0     rtsv7M4_T_le_v4SPD16_eabi.lib : defs.c.obj (.data:_ftable)
                  200008f0    00000078                                   : host_device.c.obj (.data:_device)
                  20000968    00000050                                   : host_device.c.obj (.data:_stream)
                  200009b8    00000048     main.obj (.data)
                  20000a00    00000030     msp432p4xx_driverlib.lib : gpio.o (.data:GPIO_PORT_TO_BASE)
                  20000a30    00000018     initMovement.obj (.data:pwmConfig2)
                  20000a48    00000018     initMovement.obj (.data:pwmConfig)
                  20000a60    00000010     rtsv7M4_T_le_v4SPD16_eabi.lib : defs.c.obj (.data)
                  20000a70    0000000c                                   : exit.c.obj (.data:$O1$$)
                  20000a7c    00000008                                   : _lock.c.obj (.data:$O1$$)
                  20000a84    00000008                                   : memory.c.obj (.data:$O1$$)
                  20000a8c    00000004                                   : errno.c.obj (.data)
                  20000a90    00000004     system_msp432p401r.obj (.data)

.bss       0    20000a94    000001cc     UNINITIALIZED
                  20000a94    00000120     rtsv7M4_T_le_v4SPD16_eabi.lib : trgmsg.c.obj (.bss:_CIOBUF_)
                  20000bb4    000000a0     (.common:__TI_tmpnams)
                  20000c54    00000008     (.common:parmbuf)
                  20000c5c    00000004     (.common:pulseCountTrigger)

.stack     0    2000fe00    00000200     UNINITIALIZED
                  2000fe00    00000004     rtsv7M4_T_le_v4SPD16_eabi.lib : boot_cortex_m.c.obj (.stack)
                  2000fe04    000001fc     --HOLE--

__llvm_prf_cnts 
*          0    20000000    00000000     UNINITIALIZED

MODULE SUMMARY

       Module                        code    ro data   rw data
       ------                        ----    -------   -------
    .\
       system_msp432p401r.obj        808     0         4      
       startup_msp432p401r_ccs.obj   18      320       0      
       main.obj                      40      0         76     
    +--+-----------------------------+-------+---------+---------+
       Total:                        866     320       80     
                                                              
    .\Init\
       initMovement.obj              2144    0         48     
       initSpeed.obj                 324     0         0      
    +--+-----------------------------+-------+---------+---------+
       Total:                        2468    0         48     
                                                              
    C:/Users/Eng Li Hao/Downloads/msp432_driverlib_3_21_00_05/driverlib/MSP432P4xx/ccs/msp432p4xx_driverlib.lib
       pcm.o                         1186    0         0      
       gpio.o                        332     0         48     
       timer_a.o                     250     0         0      
       interrupt.o                   116     64        0      
       rtc_c.o                       36      0         0      
       wdt_a.o                       24      0         0      
       cpu.o                         16      0         0      
    +--+-----------------------------+-------+---------+---------+
       Total:                        1960    64        48     
                                                              
    C:\ti\ccs1040\ccs\tools\compiler\ti-cgt-arm_20.2.5.LTS\lib\rtsv7M4_T_le_v4SPD16_eabi.lib
       _printfi.c.obj                4851    0         0      
       memory.c.obj                  672     0         8      
       fd_add_t2.asm.obj             438     0         0      
       defs.c.obj                    0       0         416    
       trgmsg.c.obj                  108     0         288    
       fd_div_t2.asm.obj             310     0         0      
       fputs.c.obj                   276     0         0      
       s_scalbn.c.obj                272     0         0      
       fd_cmp_t2.asm.obj             268     0         0      
       ctype.c.obj                   0       257       0      
       fd_mul_t2.asm.obj             252     0         0      
       setvbuf.c.obj                 220     0         0      
       host_device.c.obj             0       0         200    
       memcpy_t2.asm.obj             156     0         0      
       ull_div_t2.asm.obj            150     0         0      
       fputc.c.obj                   140     0         0      
       memset_t2.asm.obj             122     0         0      
       fclose.c.obj                  116     0         0      
       getdevice.c.obj               116     0         0      
       printf.c.obj                  112     0         0      
       hostrename.c.obj              108     0         0      
       copy_decompress_lzss.c.obj    104     0         0      
       hostlseek.c.obj               104     0         0      
       hostopen.c.obj                96      0         8      
       fseek.c.obj                   100     0         0      
       s_frexp.c.obj                 100     0         0      
       _io_perm.c.obj                98      0         0      
       close.c.obj                   92      0         0      
       exit.c.obj                    76      0         12     
       hostread.c.obj                88      0         0      
       hostwrite.c.obj               88      0         0      
       _ltoa.c.obj                   84      0         0      
       atoi.c.obj                    76      0         0      
       fflush.c.obj                  76      0         0      
       fd_toi_t2.asm.obj             72      0         0      
       autoinit.c.obj                68      0         0      
       hostclose.c.obj               68      0         0      
       hostunlink.c.obj              68      0         0      
       strncpy.c.obj                 54      0         0      
       boot_cortex_m.c.obj           52      0         0      
       fopen.c.obj                   52      0         0      
       i_tofd_t2.asm.obj             46      0         0      
       unlink.c.obj                  44      0         0      
       lseek.c.obj                   40      0         0      
       write.c.obj                   40      0         0      
       memchr.c.obj                  32      0         0      
       copy_zero_init.c.obj          28      0         0      
       memccpy.c.obj                 28      0         0      
       s_copysign.c.obj              26      0         0      
       strcmp.c.obj                  24      0         0      
       strchr.c.obj                  22      0         0      
       strcpy.c.obj                  20      0         0      
       strlen.c.obj                  20      0         0      
       wcslen.c.obj                  18      0         0      
       copy_decompress_none.c.obj    14      0         0      
       errno.c.obj                   8       0         4      
       _lock.c.obj                   2       0         8      
       pre_init.c.obj                4       0         0      
       div0.asm.obj                  2       0         0      
    +--+-----------------------------+-------+---------+---------+
       Total:                        10721   257       944    
                                                              
       Heap:                         0       0         2048   
       Stack:                        0       0         512    
       Linker Generated:             0       222       0      
    +--+-----------------------------+-------+---------+---------+
       Grand Total:                  16015   863       3680   


LINKER GENERATED COPY TABLES

__TI_cinit_table @ 00004200 records: 2, size/record: 8, table size: 16
	.data: load addr=00004130, load size=000000ba bytes, run addr=20000800, run size=00000294 bytes, compression=lzss
	.bss: load addr=000041f8, load size=00000008 bytes, run addr=20000a94, run size=000001cc bytes, compression=zero_init


LINKER GENERATED HANDLER TABLE

__TI_handler_table @ 000041ec records: 3, size/record: 4, table size: 12
	index: 0, handler: __TI_decompress_lzss
	index: 1, handler: __TI_decompress_none
	index: 2, handler: __TI_zero_init


GLOBAL SYMBOLS: SORTED ALPHABETICALLY BY Name 

address   name                                       
-------   ----                                       
00003fe9  C$$EXIT                                    
00003a9f  C$$IO$$                                    
00003f9f  CPU_cpsie                                  
00003fd9  CPU_wfi                                    
00001035  CarPID                                     
00003e61  GPIO_clearInterruptFlag                    
00003ed9  GPIO_enableInterrupt                       
00003b7d  GPIO_getEnabledInterruptStatus             
00003f61  GPIO_getInterruptStatus                    
00003bad  GPIO_setAsInputPinWithPullUpResistor       
00003d89  GPIO_setAsOutputPin                        
00003765  GPIO_setAsPeripheralModuleFunctionOutputPin
00003eed  GPIO_setOutputHighOnPin                    
00003e79  GPIO_setOutputLowOnPin                     
00003f01  GPIO_toggleOutputOnPin                     
00003921  HOSTclose                                  
000031e5  HOSTlseek                                  
000034ad  HOSTopen                                   
00003569  HOSTread                                   
00003179  HOSTrename                                 
00003965  HOSTunlink                                 
000035c1  HOSTwrite                                  
0000331d  Interrupt_enableInterrupt                  
00003f71  Interrupt_enableMaster                     
00003c3b  PCM_getCoreVoltageLevel                    
00003c95  PCM_getPowerMode                           
00003fad  PCM_getPowerState                          
00003cc1  PCM_gotoLPM0                               
00002f2d  PCM_gotoLPM3                               
00003f81  PCM_gotoLPM4                               
00003fb9  PCM_setPowerMode                           
00003fc1  PCM_setPowerState                          
00003715  PCM_shutdownDevice                         
00001f5d  PORT4_IRQHandler                           
00001ef7  PORT6_IRQHandler                           
200009f8  PWML                                       
200009fc  PWMR                                       
00003dad  RTC_C_holdClock                            
20000a90  SystemCoreClock                            
000013f1  SystemCoreClockUpdate                      
00001665  SystemInit                                 
00003849  Timer_A_generatePWM                        
4000480c  WDTCTL_SYM                                 
00003e91  WDT_A_holdTimer                            
20000a94  __CIOBUF_                                  
20010000  __STACK_END                                
00000200  __STACK_SIZE                               
00000800  __SYSMEM_SIZE                              
00004200  __TI_CINIT_Base                            
00004210  __TI_CINIT_Limit                           
000041ec  __TI_Handler_Table_Base                    
000041f8  __TI_Handler_Table_Limit                   
000039a9  __TI_auto_init_nobinit_nopinit             
00003ae1  __TI_cleanup                               
20000a70  __TI_cleanup_ptr                           
00003025  __TI_closefile                             
0000324d  __TI_decompress_lzss                       
00003f91  __TI_decompress_none                       
000037b1  __TI_doflush                               
20000a74  __TI_dtors_ptr                             
20000a78  __TI_enable_exit_profile_output            
20000a60  __TI_ft_end                                
0000366f  __TI_ltoa                                  
ffffffff  __TI_pprof_out_hndl                        
00000141  __TI_printfi                               
ffffffff  __TI_prof_data_size                        
ffffffff  __TI_prof_data_start                       
00003b15  __TI_readmsg                               
00000000  __TI_static_base__                         
20000bb4  __TI_tmpnams                               
00003a71  __TI_writemsg                              
00003449  __TI_wrt_ok                                
00003df1  __TI_zero_init_nomemset                    
00002e21  __aeabi_cdcmpeq                            
00002e21  __aeabi_cdcmple                            
00002ea7  __aeabi_cdrcmple                           
000038d9  __aeabi_d2iz                               
00001b63  __aeabi_dadd                               
00002131  __aeabi_ddiv                               
000026b1  __aeabi_dmul                               
00001b59  __aeabi_dsub                               
00003fc9  __aeabi_errno_addr                         
00003c0d  __aeabi_i2d                                
00001eaf  __aeabi_idiv0                              
00001eaf  __aeabi_ldiv0                              
00002fa9  __aeabi_memclr                             
00002fa9  __aeabi_memclr4                            
00002fa9  __aeabi_memclr8                            
00002c61  __aeabi_memcpy                             
00002c61  __aeabi_memcpy4                            
00002c61  __aeabi_memcpy8                            
00002fab  __aeabi_memset                             
00002fab  __aeabi_memset4                            
00002fab  __aeabi_memset8                            
20000a6c  __aeabi_stderr                             
20000a64  __aeabi_stdin                              
20000a68  __aeabi_stdout                             
00002cfd  __aeabi_uldivmod                           
ffffffff  __binit__                                  
ffffffff  __c_args__                                 
UNDEFED   __mpu_init                                 
2000fe00  __stack                                    
20000000  __start___llvm_prf_cnts                    
20000000  __stop___llvm_prf_cnts                     
00003b49  _c_int00_noargs                            
00003fec  _ctypes_                                   
200008f0  _device                                    
20000800  _ftable                                    
20000a7c  _lock                                      
00000b8f  _nop                                       
20000968  _stream                                    
20000000  _sys_memory                                
UNDEFED   _system_post_cinit                         
00003fe5  _system_pre_init                           
20000a80  _unlock                                    
00003fe9  abort                                      
000025b1  aligned_alloc                              
000037fd  atoi                                       
ffffffff  binit                                      
0000350d  close                                      
00003e45  copysign                                   
00003e45  copysignl                                  
200009c0  distanceL                                  
200009c4  distanceR                                  
20000a8c  errno                                      
00003891  exit                                       
00003bdd  finddevice                                 
00002d95  fputc                                      
0000238d  fputs                                      
000027ad  free                                       
00003381  frexp                                      
00003381  frexpl                                     
000033e5  fseek                                      
000039ed  getdevice                                  
00000b91  initMotor                                  
00001eb1  initSpeed                                  
00000000  interruptVectors                           
200009e0  lastErrorLeft                              
200009e4  lastErrorRight                             
000024a1  ldexp                                      
000024a1  ldexpl                                     
200009f0  leftPIDOutput                              
00003d11  lseek                                      
00003d39  main                                       
00003fd1  malloc                                     
000025b1  memalign                                   
00003e29  memccpy                                    
00003dd1  memchr                                     
00002c61  memcpy                                     
00002fb1  memset                                     
200009d8  minDist                                    
00000c95  moveCar                                    
20000c54  parmbuf                                    
000032b5  printf                                     
200009b8  pulseCountL                                
200009bc  pulseCountR                                
20000c5c  pulseCountTrigger                          
00002d95  putc                                       
20000a48  pwmConfig                                  
20000a30  pwmConfig2                                 
00003c69  remove                                     
200009f4  rightPIDOutput                             
000024a1  scalbn                                     
000024a1  scalbnl                                    
0000296d  setvbuf                                    
200009d0  speedL                                     
200009d4  speedR                                     
200009c8  start_pulse                                
200009cc  stop                                       
00000c4b  stopCar                                    
00003ec1  strchr                                     
00003ea9  strcmp                                     
00003f15  strcpy                                     
00003f29  strlen                                     
00003aa9  strncpy                                    
200009e8  totalErrorLeft                             
200009ec  totalErrorRight                            
00000d23  turnLeft                                   
00000eed  turnLeft45                                 
00000dbd  turnRight                                  
00000e5d  turnRight45                                
200009dc  turning                                    
00003c69  unlink                                     
00003f4f  wcslen                                     
00003d61  write                                      


GLOBAL SYMBOLS: SORTED BY Symbol Address 

address   name                                       
-------   ----                                       
00000000  __TI_static_base__                         
00000000  interruptVectors                           
00000141  __TI_printfi                               
00000200  __STACK_SIZE                               
00000800  __SYSMEM_SIZE                              
00000b8f  _nop                                       
00000b91  initMotor                                  
00000c4b  stopCar                                    
00000c95  moveCar                                    
00000d23  turnLeft                                   
00000dbd  turnRight                                  
00000e5d  turnRight45                                
00000eed  turnLeft45                                 
00001035  CarPID                                     
000013f1  SystemCoreClockUpdate                      
00001665  SystemInit                                 
00001b59  __aeabi_dsub                               
00001b63  __aeabi_dadd                               
00001eaf  __aeabi_idiv0                              
00001eaf  __aeabi_ldiv0                              
00001eb1  initSpeed                                  
00001ef7  PORT6_IRQHandler                           
00001f5d  PORT4_IRQHandler                           
00002131  __aeabi_ddiv                               
0000238d  fputs                                      
000024a1  ldexp                                      
000024a1  ldexpl                                     
000024a1  scalbn                                     
000024a1  scalbnl                                    
000025b1  aligned_alloc                              
000025b1  memalign                                   
000026b1  __aeabi_dmul                               
000027ad  free                                       
0000296d  setvbuf                                    
00002c61  __aeabi_memcpy                             
00002c61  __aeabi_memcpy4                            
00002c61  __aeabi_memcpy8                            
00002c61  memcpy                                     
00002cfd  __aeabi_uldivmod                           
00002d95  fputc                                      
00002d95  putc                                       
00002e21  __aeabi_cdcmpeq                            
00002e21  __aeabi_cdcmple                            
00002ea7  __aeabi_cdrcmple                           
00002f2d  PCM_gotoLPM3                               
00002fa9  __aeabi_memclr                             
00002fa9  __aeabi_memclr4                            
00002fa9  __aeabi_memclr8                            
00002fab  __aeabi_memset                             
00002fab  __aeabi_memset4                            
00002fab  __aeabi_memset8                            
00002fb1  memset                                     
00003025  __TI_closefile                             
00003179  HOSTrename                                 
000031e5  HOSTlseek                                  
0000324d  __TI_decompress_lzss                       
000032b5  printf                                     
0000331d  Interrupt_enableInterrupt                  
00003381  frexp                                      
00003381  frexpl                                     
000033e5  fseek                                      
00003449  __TI_wrt_ok                                
000034ad  HOSTopen                                   
0000350d  close                                      
00003569  HOSTread                                   
000035c1  HOSTwrite                                  
0000366f  __TI_ltoa                                  
00003715  PCM_shutdownDevice                         
00003765  GPIO_setAsPeripheralModuleFunctionOutputPin
000037b1  __TI_doflush                               
000037fd  atoi                                       
00003849  Timer_A_generatePWM                        
00003891  exit                                       
000038d9  __aeabi_d2iz                               
00003921  HOSTclose                                  
00003965  HOSTunlink                                 
000039a9  __TI_auto_init_nobinit_nopinit             
000039ed  getdevice                                  
00003a71  __TI_writemsg                              
00003a9f  C$$IO$$                                    
00003aa9  strncpy                                    
00003ae1  __TI_cleanup                               
00003b15  __TI_readmsg                               
00003b49  _c_int00_noargs                            
00003b7d  GPIO_getEnabledInterruptStatus             
00003bad  GPIO_setAsInputPinWithPullUpResistor       
00003bdd  finddevice                                 
00003c0d  __aeabi_i2d                                
00003c3b  PCM_getCoreVoltageLevel                    
00003c69  remove                                     
00003c69  unlink                                     
00003c95  PCM_getPowerMode                           
00003cc1  PCM_gotoLPM0                               
00003d11  lseek                                      
00003d39  main                                       
00003d61  write                                      
00003d89  GPIO_setAsOutputPin                        
00003dad  RTC_C_holdClock                            
00003dd1  memchr                                     
00003df1  __TI_zero_init_nomemset                    
00003e29  memccpy                                    
00003e45  copysign                                   
00003e45  copysignl                                  
00003e61  GPIO_clearInterruptFlag                    
00003e79  GPIO_setOutputLowOnPin                     
00003e91  WDT_A_holdTimer                            
00003ea9  strcmp                                     
00003ec1  strchr                                     
00003ed9  GPIO_enableInterrupt                       
00003eed  GPIO_setOutputHighOnPin                    
00003f01  GPIO_toggleOutputOnPin                     
00003f15  strcpy                                     
00003f29  strlen                                     
00003f4f  wcslen                                     
00003f61  GPIO_getInterruptStatus                    
00003f71  Interrupt_enableMaster                     
00003f81  PCM_gotoLPM4                               
00003f91  __TI_decompress_none                       
00003f9f  CPU_cpsie                                  
00003fad  PCM_getPowerState                          
00003fb9  PCM_setPowerMode                           
00003fc1  PCM_setPowerState                          
00003fc9  __aeabi_errno_addr                         
00003fd1  malloc                                     
00003fd9  CPU_wfi                                    
00003fe5  _system_pre_init                           
00003fe9  C$$EXIT                                    
00003fe9  abort                                      
00003fec  _ctypes_                                   
000041ec  __TI_Handler_Table_Base                    
000041f8  __TI_Handler_Table_Limit                   
00004200  __TI_CINIT_Base                            
00004210  __TI_CINIT_Limit                           
20000000  __start___llvm_prf_cnts                    
20000000  __stop___llvm_prf_cnts                     
20000000  _sys_memory                                
20000800  _ftable                                    
200008f0  _device                                    
20000968  _stream                                    
200009b8  pulseCountL                                
200009bc  pulseCountR                                
200009c0  distanceL                                  
200009c4  distanceR                                  
200009c8  start_pulse                                
200009cc  stop                                       
200009d0  speedL                                     
200009d4  speedR                                     
200009d8  minDist                                    
200009dc  turning                                    
200009e0  lastErrorLeft                              
200009e4  lastErrorRight                             
200009e8  totalErrorLeft                             
200009ec  totalErrorRight                            
200009f0  leftPIDOutput                              
200009f4  rightPIDOutput                             
200009f8  PWML                                       
200009fc  PWMR                                       
20000a30  pwmConfig2                                 
20000a48  pwmConfig                                  
20000a60  __TI_ft_end                                
20000a64  __aeabi_stdin                              
20000a68  __aeabi_stdout                             
20000a6c  __aeabi_stderr                             
20000a70  __TI_cleanup_ptr                           
20000a74  __TI_dtors_ptr                             
20000a78  __TI_enable_exit_profile_output            
20000a7c  _lock                                      
20000a80  _unlock                                    
20000a8c  errno                                      
20000a90  SystemCoreClock                            
20000a94  __CIOBUF_                                  
20000bb4  __TI_tmpnams                               
20000c54  parmbuf                                    
20000c5c  pulseCountTrigger                          
2000fe00  __stack                                    
20010000  __STACK_END                                
4000480c  WDTCTL_SYM                                 
ffffffff  __TI_pprof_out_hndl                        
ffffffff  __TI_prof_data_size                        
ffffffff  __TI_prof_data_start                       
ffffffff  __binit__                                  
ffffffff  __c_args__                                 
ffffffff  binit                                      
UNDEFED   __mpu_init                                 
UNDEFED   _system_post_cinit                         

[185 symbols]
