******************************************************************************
                  TI ARM Linker PC v18.12.4                    
******************************************************************************
>> Linked Sun Oct  9 17:29:04 2022

OUTPUT FILE NAME:   <DefaultProjectTemplate.out>
ENTRY POINT SYMBOL: "_c_int00_noargs"  address: 00000b1d


MEMORY CONFIGURATION

         name            origin    length      used     unused   attr    fill
----------------------  --------  ---------  --------  --------  ----  --------
  MAIN                  00000000   00040000  00000d76  0003f28a  R  X
  INFO                  00200000   00004000  00000000  00004000  R  X
  SRAM_CODE             01000000   00010000  00000000  00010000  RW X
  SRAM_DATA             20000000   00010000  00000240  0000fdc0  RW  


SEGMENT ALLOCATION MAP

run origin  load origin   length   init length attrs members
----------  ----------- ---------- ----------- ----- -------
00000000    00000000    00000d78   00000d78    r-x
  00000000    00000000    00000140   00000140    r-- .intvecs
  00000140    00000140    00000b86   00000b86    r-x .text
  00000cc8    00000cc8    00000058   00000058    r-- .const
  00000d20    00000d20    00000058   00000058    r-- .cinit
20000000    20000000    00000040   00000000    rw-
  20000000    20000000    00000034   00000000    rw- .data
  20000034    20000034    0000000c   00000000    rw- .bss
2000fe00    2000fe00    00000200   00000000    rw-
  2000fe00    2000fe00    00000200   00000000    rw- .stack


SECTION ALLOCATION MAP

 output                                  attributes/
section   page    origin      length       input sections
--------  ----  ----------  ----------   ----------------
.intvecs   0    00000000    00000140     
                  00000000    00000140     startup_msp432p401r_ccs.obj (.intvecs:retain)

.text      0    00000140    00000b86     
                  00000140    00000328     system_msp432p401r.obj (.text)
                  00000468    0000018c     LAB4_Timer.obj (.text)
                  000005f4    00000104     msp432p4xx_driverlib.lib : cs.o (.text:CS_getDCOFrequency)
                  000006f8    000000b2                              : timer_a.o (.text:privateTimer_AProcessClockSourceDivider)
                  000007aa    00000002     --HOLE-- [fill = 0]
                  000007ac    0000009c                              : cs.o (.text:_CSComputeCLKFrequency)
                  00000848    0000009c     rtsv7M4_T_le_v4SPD16_eabi.lib : memcpy_t2.asm.obj (.text)
                  000008e4    00000068                                   : copy_decompress_lzss.c.obj (.text:decompress:lzss:__TI_decompress_lzss)
                  0000094c    00000064     msp432p4xx_driverlib.lib : interrupt.o (.text:Interrupt_enableInterrupt)
                  000009b0    00000050                              : sysctl.o (.text:SysCtl_getTLVInfo)
                  00000a00    0000004c                              : cs.o (.text:_CSGetDOCFrequency)
                  00000a4c    00000048                              : cs.o (.text:_CSGetDividerValue)
                  00000a94    00000044                              : timer_a.o (.text:Timer_A_configureUpMode)
                  00000ad8    00000044     rtsv7M4_T_le_v4SPD16_eabi.lib : autoinit.c.obj (.text:__TI_auto_init_nobinit_nopinit:__TI_auto_init_nobinit_nopinit)
                  00000b1c    00000034                                   : boot_cortex_m.c.obj (.text:_c_int00_noargs:_c_int00_noargs)
                  00000b50    00000030     msp432p4xx_driverlib.lib : gpio.o (.text:GPIO_setAsInputPinWithPullDownResistor)
                  00000b80    00000024                              : cs.o (.text:CS_clearInterruptFlag)
                  00000ba4    00000024                              : gpio.o (.text:GPIO_setAsOutputPin)
                  00000bc8    0000001c                              : timer_a.o (.text:Timer_A_getCounterValue)
                  00000be4    0000001c     rtsv7M4_T_le_v4SPD16_eabi.lib : copy_zero_init.c.obj (.text:decompress:ZI:__TI_zero_init_nomemset:__TI_zero_init_nomemset)
                  00000c00    0000001a     msp432p4xx_driverlib.lib : timer_a.o (.text:Timer_A_clearCaptureCompareInterrupt)
                  00000c1a    00000002     --HOLE-- [fill = 0]
                  00000c1c    00000018                              : cs.o (.text:CS_getSMCLK)
                  00000c34    00000018                              : gpio.o (.text:GPIO_getInputPinValue)
                  00000c4c    00000018                              : gpio.o (.text:GPIO_setOutputLowOnPin)
                  00000c64    00000014                              : gpio.o (.text:GPIO_setOutputHighOnPin)
                  00000c78    00000012     startup_msp432p401r_ccs.obj (.text)
                  00000c8a    00000002     --HOLE-- [fill = 0]
                  00000c8c    00000010     msp432p4xx_driverlib.lib : timer_a.o (.text:Timer_A_clearTimer)
                  00000c9c    0000000e     rtsv7M4_T_le_v4SPD16_eabi.lib : copy_decompress_none.c.obj (.text:decompress:none:__TI_decompress_none)
                  00000caa    0000000c     msp432p4xx_driverlib.lib : timer_a.o (.text:Timer_A_stopTimer)
                  00000cb6    00000008                              : timer_a.o (.text:Timer_A_startCounter)
                  00000cbe    00000004     rtsv7M4_T_le_v4SPD16_eabi.lib : pre_init.c.obj (.text:_system_pre_init)
                  00000cc2    00000004                                   : exit.c.obj (.text:abort:abort)

.const     0    00000cc8    00000058     
                  00000cc8    00000040     msp432p4xx_driverlib.lib : interrupt.o (.const)
                  00000d08    00000018     LAB4_Timer.obj (.const:$P$T0$1)

.cinit     0    00000d20    00000058     
                  00000d20    0000002f     (.cinit..data.load) [load image, compression = lzss]
                  00000d4f    00000001     --HOLE-- [fill = 0]
                  00000d50    0000000c     (__TI_handler_table)
                  00000d5c    00000004     --HOLE-- [fill = 0]
                  00000d60    00000008     (.cinit..bss.load) [load image, compression = zero_init]
                  00000d68    00000010     (__TI_cinit_table)

.init_array 
*          0    00000000    00000000     UNINITIALIZED

.data      0    20000000    00000034     UNINITIALIZED
                  20000000    00000030     msp432p4xx_driverlib.lib : gpio.o (.data:GPIO_PORT_TO_BASE)
                  20000030    00000004     system_msp432p401r.obj (.data)

.bss       0    20000034    0000000c     UNINITIALIZED
                  20000034    00000004     (.common:SR04IntTimes)
                  20000038    00000004     (.common:hfxtFreq)
                  2000003c    00000004     (.common:lfxtFreq)

.stack     0    2000fe00    00000200     UNINITIALIZED
                  2000fe00    00000004     rtsv7M4_T_le_v4SPD16_eabi.lib : boot_cortex_m.c.obj (.stack)
                  2000fe04    000001fc     --HOLE--

MODULE SUMMARY

       Module                        code   ro data   rw data
       ------                        ----   -------   -------
    .\
       system_msp432p401r.obj        808    0         4      
       LAB4_Timer.obj                396    24        4      
       startup_msp432p401r_ccs.obj   18     320       0      
    +--+-----------------------------+------+---------+---------+
       Total:                        1222   344       8      
                                                             
    C:/Users/Donovan/Downloads/msp432_driverlib_3_21_00_05/driverlib/MSP432P4xx/ccs/msp432p4xx_driverlib.lib
       cs.o                          624    0         8      
       timer_a.o                     336    0         0      
       gpio.o                        152    0         48     
       interrupt.o                   100    64        0      
       sysctl.o                      80     0         0      
    +--+-----------------------------+------+---------+---------+
       Total:                        1292   64        56     
                                                             
    C:\ti\ccs930\ccs\tools\compiler\ti-cgt-arm_18.12.4.LTS\lib\rtsv7M4_T_le_v4SPD16_eabi.lib
       memcpy_t2.asm.obj             156    0         0      
       copy_decompress_lzss.c.obj    104    0         0      
       autoinit.c.obj                68     0         0      
       boot_cortex_m.c.obj           52     0         0      
       copy_zero_init.c.obj          28     0         0      
       copy_decompress_none.c.obj    14     0         0      
       exit.c.obj                    4      0         0      
       pre_init.c.obj                4      0         0      
    +--+-----------------------------+------+---------+---------+
       Total:                        430    0         0      
                                                             
       Stack:                        0      0         512    
       Linker Generated:             0      83        0      
    +--+-----------------------------+------+---------+---------+
       Grand Total:                  2944   491       576    


LINKER GENERATED COPY TABLES

__TI_cinit_table @ 00000d68 records: 2, size/record: 8, table size: 16
	.data: load addr=00000d20, load size=0000002f bytes, run addr=20000000, run size=00000034 bytes, compression=lzss
	.bss: load addr=00000d60, load size=00000008 bytes, run addr=20000034, run size=0000000c bytes, compression=zero_init


LINKER GENERATED HANDLER TABLE

__TI_handler_table @ 00000d50 records: 3, size/record: 4, table size: 12
	index: 0, handler: __TI_decompress_lzss
	index: 1, handler: __TI_decompress_none
	index: 2, handler: __TI_zero_init


GLOBAL SYMBOLS: SORTED ALPHABETICALLY BY Name 

address   name                                  
-------   ----                                  
00000cc3  C$$EXIT                               
00000b81  CS_clearInterruptFlag                 
000005f5  CS_getDCOFrequency                    
00000c1d  CS_getSMCLK                           
00000c35  GPIO_getInputPinValue                 
00000b51  GPIO_setAsInputPinWithPullDownResistor
00000ba5  GPIO_setAsOutputPin                   
00000c65  GPIO_setOutputHighOnPin               
00000c4d  GPIO_setOutputLowOnPin                
0000048d  Initalise_HCSR04                      
0000094d  Interrupt_enableInterrupt             
20000034  SR04IntTimes                          
000009b1  SysCtl_getTLVInfo                     
20000030  SystemCoreClock                       
00000141  SystemCoreClockUpdate                 
000003b5  SystemInit                            
000004db  TA0_0_IRQHandler                      
00000c01  Timer_A_clearCaptureCompareInterrupt  
00000c8d  Timer_A_clearTimer                    
00000a95  Timer_A_configureUpMode               
00000bc9  Timer_A_getCounterValue               
00000cb7  Timer_A_startCounter                  
00000cab  Timer_A_stopTimer                     
4000480c  WDTCTL_SYM                            
20010000  __STACK_END                           
00000200  __STACK_SIZE                          
00000d68  __TI_CINIT_Base                       
00000d78  __TI_CINIT_Limit                      
00000d50  __TI_Handler_Table_Base               
00000d5c  __TI_Handler_Table_Limit              
00000ad9  __TI_auto_init_nobinit_nopinit        
000008e5  __TI_decompress_lzss                  
00000c9d  __TI_decompress_none                  
ffffffff  __TI_pprof_out_hndl                   
ffffffff  __TI_prof_data_size                   
ffffffff  __TI_prof_data_start                  
00000000  __TI_static_base__                    
00000be5  __TI_zero_init_nomemset               
00000849  __aeabi_memcpy                        
00000849  __aeabi_memcpy4                       
00000849  __aeabi_memcpy8                       
ffffffff  __binit__                             
ffffffff  __c_args__                            
UNDEFED   __mpu_init                            
2000fe00  __stack                               
00000b1d  _c_int00_noargs                       
UNDEFED   _system_post_cinit                    
00000cbf  _system_pre_init                      
00000cc3  abort                                 
ffffffff  binit                                 
00000525  getHCSR04Distance                     
00000000  interruptVectors                      
000005a1  main                                  
00000849  memcpy                                


GLOBAL SYMBOLS: SORTED BY Symbol Address 

address   name                                  
-------   ----                                  
00000000  __TI_static_base__                    
00000000  interruptVectors                      
00000141  SystemCoreClockUpdate                 
00000200  __STACK_SIZE                          
000003b5  SystemInit                            
0000048d  Initalise_HCSR04                      
000004db  TA0_0_IRQHandler                      
00000525  getHCSR04Distance                     
000005a1  main                                  
000005f5  CS_getDCOFrequency                    
00000849  __aeabi_memcpy                        
00000849  __aeabi_memcpy4                       
00000849  __aeabi_memcpy8                       
00000849  memcpy                                
000008e5  __TI_decompress_lzss                  
0000094d  Interrupt_enableInterrupt             
000009b1  SysCtl_getTLVInfo                     
00000a95  Timer_A_configureUpMode               
00000ad9  __TI_auto_init_nobinit_nopinit        
00000b1d  _c_int00_noargs                       
00000b51  GPIO_setAsInputPinWithPullDownResistor
00000b81  CS_clearInterruptFlag                 
00000ba5  GPIO_setAsOutputPin                   
00000bc9  Timer_A_getCounterValue               
00000be5  __TI_zero_init_nomemset               
00000c01  Timer_A_clearCaptureCompareInterrupt  
00000c1d  CS_getSMCLK                           
00000c35  GPIO_getInputPinValue                 
00000c4d  GPIO_setOutputLowOnPin                
00000c65  GPIO_setOutputHighOnPin               
00000c8d  Timer_A_clearTimer                    
00000c9d  __TI_decompress_none                  
00000cab  Timer_A_stopTimer                     
00000cb7  Timer_A_startCounter                  
00000cbf  _system_pre_init                      
00000cc3  C$$EXIT                               
00000cc3  abort                                 
00000d50  __TI_Handler_Table_Base               
00000d5c  __TI_Handler_Table_Limit              
00000d68  __TI_CINIT_Base                       
00000d78  __TI_CINIT_Limit                      
20000030  SystemCoreClock                       
20000034  SR04IntTimes                          
2000fe00  __stack                               
20010000  __STACK_END                           
4000480c  WDTCTL_SYM                            
ffffffff  __TI_pprof_out_hndl                   
ffffffff  __TI_prof_data_size                   
ffffffff  __TI_prof_data_start                  
ffffffff  __binit__                             
ffffffff  __c_args__                            
ffffffff  binit                                 
UNDEFED   __mpu_init                            
UNDEFED   _system_post_cinit                    

[54 symbols]
