******************************************************************************
                  TI ARM Linker PC v18.12.4                    
******************************************************************************
>> Linked Thu Sep 22 22:40:29 2022

OUTPUT FILE NAME:   <gpio_toggle_output.out>
ENTRY POINT SYMBOL: "_c_int00_noargs"  address: 00000881


MEMORY CONFIGURATION

         name            origin    length      used     unused   attr    fill
----------------------  --------  ---------  --------  --------  ----  --------
  MAIN                  00000000   00040000  00000a7c  0003f584  R  X
  INFO                  00200000   00004000  00000000  00004000  R  X
  SRAM_CODE             01000000   00010000  00000000  00010000  RW X
  SRAM_DATA             20000000   00010000  00000264  0000fd9c  RW  


SEGMENT ALLOCATION MAP

run origin  load origin   length   init length attrs members
----------  ----------- ---------- ----------- ----- -------
00000000    00000000    00000a80   00000a80    r-x
  00000000    00000000    00000140   00000140    r-- .intvecs
  00000140    00000140    000008a4   000008a4    r-x .text
  000009e4    000009e4    00000040   00000040    r-- .const
  00000a28    00000a28    00000058   00000058    r-- .cinit
20000000    20000000    00000064   00000000    rw-
  20000000    20000000    00000064   00000000    rw- .data
2000fe00    2000fe00    00000200   00000000    rw-
  2000fe00    2000fe00    00000200   00000000    rw- .stack


SECTION ALLOCATION MAP

 output                                  attributes/
section   page    origin      length       input sections
--------  ----  ----------  ----------   ----------------
.intvecs   0    00000000    00000140     
                  00000000    00000140     startup_msp432p401r_ccs.obj (.intvecs:retain)

.text      0    00000140    000008a4     
                  00000140    00000328     system_msp432p401r.obj (.text)
                  00000468    00000124     LAB4_PWM.obj (.text)
                  0000058c    000000b2     msp432p4xx_driverlib.lib : timer_a.o (.text:privateTimer_AProcessClockSourceDivider)
                  0000063e    0000009c     rtsv7M4_T_le_v4SPD16_eabi.lib : memcpy_t2.asm.obj (.text)
                  000006da    00000068                                   : copy_decompress_lzss.c.obj (.text:decompress:lzss:__TI_decompress_lzss)
                  00000742    00000002     --HOLE-- [fill = 0]
                  00000744    00000064     msp432p4xx_driverlib.lib : interrupt.o (.text:Interrupt_enableInterrupt)
                  000007a8    0000004c                              : gpio.o (.text:GPIO_setAsPeripheralModuleFunctionOutputPin)
                  000007f4    00000048                              : timer_a.o (.text:Timer_A_generatePWM)
                  0000083c    00000044     rtsv7M4_T_le_v4SPD16_eabi.lib : autoinit.c.obj (.text:__TI_auto_init_nobinit_nopinit:__TI_auto_init_nobinit_nopinit)
                  00000880    00000034                                   : boot_cortex_m.c.obj (.text:_c_int00_noargs:_c_int00_noargs)
                  000008b4    00000030     msp432p4xx_driverlib.lib : gpio.o (.text:GPIO_setAsInputPinWithPullUpResistor)
                  000008e4    00000028                              : pcm.o (.text:PCM_gotoLPM0)
                  0000090c    00000024                              : gpio.o (.text:GPIO_setAsOutputPin)
                  00000930    00000018                              : gpio.o (.text:GPIO_clearInterruptFlag)
                  00000948    00000018                              : gpio.o (.text:GPIO_setOutputLowOnPin)
                  00000960    00000014                              : gpio.o (.text:GPIO_enableInterrupt)
                  00000974    00000014                              : gpio.o (.text:GPIO_setOutputHighOnPin)
                  00000988    00000014                              : interrupt.o (.text:Interrupt_enableSleepOnIsrExit)
                  0000099c    00000012     startup_msp432p401r_ccs.obj (.text)
                  000009ae    00000010     msp432p4xx_driverlib.lib : interrupt.o (.text:Interrupt_enableMaster)
                  000009be    0000000e     rtsv7M4_T_le_v4SPD16_eabi.lib : copy_decompress_none.c.obj (.text:decompress:none:__TI_decompress_none)
                  000009cc    0000000c     msp432p4xx_driverlib.lib : cpu.o (.text:CPU_cpsie)
                  000009d8    00000004                              : cpu.o (.text:CPU_wfi)
                  000009dc    00000004     rtsv7M4_T_le_v4SPD16_eabi.lib : pre_init.c.obj (.text:_system_pre_init)
                  000009e0    00000004                                   : exit.c.obj (.text:abort:abort)

.const     0    000009e4    00000040     
                  000009e4    00000040     msp432p4xx_driverlib.lib : interrupt.o (.const)

.cinit     0    00000a28    00000058     
                  00000a28    00000048     (.cinit..data.load) [load image, compression = lzss]
                  00000a70    00000008     (__TI_handler_table)
                  00000a78    00000008     (__TI_cinit_table)

.init_array 
*          0    00000000    00000000     UNINITIALIZED

.data      0    20000000    00000064     UNINITIALIZED
                  20000000    00000030     msp432p4xx_driverlib.lib : gpio.o (.data:GPIO_PORT_TO_BASE)
                  20000030    00000018     LAB4_PWM.obj (.data:pwmConfig2)
                  20000048    00000018     LAB4_PWM.obj (.data:pwmConfig)
                  20000060    00000004     system_msp432p401r.obj (.data)

.stack     0    2000fe00    00000200     UNINITIALIZED
                  2000fe00    00000004     rtsv7M4_T_le_v4SPD16_eabi.lib : boot_cortex_m.c.obj (.stack)
                  2000fe04    000001fc     --HOLE--

MODULE SUMMARY

       Module                        code   ro data   rw data
       ------                        ----   -------   -------
    .\
       system_msp432p401r.obj        808    0         4      
       LAB4_PWM.obj                  292    0         48     
       startup_msp432p401r_ccs.obj   18     320       0      
    +--+-----------------------------+------+---------+---------+
       Total:                        1118   320       52     
                                                             
    C:/Users/Donovan/Downloads/msp432_driverlib_3_21_00_05/driverlib/MSP432P4xx/ccs/msp432p4xx_driverlib.lib
       gpio.o                        248    0         48     
       timer_a.o                     250    0         0      
       interrupt.o                   136    64        0      
       pcm.o                         40     0         0      
       cpu.o                         16     0         0      
    +--+-----------------------------+------+---------+---------+
       Total:                        690    64        48     
                                                             
    C:\ti\ccs930\ccs\tools\compiler\ti-cgt-arm_18.12.4.LTS\lib\rtsv7M4_T_le_v4SPD16_eabi.lib
       memcpy_t2.asm.obj             156    0         0      
       copy_decompress_lzss.c.obj    104    0         0      
       autoinit.c.obj                68     0         0      
       boot_cortex_m.c.obj           52     0         0      
       copy_decompress_none.c.obj    14     0         0      
       exit.c.obj                    4      0         0      
       pre_init.c.obj                4      0         0      
    +--+-----------------------------+------+---------+---------+
       Total:                        402    0         0      
                                                             
       Stack:                        0      0         512    
       Linker Generated:             0      88        0      
    +--+-----------------------------+------+---------+---------+
       Grand Total:                  2210   472       612    


LINKER GENERATED COPY TABLES

__TI_cinit_table @ 00000a78 records: 1, size/record: 8, table size: 8
	.data: load addr=00000a28, load size=00000048 bytes, run addr=20000000, run size=00000064 bytes, compression=lzss


LINKER GENERATED HANDLER TABLE

__TI_handler_table @ 00000a70 records: 2, size/record: 4, table size: 8
	index: 0, handler: __TI_decompress_lzss
	index: 1, handler: __TI_decompress_none


GLOBAL SYMBOLS: SORTED ALPHABETICALLY BY Name 

address   name                                       
-------   ----                                       
000009e1  C$$EXIT                                    
000009cd  CPU_cpsie                                  
000009d9  CPU_wfi                                    
00000931  GPIO_clearInterruptFlag                    
00000961  GPIO_enableInterrupt                       
000008b5  GPIO_setAsInputPinWithPullUpResistor       
0000090d  GPIO_setAsOutputPin                        
000007a9  GPIO_setAsPeripheralModuleFunctionOutputPin
00000975  GPIO_setOutputHighOnPin                    
00000949  GPIO_setOutputLowOnPin                     
00000745  Interrupt_enableInterrupt                  
000009af  Interrupt_enableMaster                     
00000989  Interrupt_enableSleepOnIsrExit             
000008e5  PCM_gotoLPM0                               
00000505  PORT1_IRQHandler                           
20000060  SystemCoreClock                            
00000141  SystemCoreClockUpdate                      
000003b5  SystemInit                                 
000007f5  Timer_A_generatePWM                        
4000480c  WDTCTL_SYM                                 
20010000  __STACK_END                                
00000200  __STACK_SIZE                               
00000a78  __TI_CINIT_Base                            
00000a80  __TI_CINIT_Limit                           
00000a70  __TI_Handler_Table_Base                    
00000a78  __TI_Handler_Table_Limit                   
0000083d  __TI_auto_init_nobinit_nopinit             
000006db  __TI_decompress_lzss                       
000009bf  __TI_decompress_none                       
ffffffff  __TI_pprof_out_hndl                        
ffffffff  __TI_prof_data_size                        
ffffffff  __TI_prof_data_start                       
00000000  __TI_static_base__                         
0000063f  __aeabi_memcpy                             
0000063f  __aeabi_memcpy4                            
0000063f  __aeabi_memcpy8                            
ffffffff  __binit__                                  
ffffffff  __c_args__                                 
UNDEFED   __mpu_init                                 
2000fe00  __stack                                    
00000881  _c_int00_noargs                            
UNDEFED   _system_post_cinit                         
000009dd  _system_pre_init                           
000009e1  abort                                      
ffffffff  binit                                      
00000000  interruptVectors                           
00000469  main                                       
0000063f  memcpy                                     
20000048  pwmConfig                                  
20000030  pwmConfig2                                 


GLOBAL SYMBOLS: SORTED BY Symbol Address 

address   name                                       
-------   ----                                       
00000000  __TI_static_base__                         
00000000  interruptVectors                           
00000141  SystemCoreClockUpdate                      
00000200  __STACK_SIZE                               
000003b5  SystemInit                                 
00000469  main                                       
00000505  PORT1_IRQHandler                           
0000063f  __aeabi_memcpy                             
0000063f  __aeabi_memcpy4                            
0000063f  __aeabi_memcpy8                            
0000063f  memcpy                                     
000006db  __TI_decompress_lzss                       
00000745  Interrupt_enableInterrupt                  
000007a9  GPIO_setAsPeripheralModuleFunctionOutputPin
000007f5  Timer_A_generatePWM                        
0000083d  __TI_auto_init_nobinit_nopinit             
00000881  _c_int00_noargs                            
000008b5  GPIO_setAsInputPinWithPullUpResistor       
000008e5  PCM_gotoLPM0                               
0000090d  GPIO_setAsOutputPin                        
00000931  GPIO_clearInterruptFlag                    
00000949  GPIO_setOutputLowOnPin                     
00000961  GPIO_enableInterrupt                       
00000975  GPIO_setOutputHighOnPin                    
00000989  Interrupt_enableSleepOnIsrExit             
000009af  Interrupt_enableMaster                     
000009bf  __TI_decompress_none                       
000009cd  CPU_cpsie                                  
000009d9  CPU_wfi                                    
000009dd  _system_pre_init                           
000009e1  C$$EXIT                                    
000009e1  abort                                      
00000a70  __TI_Handler_Table_Base                    
00000a78  __TI_CINIT_Base                            
00000a78  __TI_Handler_Table_Limit                   
00000a80  __TI_CINIT_Limit                           
20000030  pwmConfig2                                 
20000048  pwmConfig                                  
20000060  SystemCoreClock                            
2000fe00  __stack                                    
20010000  __STACK_END                                
4000480c  WDTCTL_SYM                                 
ffffffff  __TI_pprof_out_hndl                        
ffffffff  __TI_prof_data_size                        
ffffffff  __TI_prof_data_start                       
ffffffff  __binit__                                  
ffffffff  __c_args__                                 
ffffffff  binit                                      
UNDEFED   __mpu_init                                 
UNDEFED   _system_post_cinit                         

[50 symbols]
