******************************************************************************
                  TI ARM Linker PC v18.12.4                    
******************************************************************************
>> Linked Fri Nov  4 15:09:54 2022

OUTPUT FILE NAME:   <Ultrasound2104Project(Dev).out>
ENTRY POINT SYMBOL: "_c_int00_noargs"  address: 00000b21


MEMORY CONFIGURATION

         name            origin    length      used     unused   attr    fill
----------------------  --------  ---------  --------  --------  ----  --------
  MAIN                  00000000   00040000  00000d8e  0003f272  R  X
  INFO                  00200000   00004000  00000000  00004000  R  X
  SRAM_CODE             01000000   00010000  00000000  00010000  RW X
  SRAM_DATA             20000000   00010000  00000248  0000fdb8  RW  


SEGMENT ALLOCATION MAP

run origin  load origin   length   init length attrs members
----------  ----------- ---------- ----------- ----- -------
00000000    00000000    00000d94   00000d94    r-x
  00000000    00000000    00000140   00000140    r-- .intvecs
  00000140    00000140    00000b9a   00000b9a    r-x .text
  00000cdc    00000cdc    00000070   00000070    r-- .const
  00000d50    00000d50    00000044   00000044    r-- .cinit
20000000    20000000    00000048   00000000    rw-
  20000000    20000000    00000048   00000000    rw- .data
2000fe00    2000fe00    00000200   00000000    rw-
  2000fe00    2000fe00    00000200   00000000    rw- .stack


SECTION ALLOCATION MAP

 output                                  attributes/
section   page    origin      length       input sections
--------  ----  ----------  ----------   ----------------
.intvecs   0    00000000    00000140     
                  00000000    00000140     startup_msp432p401r_ccs.obj (.intvecs:retain)

.text      0    00000140    00000b9a     
                  00000140    00000414     Ultrasound(P3.7 input).obj (.text)
                  00000554    00000328     system_msp432p401r.obj (.text)
                  0000087c    000000b2     msp432p4xx_driverlib.lib : timer_a.o (.text:privateTimer_AProcessClockSourceDivider)
                  0000092e    0000009c     rtsv7M4_T_le_v4SPD16_eabi.lib : memcpy_t2.asm.obj (.text)
                  000009ca    00000068                                   : copy_decompress_lzss.c.obj (.text:decompress:lzss:__TI_decompress_lzss)
                  00000a32    00000002     --HOLE-- [fill = 0]
                  00000a34    00000064     msp432p4xx_driverlib.lib : interrupt.o (.text:Interrupt_enableInterrupt)
                  00000a98    00000044                              : timer_a.o (.text:Timer_A_configureUpMode)
                  00000adc    00000044     rtsv7M4_T_le_v4SPD16_eabi.lib : autoinit.c.obj (.text:__TI_auto_init_nobinit_nopinit:__TI_auto_init_nobinit_nopinit)
                  00000b20    00000034                                   : boot_cortex_m.c.obj (.text:_c_int00_noargs:_c_int00_noargs)
                  00000b54    00000030     msp432p4xx_driverlib.lib : gpio.o (.text:GPIO_setAsInputPinWithPullDownResistor)
                  00000b84    00000024                              : gpio.o (.text:GPIO_setAsOutputPin)
                  00000ba8    00000020                              : gpio.o (.text:GPIO_interruptEdgeSelect)
                  00000bc8    0000001c                              : timer_a.o (.text:Timer_A_getCounterValue)
                  00000be4    0000001a                              : timer_a.o (.text:Timer_A_clearCaptureCompareInterrupt)
                  00000bfe    00000002     --HOLE-- [fill = 0]
                  00000c00    00000018                              : gpio.o (.text:GPIO_clearInterruptFlag)
                  00000c18    00000018                              : gpio.o (.text:GPIO_getInputPinValue)
                  00000c30    00000018                              : gpio.o (.text:GPIO_setOutputLowOnPin)
                  00000c48    00000014                              : gpio.o (.text:GPIO_enableInterrupt)
                  00000c5c    00000014                              : gpio.o (.text:GPIO_setOutputHighOnPin)
                  00000c70    00000012     startup_msp432p401r_ccs.obj (.text)
                  00000c82    00000010     msp432p4xx_driverlib.lib : interrupt.o (.text:Interrupt_enableMaster)
                  00000c92    00000002     --HOLE-- [fill = 0]
                  00000c94    00000010                              : timer_a.o (.text:Timer_A_clearTimer)
                  00000ca4    0000000e     rtsv7M4_T_le_v4SPD16_eabi.lib : copy_decompress_none.c.obj (.text:decompress:none:__TI_decompress_none)
                  00000cb2    0000000c     msp432p4xx_driverlib.lib : cpu.o (.text:CPU_cpsie)
                  00000cbe    0000000c                              : timer_a.o (.text:Timer_A_stopTimer)
                  00000cca    00000008                              : timer_a.o (.text:Timer_A_startCounter)
                  00000cd2    00000004     rtsv7M4_T_le_v4SPD16_eabi.lib : pre_init.c.obj (.text:_system_pre_init)
                  00000cd6    00000004                                   : exit.c.obj (.text:abort:abort)

.const     0    00000cdc    00000070     
                  00000cdc    00000040     msp432p4xx_driverlib.lib : interrupt.o (.const)
                  00000d1c    00000018     Ultrasound(P3.7 input).obj (.const:$P$T0$1)
                  00000d34    00000018     Ultrasound(P3.7 input).obj (.const:$P$T1$2)

.cinit     0    00000d50    00000044     
                  00000d50    00000033     (.cinit..data.load) [load image, compression = lzss]
                  00000d83    00000001     --HOLE-- [fill = 0]
                  00000d84    00000008     (__TI_handler_table)
                  00000d8c    00000008     (__TI_cinit_table)

.init_array 
*          0    00000000    00000000     UNINITIALIZED

.data      0    20000000    00000048     UNINITIALIZED
                  20000000    00000030     msp432p4xx_driverlib.lib : gpio.o (.data:GPIO_PORT_TO_BASE)
                  20000030    0000000c     Ultrasound(P3.7 input).obj (.data)
                  2000003c    00000008     Ultrasound(P3.7 input).obj (.data:haveWall)
                  20000044    00000004     system_msp432p401r.obj (.data)

.stack     0    2000fe00    00000200     UNINITIALIZED
                  2000fe00    00000004     rtsv7M4_T_le_v4SPD16_eabi.lib : boot_cortex_m.c.obj (.stack)
                  2000fe04    000001fc     --HOLE--

MODULE SUMMARY

       Module                        code   ro data   rw data
       ------                        ----   -------   -------
    .\
       Ultrasound(P3.7 input).obj    1044   48        20     
       system_msp432p401r.obj        808    0         4      
       startup_msp432p401r_ccs.obj   18     320       0      
    +--+-----------------------------+------+---------+---------+
       Total:                        1870   368       24     
                                                             
    C:/Users/Donovan/Downloads/msp432_driverlib_3_21_00_05/driverlib/MSP432P4xx/ccs/msp432p4xx_driverlib.lib
       timer_a.o                     336    0         0      
       gpio.o                        228    0         48     
       interrupt.o                   116    64        0      
       cpu.o                         12     0         0      
    +--+-----------------------------+------+---------+---------+
       Total:                        692    64        48     
                                                             
    C:\ti\ccs930\ccs\tools\compiler\ti-cgt-arm_18.12.4.LTS\lib\rtsv7M4_T_le_v4SPD16_eabi.lib
       memcpy_t2.asm.obj             156    0         0      
       copy_decompress_lzss.c.obj    104    0         0      
       autoinit.c.obj                68     0         0      
       boot_cortex_m.c.obj           52     0         0      
       copy_decompress_none.c.obj    14     0         0      
       exit.c.obj                    4      0         0      
       pre_init.c.obj                4      0         0      
    +--+-----------------------------+------+---------+---------+
       Total:                        402    0         0      
                                                             
       Stack:                        0      0         512    
       Linker Generated:             0      67        0      
    +--+-----------------------------+------+---------+---------+
       Grand Total:                  2964   499       584    


LINKER GENERATED COPY TABLES

__TI_cinit_table @ 00000d8c records: 1, size/record: 8, table size: 8
	.data: load addr=00000d50, load size=00000033 bytes, run addr=20000000, run size=00000048 bytes, compression=lzss


LINKER GENERATED HANDLER TABLE

__TI_handler_table @ 00000d84 records: 2, size/record: 4, table size: 8
	index: 0, handler: __TI_decompress_lzss
	index: 1, handler: __TI_decompress_none


GLOBAL SYMBOLS: SORTED ALPHABETICALLY BY Name 

address   name                                  
-------   ----                                  
00000cd7  C$$EXIT                               
00000cb3  CPU_cpsie                             
00000c01  GPIO_clearInterruptFlag               
00000c49  GPIO_enableInterrupt                  
00000c19  GPIO_getInputPinValue                 
00000ba9  GPIO_interruptEdgeSelect              
00000b55  GPIO_setAsInputPinWithPullDownResistor
00000b85  GPIO_setAsOutputPin                   
00000c5d  GPIO_setOutputHighOnPin               
00000c31  GPIO_setOutputLowOnPin                
00000141  Initalise_Ultrasound                  
00000a35  Interrupt_enableInterrupt             
00000c83  Interrupt_enableMaster                
00000261  PORT3_IRQHandler                      
00000303  PORT5_IRQHandler                      
20000044  SystemCoreClock                       
00000555  SystemCoreClockUpdate                 
000007c9  SystemInit                            
00000209  TA0_0_IRQHandler                      
00000217  TA1_0_IRQHandler                      
00000be5  Timer_A_clearCaptureCompareInterrupt  
00000c95  Timer_A_clearTimer                    
00000a99  Timer_A_configureUpMode               
00000bc9  Timer_A_getCounterValue               
00000ccb  Timer_A_startCounter                  
00000cbf  Timer_A_stopTimer                     
4000480c  WDTCTL_SYM                            
20010000  __STACK_END                           
00000200  __STACK_SIZE                          
00000d8c  __TI_CINIT_Base                       
00000d94  __TI_CINIT_Limit                      
00000d84  __TI_Handler_Table_Base               
00000d8c  __TI_Handler_Table_Limit              
00000add  __TI_auto_init_nobinit_nopinit        
000009cb  __TI_decompress_lzss                  
00000ca5  __TI_decompress_none                  
ffffffff  __TI_pprof_out_hndl                   
ffffffff  __TI_prof_data_size                   
ffffffff  __TI_prof_data_start                  
00000000  __TI_static_base__                    
0000092f  __aeabi_memcpy                        
0000092f  __aeabi_memcpy4                       
0000092f  __aeabi_memcpy8                       
ffffffff  __binit__                             
ffffffff  __c_args__                            
UNDEFED   __mpu_init                            
2000fe00  __stack                               
00000b21  _c_int00_noargs                       
UNDEFED   _system_post_cinit                    
00000cd3  _system_pre_init                      
00000cd7  abort                                 
ffffffff  binit                                 
000003a5  calculateWallDetected                 
00000207  doNothing                             
2000003c  haveWall                              
00000000  interruptVectors                      
00000499  main                                  
0000092f  memcpy                                
0000043f  sendTriggerToUltrasound               


GLOBAL SYMBOLS: SORTED BY Symbol Address 

address   name                                  
-------   ----                                  
00000000  __TI_static_base__                    
00000000  interruptVectors                      
00000141  Initalise_Ultrasound                  
00000200  __STACK_SIZE                          
00000207  doNothing                             
00000209  TA0_0_IRQHandler                      
00000217  TA1_0_IRQHandler                      
00000261  PORT3_IRQHandler                      
00000303  PORT5_IRQHandler                      
000003a5  calculateWallDetected                 
0000043f  sendTriggerToUltrasound               
00000499  main                                  
00000555  SystemCoreClockUpdate                 
000007c9  SystemInit                            
0000092f  __aeabi_memcpy                        
0000092f  __aeabi_memcpy4                       
0000092f  __aeabi_memcpy8                       
0000092f  memcpy                                
000009cb  __TI_decompress_lzss                  
00000a35  Interrupt_enableInterrupt             
00000a99  Timer_A_configureUpMode               
00000add  __TI_auto_init_nobinit_nopinit        
00000b21  _c_int00_noargs                       
00000b55  GPIO_setAsInputPinWithPullDownResistor
00000b85  GPIO_setAsOutputPin                   
00000ba9  GPIO_interruptEdgeSelect              
00000bc9  Timer_A_getCounterValue               
00000be5  Timer_A_clearCaptureCompareInterrupt  
00000c01  GPIO_clearInterruptFlag               
00000c19  GPIO_getInputPinValue                 
00000c31  GPIO_setOutputLowOnPin                
00000c49  GPIO_enableInterrupt                  
00000c5d  GPIO_setOutputHighOnPin               
00000c83  Interrupt_enableMaster                
00000c95  Timer_A_clearTimer                    
00000ca5  __TI_decompress_none                  
00000cb3  CPU_cpsie                             
00000cbf  Timer_A_stopTimer                     
00000ccb  Timer_A_startCounter                  
00000cd3  _system_pre_init                      
00000cd7  C$$EXIT                               
00000cd7  abort                                 
00000d84  __TI_Handler_Table_Base               
00000d8c  __TI_CINIT_Base                       
00000d8c  __TI_Handler_Table_Limit              
00000d94  __TI_CINIT_Limit                      
2000003c  haveWall                              
20000044  SystemCoreClock                       
2000fe00  __stack                               
20010000  __STACK_END                           
4000480c  WDTCTL_SYM                            
ffffffff  __TI_pprof_out_hndl                   
ffffffff  __TI_prof_data_size                   
ffffffff  __TI_prof_data_start                  
ffffffff  __binit__                             
ffffffff  __c_args__                            
ffffffff  binit                                 
UNDEFED   __mpu_init                            
UNDEFED   _system_post_cinit                    

[59 symbols]
