******************************************************************************
                  TI ARM Linker PC v18.12.4                    
******************************************************************************
>> Linked Sat Nov 12 19:09:33 2022

OUTPUT FILE NAME:   <Ultrasound2104Project(3 working ultrasound).out>
ENTRY POINT SYMBOL: "_c_int00_noargs"  address: 00000c31


MEMORY CONFIGURATION

         name            origin    length      used     unused   attr    fill
----------------------  --------  ---------  --------  --------  ----  --------
  MAIN                  00000000   00040000  00000ebe  0003f142  R  X
  INFO                  00200000   00004000  00000000  00004000  R  X
  SRAM_CODE             01000000   00010000  00000000  00010000  RW X
  SRAM_DATA             20000000   00010000  00000248  0000fdb8  RW  


SEGMENT ALLOCATION MAP

run origin  load origin   length   init length attrs members
----------  ----------- ---------- ----------- ----- -------
00000000    00000000    00000ec0   00000ec0    r-x
  00000000    00000000    00000140   00000140    r-- .intvecs
  00000140    00000140    00000cc6   00000cc6    r-x .text
  00000e08    00000e08    00000070   00000070    r-- .const
  00000e78    00000e78    00000048   00000048    r-- .cinit
20000000    20000000    00000048   00000000    rw-
  20000000    20000000    00000048   00000000    rw- .data
2000fe00    2000fe00    00000200   00000000    rw-
  2000fe00    2000fe00    00000200   00000000    rw- .stack


SECTION ALLOCATION MAP

 output                                  attributes/
section   page    origin      length       input sections
--------  ----  ----------  ----------   ----------------
.intvecs   0    00000000    00000140     
                  00000000    00000140     startup_msp432p401r_ccs.obj (.intvecs:retain)

.text      0    00000140    00000cc6     
                  00000140    00000524     Ultrasound(P3.7 input).obj (.text)
                  00000664    00000328     system_msp432p401r.obj (.text)
                  0000098c    000000b2     msp432p4xx_driverlib.lib : timer_a.o (.text:privateTimer_AProcessClockSourceDivider)
                  00000a3e    0000009c     rtsv7M4_T_le_v4SPD16_eabi.lib : memcpy_t2.asm.obj (.text)
                  00000ada    00000068                                   : copy_decompress_lzss.c.obj (.text:decompress:lzss:__TI_decompress_lzss)
                  00000b42    00000002     --HOLE-- [fill = 0]
                  00000b44    00000064     msp432p4xx_driverlib.lib : interrupt.o (.text:Interrupt_enableInterrupt)
                  00000ba8    00000044                              : timer_a.o (.text:Timer_A_configureUpMode)
                  00000bec    00000044     rtsv7M4_T_le_v4SPD16_eabi.lib : autoinit.c.obj (.text:__TI_auto_init_nobinit_nopinit:__TI_auto_init_nobinit_nopinit)
                  00000c30    00000034                                   : boot_cortex_m.c.obj (.text:_c_int00_noargs:_c_int00_noargs)
                  00000c64    00000030     msp432p4xx_driverlib.lib : gpio.o (.text:GPIO_setAsInputPinWithPullDownResistor)
                  00000c94    00000024                              : gpio.o (.text:GPIO_setAsOutputPin)
                  00000cb8    00000020                              : gpio.o (.text:GPIO_interruptEdgeSelect)
                  00000cd8    0000001c                              : timer_a.o (.text:Timer_A_getCounterValue)
                  00000cf4    0000001a                              : timer_a.o (.text:Timer_A_clearCaptureCompareInterrupt)
                  00000d0e    00000002     --HOLE-- [fill = 0]
                  00000d10    00000018                              : gpio.o (.text:GPIO_clearInterruptFlag)
                  00000d28    00000018                              : gpio.o (.text:GPIO_getInputPinValue)
                  00000d40    00000018                              : gpio.o (.text:GPIO_setOutputLowOnPin)
                  00000d58    00000014                              : gpio.o (.text:GPIO_enableInterrupt)
                  00000d6c    00000014                              : gpio.o (.text:GPIO_setOutputHighOnPin)
                  00000d80    00000012     startup_msp432p401r_ccs.obj (.text)
                  00000d92    00000010     msp432p4xx_driverlib.lib : interrupt.o (.text:Interrupt_disableMaster)
                  00000da2    00000010                              : interrupt.o (.text:Interrupt_enableMaster)
                  00000db2    00000002     --HOLE-- [fill = 0]
                  00000db4    00000010                              : timer_a.o (.text:Timer_A_clearTimer)
                  00000dc4    0000000e     rtsv7M4_T_le_v4SPD16_eabi.lib : copy_decompress_none.c.obj (.text:decompress:none:__TI_decompress_none)
                  00000dd2    0000000c     msp432p4xx_driverlib.lib : cpu.o (.text:CPU_cpsid)
                  00000dde    0000000c                              : cpu.o (.text:CPU_cpsie)
                  00000dea    0000000c                              : timer_a.o (.text:Timer_A_stopTimer)
                  00000df6    00000008                              : timer_a.o (.text:Timer_A_startCounter)
                  00000dfe    00000004     rtsv7M4_T_le_v4SPD16_eabi.lib : pre_init.c.obj (.text:_system_pre_init)
                  00000e02    00000004                                   : exit.c.obj (.text:abort:abort)

.const     0    00000e08    00000070     
                  00000e08    00000040     msp432p4xx_driverlib.lib : interrupt.o (.const)
                  00000e48    00000018     Ultrasound(P3.7 input).obj (.const:$P$T0$1)
                  00000e60    00000018     Ultrasound(P3.7 input).obj (.const:$P$T1$2)

.cinit     0    00000e78    00000048     
                  00000e78    00000038     (.cinit..data.load) [load image, compression = lzss]
                  00000eb0    00000008     (__TI_handler_table)
                  00000eb8    00000008     (__TI_cinit_table)

.init_array 
*          0    00000000    00000000     UNINITIALIZED

.data      0    20000000    00000048     UNINITIALIZED
                  20000000    00000030     msp432p4xx_driverlib.lib : gpio.o (.data:GPIO_PORT_TO_BASE)
                  20000030    00000014     Ultrasound(P3.7 input).obj (.data)
                  20000044    00000004     system_msp432p401r.obj (.data)

.stack     0    2000fe00    00000200     UNINITIALIZED
                  2000fe00    00000004     rtsv7M4_T_le_v4SPD16_eabi.lib : boot_cortex_m.c.obj (.stack)
                  2000fe04    000001fc     --HOLE--

MODULE SUMMARY

       Module                        code   ro data   rw data
       ------                        ----   -------   -------
    .\
       Ultrasound(P3.7 input).obj    1316   48        20     
       system_msp432p401r.obj        808    0         4      
       startup_msp432p401r_ccs.obj   18     320       0      
    +--+-----------------------------+------+---------+---------+
       Total:                        2142   368       24     
                                                             
    C:/Users/Donovan/Downloads/msp432_driverlib_3_21_00_05/driverlib/MSP432P4xx/ccs/msp432p4xx_driverlib.lib
       timer_a.o                     336    0         0      
       gpio.o                        228    0         48     
       interrupt.o                   132    64        0      
       cpu.o                         24     0         0      
    +--+-----------------------------+------+---------+---------+
       Total:                        720    64        48     
                                                             
    C:\ti\ccs930\ccs\tools\compiler\ti-cgt-arm_18.12.4.LTS\lib\rtsv7M4_T_le_v4SPD16_eabi.lib
       memcpy_t2.asm.obj             156    0         0      
       copy_decompress_lzss.c.obj    104    0         0      
       autoinit.c.obj                68     0         0      
       boot_cortex_m.c.obj           52     0         0      
       copy_decompress_none.c.obj    14     0         0      
       exit.c.obj                    4      0         0      
       pre_init.c.obj                4      0         0      
    +--+-----------------------------+------+---------+---------+
       Total:                        402    0         0      
                                                             
       Stack:                        0      0         512    
       Linker Generated:             0      72        0      
    +--+-----------------------------+------+---------+---------+
       Grand Total:                  3264   504       584    


LINKER GENERATED COPY TABLES

__TI_cinit_table @ 00000eb8 records: 1, size/record: 8, table size: 8
	.data: load addr=00000e78, load size=00000038 bytes, run addr=20000000, run size=00000048 bytes, compression=lzss


LINKER GENERATED HANDLER TABLE

__TI_handler_table @ 00000eb0 records: 2, size/record: 4, table size: 8
	index: 0, handler: __TI_decompress_lzss
	index: 1, handler: __TI_decompress_none


GLOBAL SYMBOLS: SORTED ALPHABETICALLY BY Name 

address   name                                  
-------   ----                                  
00000e03  C$$EXIT                               
00000dd3  CPU_cpsid                             
00000ddf  CPU_cpsie                             
00000d11  GPIO_clearInterruptFlag               
00000d59  GPIO_enableInterrupt                  
00000d29  GPIO_getInputPinValue                 
00000cb9  GPIO_interruptEdgeSelect              
00000c65  GPIO_setAsInputPinWithPullDownResistor
00000c95  GPIO_setAsOutputPin                   
00000d6d  GPIO_setOutputHighOnPin               
00000d41  GPIO_setOutputLowOnPin                
00000163  Initalise_Ultrasound                  
00000d93  Interrupt_disableMaster               
00000b45  Interrupt_enableInterrupt             
00000da3  Interrupt_enableMaster                
0000043d  PORT3_IRQHandler                      
00000545  PORT5_IRQHandler                      
20000044  SystemCoreClock                       
00000665  SystemCoreClockUpdate                 
000008d9  SystemInit                            
000003e1  TA1_0_IRQHandler                      
00000cf5  Timer_A_clearCaptureCompareInterrupt  
00000db5  Timer_A_clearTimer                    
00000ba9  Timer_A_configureUpMode               
00000cd9  Timer_A_getCounterValue               
00000df7  Timer_A_startCounter                  
00000deb  Timer_A_stopTimer                     
4000480c  WDTCTL_SYM                            
20010000  __STACK_END                           
00000200  __STACK_SIZE                          
00000eb8  __TI_CINIT_Base                       
00000ec0  __TI_CINIT_Limit                      
00000eb0  __TI_Handler_Table_Base               
00000eb8  __TI_Handler_Table_Limit              
00000bed  __TI_auto_init_nobinit_nopinit        
00000adb  __TI_decompress_lzss                  
00000dc5  __TI_decompress_none                  
ffffffff  __TI_pprof_out_hndl                   
ffffffff  __TI_prof_data_size                   
ffffffff  __TI_prof_data_start                  
00000000  __TI_static_base__                    
00000a3f  __aeabi_memcpy                        
00000a3f  __aeabi_memcpy4                       
00000a3f  __aeabi_memcpy8                       
ffffffff  __binit__                             
ffffffff  __c_args__                            
UNDEFED   __mpu_init                            
2000fe00  __stack                               
00000c31  _c_int00_noargs                       
UNDEFED   _system_post_cinit                    
00000dff  _system_pre_init                      
00000e03  abort                                 
ffffffff  binit                                 
0000029b  calculateWallDetected                 
00000361  checkWallFront                        
00000321  checkWallLeft                         
000003a1  checkWallRight                        
20000040  echoReceivedFlag                      
20000030  haveWall                              
00000000  interruptVectors                      
000005e1  main                                  
00000a3f  memcpy                                
2000003c  result                                
20000038  resultAvailableFlag                   
000002e1  sendTriggerToUltrasound               
20000034  sensorSelect                          
00000141  sleep                                 


GLOBAL SYMBOLS: SORTED BY Symbol Address 

address   name                                  
-------   ----                                  
00000000  __TI_static_base__                    
00000000  interruptVectors                      
00000141  sleep                                 
00000163  Initalise_Ultrasound                  
00000200  __STACK_SIZE                          
0000029b  calculateWallDetected                 
000002e1  sendTriggerToUltrasound               
00000321  checkWallLeft                         
00000361  checkWallFront                        
000003a1  checkWallRight                        
000003e1  TA1_0_IRQHandler                      
0000043d  PORT3_IRQHandler                      
00000545  PORT5_IRQHandler                      
000005e1  main                                  
00000665  SystemCoreClockUpdate                 
000008d9  SystemInit                            
00000a3f  __aeabi_memcpy                        
00000a3f  __aeabi_memcpy4                       
00000a3f  __aeabi_memcpy8                       
00000a3f  memcpy                                
00000adb  __TI_decompress_lzss                  
00000b45  Interrupt_enableInterrupt             
00000ba9  Timer_A_configureUpMode               
00000bed  __TI_auto_init_nobinit_nopinit        
00000c31  _c_int00_noargs                       
00000c65  GPIO_setAsInputPinWithPullDownResistor
00000c95  GPIO_setAsOutputPin                   
00000cb9  GPIO_interruptEdgeSelect              
00000cd9  Timer_A_getCounterValue               
00000cf5  Timer_A_clearCaptureCompareInterrupt  
00000d11  GPIO_clearInterruptFlag               
00000d29  GPIO_getInputPinValue                 
00000d41  GPIO_setOutputLowOnPin                
00000d59  GPIO_enableInterrupt                  
00000d6d  GPIO_setOutputHighOnPin               
00000d93  Interrupt_disableMaster               
00000da3  Interrupt_enableMaster                
00000db5  Timer_A_clearTimer                    
00000dc5  __TI_decompress_none                  
00000dd3  CPU_cpsid                             
00000ddf  CPU_cpsie                             
00000deb  Timer_A_stopTimer                     
00000df7  Timer_A_startCounter                  
00000dff  _system_pre_init                      
00000e03  C$$EXIT                               
00000e03  abort                                 
00000eb0  __TI_Handler_Table_Base               
00000eb8  __TI_CINIT_Base                       
00000eb8  __TI_Handler_Table_Limit              
00000ec0  __TI_CINIT_Limit                      
20000030  haveWall                              
20000034  sensorSelect                          
20000038  resultAvailableFlag                   
2000003c  result                                
20000040  echoReceivedFlag                      
20000044  SystemCoreClock                       
2000fe00  __stack                               
20010000  __STACK_END                           
4000480c  WDTCTL_SYM                            
ffffffff  __TI_pprof_out_hndl                   
ffffffff  __TI_prof_data_size                   
ffffffff  __TI_prof_data_start                  
ffffffff  __binit__                             
ffffffff  __c_args__                            
ffffffff  binit                                 
UNDEFED   __mpu_init                            
UNDEFED   _system_post_cinit                    

[67 symbols]
