******************************************************************************
                  TI ARM Linker PC v18.12.4                    
******************************************************************************
>> Linked Thu Nov  3 22:40:28 2022

OUTPUT FILE NAME:   <Ultrasound2104Project(P3.7 as input).out>
ENTRY POINT SYMBOL: "_c_int00_noargs"  address: 00000951


MEMORY CONFIGURATION

         name            origin    length      used     unused   attr    fill
----------------------  --------  ---------  --------  --------  ----  --------
  MAIN                  00000000   00040000  00000bc2  0003f43e  R  X
  INFO                  00200000   00004000  00000000  00004000  R  X
  SRAM_CODE             01000000   00010000  00000000  00010000  RW X
  SRAM_DATA             20000000   00010000  00000244  0000fdbc  RW  


SEGMENT ALLOCATION MAP

run origin  load origin   length   init length attrs members
----------  ----------- ---------- ----------- ----- -------
00000000    00000000    00000bc8   00000bc8    r-x
  00000000    00000000    00000140   00000140    r-- .intvecs
  00000140    00000140    000009ca   000009ca    r-x .text
  00000b0c    00000b0c    00000070   00000070    r-- .const
  00000b80    00000b80    00000048   00000048    r-- .cinit
20000000    20000000    00000044   00000000    rw-
  20000000    20000000    00000044   00000000    rw- .data
2000fe00    2000fe00    00000200   00000000    rw-
  2000fe00    2000fe00    00000200   00000000    rw- .stack


SECTION ALLOCATION MAP

 output                                  attributes/
section   page    origin      length       input sections
--------  ----  ----------  ----------   ----------------
.intvecs   0    00000000    00000140     
                  00000000    00000140     startup_msp432p401r_ccs.obj (.intvecs:retain)

.text      0    00000140    000009ca     
                  00000140    00000328     system_msp432p401r.obj (.text)
                  00000468    00000244     Ultrasound(P3.7 input).obj (.text)
                  000006ac    000000b2     msp432p4xx_driverlib.lib : timer_a.o (.text:privateTimer_AProcessClockSourceDivider)
                  0000075e    0000009c     rtsv7M4_T_le_v4SPD16_eabi.lib : memcpy_t2.asm.obj (.text)
                  000007fa    00000068                                   : copy_decompress_lzss.c.obj (.text:decompress:lzss:__TI_decompress_lzss)
                  00000862    00000002     --HOLE-- [fill = 0]
                  00000864    00000064     msp432p4xx_driverlib.lib : interrupt.o (.text:Interrupt_enableInterrupt)
                  000008c8    00000044                              : timer_a.o (.text:Timer_A_configureUpMode)
                  0000090c    00000044     rtsv7M4_T_le_v4SPD16_eabi.lib : autoinit.c.obj (.text:__TI_auto_init_nobinit_nopinit:__TI_auto_init_nobinit_nopinit)
                  00000950    00000034                                   : boot_cortex_m.c.obj (.text:_c_int00_noargs:_c_int00_noargs)
                  00000984    00000030     msp432p4xx_driverlib.lib : gpio.o (.text:GPIO_setAsInputPinWithPullDownResistor)
                  000009b4    00000024                              : gpio.o (.text:GPIO_setAsOutputPin)
                  000009d8    00000020                              : gpio.o (.text:GPIO_interruptEdgeSelect)
                  000009f8    0000001c                              : timer_a.o (.text:Timer_A_getCounterValue)
                  00000a14    0000001a                              : timer_a.o (.text:Timer_A_clearCaptureCompareInterrupt)
                  00000a2e    00000002     --HOLE-- [fill = 0]
                  00000a30    00000018                              : gpio.o (.text:GPIO_clearInterruptFlag)
                  00000a48    00000018                              : gpio.o (.text:GPIO_getInputPinValue)
                  00000a60    00000018                              : gpio.o (.text:GPIO_setOutputLowOnPin)
                  00000a78    00000014                              : gpio.o (.text:GPIO_enableInterrupt)
                  00000a8c    00000014                              : gpio.o (.text:GPIO_setOutputHighOnPin)
                  00000aa0    00000012     startup_msp432p401r_ccs.obj (.text)
                  00000ab2    00000010     msp432p4xx_driverlib.lib : interrupt.o (.text:Interrupt_enableMaster)
                  00000ac2    00000002     --HOLE-- [fill = 0]
                  00000ac4    00000010                              : timer_a.o (.text:Timer_A_clearTimer)
                  00000ad4    0000000e     rtsv7M4_T_le_v4SPD16_eabi.lib : copy_decompress_none.c.obj (.text:decompress:none:__TI_decompress_none)
                  00000ae2    0000000c     msp432p4xx_driverlib.lib : cpu.o (.text:CPU_cpsie)
                  00000aee    0000000c                              : timer_a.o (.text:Timer_A_stopTimer)
                  00000afa    00000008                              : timer_a.o (.text:Timer_A_startCounter)
                  00000b02    00000004     rtsv7M4_T_le_v4SPD16_eabi.lib : pre_init.c.obj (.text:_system_pre_init)
                  00000b06    00000004                                   : exit.c.obj (.text:abort:abort)

.const     0    00000b0c    00000070     
                  00000b0c    00000040     msp432p4xx_driverlib.lib : interrupt.o (.const)
                  00000b4c    00000018     Ultrasound(P3.7 input).obj (.const:$P$T0$1)
                  00000b64    00000018     Ultrasound(P3.7 input).obj (.const:$P$T1$2)

.cinit     0    00000b80    00000048     
                  00000b80    00000037     (.cinit..data.load) [load image, compression = lzss]
                  00000bb7    00000001     --HOLE-- [fill = 0]
                  00000bb8    00000008     (__TI_handler_table)
                  00000bc0    00000008     (__TI_cinit_table)

.init_array 
*          0    00000000    00000000     UNINITIALIZED

.data      0    20000000    00000044     UNINITIALIZED
                  20000000    00000030     msp432p4xx_driverlib.lib : gpio.o (.data:GPIO_PORT_TO_BASE)
                  20000030    0000000d     Ultrasound(P3.7 input).obj (.data)
                  2000003d    00000003     --HOLE--
                  20000040    00000004     system_msp432p401r.obj (.data)

.stack     0    2000fe00    00000200     UNINITIALIZED
                  2000fe00    00000004     rtsv7M4_T_le_v4SPD16_eabi.lib : boot_cortex_m.c.obj (.stack)
                  2000fe04    000001fc     --HOLE--

MODULE SUMMARY

       Module                        code   ro data   rw data
       ------                        ----   -------   -------
    .\
       system_msp432p401r.obj        808    0         4      
       Ultrasound(P3.7 input).obj    580    48        13     
       startup_msp432p401r_ccs.obj   18     320       0      
    +--+-----------------------------+------+---------+---------+
       Total:                        1406   368       17     
                                                             
    C:/Users/Donovan/Downloads/msp432_driverlib_3_21_00_05/driverlib/MSP432P4xx/ccs/msp432p4xx_driverlib.lib
       timer_a.o                     336    0         0      
       gpio.o                        228    0         48     
       interrupt.o                   116    64        0      
       cpu.o                         12     0         0      
    +--+-----------------------------+------+---------+---------+
       Total:                        692    64        48     
                                                             
    C:\ti\ccs930\ccs\tools\compiler\ti-cgt-arm_18.12.4.LTS\lib\rtsv7M4_T_le_v4SPD16_eabi.lib
       memcpy_t2.asm.obj             156    0         0      
       copy_decompress_lzss.c.obj    104    0         0      
       autoinit.c.obj                68     0         0      
       boot_cortex_m.c.obj           52     0         0      
       copy_decompress_none.c.obj    14     0         0      
       exit.c.obj                    4      0         0      
       pre_init.c.obj                4      0         0      
    +--+-----------------------------+------+---------+---------+
       Total:                        402    0         0      
                                                             
       Stack:                        0      0         512    
       Linker Generated:             0      71        0      
    +--+-----------------------------+------+---------+---------+
       Grand Total:                  2500   503       577    


LINKER GENERATED COPY TABLES

__TI_cinit_table @ 00000bc0 records: 1, size/record: 8, table size: 8
	.data: load addr=00000b80, load size=00000037 bytes, run addr=20000000, run size=00000044 bytes, compression=lzss


LINKER GENERATED HANDLER TABLE

__TI_handler_table @ 00000bb8 records: 2, size/record: 4, table size: 8
	index: 0, handler: __TI_decompress_lzss
	index: 1, handler: __TI_decompress_none


GLOBAL SYMBOLS: SORTED ALPHABETICALLY BY Name 

address   name                                  
-------   ----                                  
00000b07  C$$EXIT                               
00000ae3  CPU_cpsie                             
00000a31  GPIO_clearInterruptFlag               
00000a79  GPIO_enableInterrupt                  
00000a49  GPIO_getInputPinValue                 
000009d9  GPIO_interruptEdgeSelect              
00000985  GPIO_setAsInputPinWithPullDownResistor
000009b5  GPIO_setAsOutputPin                   
00000a8d  GPIO_setOutputHighOnPin               
00000a61  GPIO_setOutputLowOnPin                
00000469  Initalise_Ultrasound                  
00000865  Interrupt_enableInterrupt             
00000ab3  Interrupt_enableMaster                
00000521  PORT3_IRQHandler                      
20000040  SystemCoreClock                       
00000141  SystemCoreClockUpdate                 
000003b5  SystemInit                            
000004f9  TA0_0_IRQHandler                      
00000507  TA1_0_IRQHandler                      
00000a15  Timer_A_clearCaptureCompareInterrupt  
00000ac5  Timer_A_clearTimer                    
000008c9  Timer_A_configureUpMode               
000009f9  Timer_A_getCounterValue               
00000afb  Timer_A_startCounter                  
00000aef  Timer_A_stopTimer                     
4000480c  WDTCTL_SYM                            
20010000  __STACK_END                           
00000200  __STACK_SIZE                          
00000bc0  __TI_CINIT_Base                       
00000bc8  __TI_CINIT_Limit                      
00000bb8  __TI_Handler_Table_Base               
00000bc0  __TI_Handler_Table_Limit              
0000090d  __TI_auto_init_nobinit_nopinit        
000007fb  __TI_decompress_lzss                  
00000ad5  __TI_decompress_none                  
ffffffff  __TI_pprof_out_hndl                   
ffffffff  __TI_prof_data_size                   
ffffffff  __TI_prof_data_start                  
00000000  __TI_static_base__                    
0000075f  __aeabi_memcpy                        
0000075f  __aeabi_memcpy4                       
0000075f  __aeabi_memcpy8                       
ffffffff  __binit__                             
ffffffff  __c_args__                            
UNDEFED   __mpu_init                            
2000fe00  __stack                               
00000951  _c_int00_noargs                       
UNDEFED   _system_post_cinit                    
00000b03  _system_pre_init                      
00000b07  abort                                 
ffffffff  binit                                 
000005c3  calculateWallDetected                 
000004f7  doNothing                             
2000003c  haveWall                              
00000000  interruptVectors                      
00000629  main                                  
0000075f  memcpy                                
00000609  sendTriggerToUltrasound               
20000030  ultrasonicIntTimes                    


GLOBAL SYMBOLS: SORTED BY Symbol Address 

address   name                                  
-------   ----                                  
00000000  __TI_static_base__                    
00000000  interruptVectors                      
00000141  SystemCoreClockUpdate                 
00000200  __STACK_SIZE                          
000003b5  SystemInit                            
00000469  Initalise_Ultrasound                  
000004f7  doNothing                             
000004f9  TA0_0_IRQHandler                      
00000507  TA1_0_IRQHandler                      
00000521  PORT3_IRQHandler                      
000005c3  calculateWallDetected                 
00000609  sendTriggerToUltrasound               
00000629  main                                  
0000075f  __aeabi_memcpy                        
0000075f  __aeabi_memcpy4                       
0000075f  __aeabi_memcpy8                       
0000075f  memcpy                                
000007fb  __TI_decompress_lzss                  
00000865  Interrupt_enableInterrupt             
000008c9  Timer_A_configureUpMode               
0000090d  __TI_auto_init_nobinit_nopinit        
00000951  _c_int00_noargs                       
00000985  GPIO_setAsInputPinWithPullDownResistor
000009b5  GPIO_setAsOutputPin                   
000009d9  GPIO_interruptEdgeSelect              
000009f9  Timer_A_getCounterValue               
00000a15  Timer_A_clearCaptureCompareInterrupt  
00000a31  GPIO_clearInterruptFlag               
00000a49  GPIO_getInputPinValue                 
00000a61  GPIO_setOutputLowOnPin                
00000a79  GPIO_enableInterrupt                  
00000a8d  GPIO_setOutputHighOnPin               
00000ab3  Interrupt_enableMaster                
00000ac5  Timer_A_clearTimer                    
00000ad5  __TI_decompress_none                  
00000ae3  CPU_cpsie                             
00000aef  Timer_A_stopTimer                     
00000afb  Timer_A_startCounter                  
00000b03  _system_pre_init                      
00000b07  C$$EXIT                               
00000b07  abort                                 
00000bb8  __TI_Handler_Table_Base               
00000bc0  __TI_CINIT_Base                       
00000bc0  __TI_Handler_Table_Limit              
00000bc8  __TI_CINIT_Limit                      
20000030  ultrasonicIntTimes                    
2000003c  haveWall                              
20000040  SystemCoreClock                       
2000fe00  __stack                               
20010000  __STACK_END                           
4000480c  WDTCTL_SYM                            
ffffffff  __TI_pprof_out_hndl                   
ffffffff  __TI_prof_data_size                   
ffffffff  __TI_prof_data_start                  
ffffffff  __binit__                             
ffffffff  __c_args__                            
ffffffff  binit                                 
UNDEFED   __mpu_init                            
UNDEFED   _system_post_cinit                    

[59 symbols]
