******************************************************************************
                  TI ARM Linker PC v18.12.4                    
******************************************************************************
>> Linked Thu Oct 20 16:16:05 2022

OUTPUT FILE NAME:   <Lab6.out>
ENTRY POINT SYMBOL: "_c_int00_noargs"  address: 00000a09


MEMORY CONFIGURATION

         name            origin    length      used     unused   attr    fill
----------------------  --------  ---------  --------  --------  ----  --------
  MAIN                  00000000   00040000  00000b24  0003f4dc  R  X
  INFO                  00200000   00004000  00000000  00004000  R  X
  SRAM_CODE             01000000   00010000  00000000  00010000  RW X
  SRAM_DATA             20000000   00010000  0000023c  0000fdc4  RW  


SEGMENT ALLOCATION MAP

run origin  load origin   length   init length attrs members
----------  ----------- ---------- ----------- ----- -------
00000000    00000000    00000b28   00000b28    r-x
  00000000    00000000    00000140   00000140    r-- .intvecs
  00000140    00000140    0000098c   0000098c    r-x .text
  00000ad0    00000ad0    00000058   00000058    r-- .cinit
20000000    20000000    0000003c   00000000    rw-
  20000000    20000000    00000034   00000000    rw- .data
  20000034    20000034    00000008   00000000    rw- .bss
2000fe00    2000fe00    00000200   00000000    rw-
  2000fe00    2000fe00    00000200   00000000    rw- .stack


SECTION ALLOCATION MAP

 output                                  attributes/
section   page    origin      length       input sections
--------  ----  ----------  ----------   ----------------
.intvecs   0    00000000    00000140     
                  00000000    00000140     startup_msp432p401r_ccs.obj (.intvecs:retain)

.text      0    00000140    0000098c     
                  00000140    00000328     system_msp432p401r.obj (.text)
                  00000468    000001b8     gpio_toggle_output.obj (.text)
                  00000620    00000136     rtsv7M4_T_le_v4SPD16_eabi.lib : fd_div_t2.asm.obj (.text)
                  00000756    000000fc                                   : fd_mul_t2.asm.obj (.text)
                  00000852    0000009c                                   : memcpy_t2.asm.obj (.text)
                  000008ee    0000006e                                   : fd_tos_t2.asm.obj (.text)
                  0000095c    00000068                                   : copy_decompress_lzss.c.obj (.text:decompress:lzss:__TI_decompress_lzss)
                  000009c4    00000044                                   : autoinit.c.obj (.text:__TI_auto_init_nobinit_nopinit:__TI_auto_init_nobinit_nopinit)
                  00000a08    00000034                                   : boot_cortex_m.c.obj (.text:_c_int00_noargs:_c_int00_noargs)
                  00000a3c    00000020                                   : u_tofd_t2.asm.obj (.text)
                  00000a5c    0000001c                                   : copy_zero_init.c.obj (.text:decompress:ZI:__TI_zero_init_nomemset:__TI_zero_init_nomemset)
                  00000a78    00000018     msp432p4xx_driverlib.lib : gpio.o (.text:GPIO_setOutputLowOnPin)
                  00000a90    00000014                              : gpio.o (.text:GPIO_setOutputHighOnPin)
                  00000aa4    00000012     startup_msp432p401r_ccs.obj (.text)
                  00000ab6    0000000e     rtsv7M4_T_le_v4SPD16_eabi.lib : copy_decompress_none.c.obj (.text:decompress:none:__TI_decompress_none)
                  00000ac4    00000004                                   : pre_init.c.obj (.text:_system_pre_init)
                  00000ac8    00000004                                   : exit.c.obj (.text:abort:abort)

.cinit     0    00000ad0    00000058     
                  00000ad0    0000002f     (.cinit..data.load) [load image, compression = lzss]
                  00000aff    00000001     --HOLE-- [fill = 0]
                  00000b00    0000000c     (__TI_handler_table)
                  00000b0c    00000004     --HOLE-- [fill = 0]
                  00000b10    00000008     (.cinit..bss.load) [load image, compression = zero_init]
                  00000b18    00000010     (__TI_cinit_table)

.init_array 
*          0    00000000    00000000     UNINITIALIZED

.data      0    20000000    00000034     UNINITIALIZED
                  20000000    00000030     msp432p4xx_driverlib.lib : gpio.o (.data:GPIO_PORT_TO_BASE)
                  20000030    00000004     system_msp432p401r.obj (.data)

.bss       0    20000034    00000008     UNINITIALIZED
                  20000034    00000008     gpio_toggle_output.obj (.bss)

.stack     0    2000fe00    00000200     UNINITIALIZED
                  2000fe00    00000004     rtsv7M4_T_le_v4SPD16_eabi.lib : boot_cortex_m.c.obj (.stack)
                  2000fe04    000001fc     --HOLE--

MODULE SUMMARY

       Module                        code   ro data   rw data
       ------                        ----   -------   -------
    .\
       system_msp432p401r.obj        808    0         4      
       gpio_toggle_output.obj        440    0         8      
       startup_msp432p401r_ccs.obj   18     320       0      
    +--+-----------------------------+------+---------+---------+
       Total:                        1266   320       12     
                                                             
    C:/Users/zongw/Desktop/msp432_driverlib_3_21_00_05/driverlib/MSP432P4xx/ccs/msp432p4xx_driverlib.lib
       gpio.o                        44     0         48     
    +--+-----------------------------+------+---------+---------+
       Total:                        44     0         48     
                                                             
    C:\ti\ccs930\ccs\tools\compiler\ti-cgt-arm_18.12.4.LTS\lib\rtsv7M4_T_le_v4SPD16_eabi.lib
       fd_div_t2.asm.obj             310    0         0      
       fd_mul_t2.asm.obj             252    0         0      
       memcpy_t2.asm.obj             156    0         0      
       fd_tos_t2.asm.obj             110    0         0      
       copy_decompress_lzss.c.obj    104    0         0      
       autoinit.c.obj                68     0         0      
       boot_cortex_m.c.obj           52     0         0      
       u_tofd_t2.asm.obj             32     0         0      
       copy_zero_init.c.obj          28     0         0      
       copy_decompress_none.c.obj    14     0         0      
       exit.c.obj                    4      0         0      
       pre_init.c.obj                4      0         0      
    +--+-----------------------------+------+---------+---------+
       Total:                        1134   0         0      
                                                             
       Stack:                        0      0         512    
       Linker Generated:             0      83        0      
    +--+-----------------------------+------+---------+---------+
       Grand Total:                  2444   403       572    


LINKER GENERATED COPY TABLES

__TI_cinit_table @ 00000b18 records: 2, size/record: 8, table size: 16
	.data: load addr=00000ad0, load size=0000002f bytes, run addr=20000000, run size=00000034 bytes, compression=lzss
	.bss: load addr=00000b10, load size=00000008 bytes, run addr=20000034, run size=00000008 bytes, compression=zero_init


LINKER GENERATED HANDLER TABLE

__TI_handler_table @ 00000b00 records: 3, size/record: 4, table size: 12
	index: 0, handler: __TI_decompress_lzss
	index: 1, handler: __TI_decompress_none
	index: 2, handler: __TI_zero_init


GLOBAL SYMBOLS: SORTED ALPHABETICALLY BY Name 

address   name                          
-------   ----                          
00000563  ADC14_IRQHandler              
00000ac9  C$$EXIT                       
00000a91  GPIO_setOutputHighOnPin       
00000a79  GPIO_setOutputLowOnPin        
20000030  SystemCoreClock               
00000141  SystemCoreClockUpdate         
000003b5  SystemInit                    
4000480c  WDTCTL_SYM                    
20010000  __STACK_END                   
00000200  __STACK_SIZE                  
00000b18  __TI_CINIT_Base               
00000b28  __TI_CINIT_Limit              
00000b00  __TI_Handler_Table_Base       
00000b0c  __TI_Handler_Table_Limit      
000009c5  __TI_auto_init_nobinit_nopinit
0000095d  __TI_decompress_lzss          
00000ab7  __TI_decompress_none          
ffffffff  __TI_pprof_out_hndl           
ffffffff  __TI_prof_data_size           
ffffffff  __TI_prof_data_start          
00000000  __TI_static_base__            
00000a5d  __TI_zero_init_nomemset       
000008ef  __aeabi_d2f                   
00000621  __aeabi_ddiv                  
00000757  __aeabi_dmul                  
00000853  __aeabi_memcpy                
00000853  __aeabi_memcpy4               
00000853  __aeabi_memcpy8               
00000a3d  __aeabi_ui2d                  
ffffffff  __binit__                     
ffffffff  __c_args__                    
UNDEFED   __mpu_init                    
2000fe00  __stack                       
00000a09  _c_int00_noargs               
UNDEFED   _system_post_cinit            
00000ac5  _system_pre_init              
00000ac9  abort                         
ffffffff  binit                         
00000000  interruptVectors              
00000469  main                          
00000853  memcpy                        


GLOBAL SYMBOLS: SORTED BY Symbol Address 

address   name                          
-------   ----                          
00000000  __TI_static_base__            
00000000  interruptVectors              
00000141  SystemCoreClockUpdate         
00000200  __STACK_SIZE                  
000003b5  SystemInit                    
00000469  main                          
00000563  ADC14_IRQHandler              
00000621  __aeabi_ddiv                  
00000757  __aeabi_dmul                  
00000853  __aeabi_memcpy                
00000853  __aeabi_memcpy4               
00000853  __aeabi_memcpy8               
00000853  memcpy                        
000008ef  __aeabi_d2f                   
0000095d  __TI_decompress_lzss          
000009c5  __TI_auto_init_nobinit_nopinit
00000a09  _c_int00_noargs               
00000a3d  __aeabi_ui2d                  
00000a5d  __TI_zero_init_nomemset       
00000a79  GPIO_setOutputLowOnPin        
00000a91  GPIO_setOutputHighOnPin       
00000ab7  __TI_decompress_none          
00000ac5  _system_pre_init              
00000ac9  C$$EXIT                       
00000ac9  abort                         
00000b00  __TI_Handler_Table_Base       
00000b0c  __TI_Handler_Table_Limit      
00000b18  __TI_CINIT_Base               
00000b28  __TI_CINIT_Limit              
20000030  SystemCoreClock               
2000fe00  __stack                       
20010000  __STACK_END                   
4000480c  WDTCTL_SYM                    
ffffffff  __TI_pprof_out_hndl           
ffffffff  __TI_prof_data_size           
ffffffff  __TI_prof_data_start          
ffffffff  __binit__                     
ffffffff  __c_args__                    
ffffffff  binit                         
UNDEFED   __mpu_init                    
UNDEFED   _system_post_cinit            

[41 symbols]
