Archive member included to satisfy reference by file (symbol)

c:/vsarm/armcc/1213fb~1.2mp/bin/../lib/gcc/arm-none-eabi/12.2.0/thumb/v6-m/nofp\libgcc.a(_dvmd_tls.o)
                              CMakeFiles/MPU6050.dir/C_/VSARM/sdk/pico/pico-sdk/src/rp2_common/pico_divider/divider.S.obj (__aeabi_idiv0)
c:/vsarm/armcc/1213fb~1.2mp/bin/../lib/gcc/arm-none-eabi/12.2.0/thumb/v6-m/nofp\libc.a(libc_a-calloc.o)
                              CMakeFiles/MPU6050.dir/C_/VSARM/sdk/pico/pico-sdk/src/rp2_common/pico_malloc/pico_malloc.c.obj (calloc)
c:/vsarm/armcc/1213fb~1.2mp/bin/../lib/gcc/arm-none-eabi/12.2.0/thumb/v6-m/nofp\libc.a(libc_a-callocr.o)
                              c:/vsarm/armcc/1213fb~1.2mp/bin/../lib/gcc/arm-none-eabi/12.2.0/thumb/v6-m/nofp\libc.a(libc_a-calloc.o) (_calloc_r)
c:/vsarm/armcc/1213fb~1.2mp/bin/../lib/gcc/arm-none-eabi/12.2.0/thumb/v6-m/nofp\libc.a(libc_a-malloc.o)
                              CMakeFiles/MPU6050.dir/C_/VSARM/sdk/pico/pico-sdk/src/rp2_common/pico_malloc/pico_malloc.c.obj (malloc)
c:/vsarm/armcc/1213fb~1.2mp/bin/../lib/gcc/arm-none-eabi/12.2.0/thumb/v6-m/nofp\libc.a(libc_a-mallocr.o)
                              c:/vsarm/armcc/1213fb~1.2mp/bin/../lib/gcc/arm-none-eabi/12.2.0/thumb/v6-m/nofp\libc.a(libc_a-callocr.o) (_malloc_r)
c:/vsarm/armcc/1213fb~1.2mp/bin/../lib/gcc/arm-none-eabi/12.2.0/thumb/v6-m/nofp\libc.a(libc_a-mlock.o)
                              c:/vsarm/armcc/1213fb~1.2mp/bin/../lib/gcc/arm-none-eabi/12.2.0/thumb/v6-m/nofp\libc.a(libc_a-mallocr.o) (__malloc_lock)
c:/vsarm/armcc/1213fb~1.2mp/bin/../lib/gcc/arm-none-eabi/12.2.0/thumb/v6-m/nofp\libc.a(libc_a-realloc.o)
                              CMakeFiles/MPU6050.dir/C_/VSARM/sdk/pico/pico-sdk/src/rp2_common/pico_malloc/pico_malloc.c.obj (realloc)
c:/vsarm/armcc/1213fb~1.2mp/bin/../lib/gcc/arm-none-eabi/12.2.0/thumb/v6-m/nofp\libc.a(libc_a-reallocr.o)
                              c:/vsarm/armcc/1213fb~1.2mp/bin/../lib/gcc/arm-none-eabi/12.2.0/thumb/v6-m/nofp\libc.a(libc_a-realloc.o) (_realloc_r)
c:/vsarm/armcc/1213fb~1.2mp/bin/../lib/gcc/arm-none-eabi/12.2.0/thumb/v6-m/nofp\libc.a(libc_a-memmove.o)
                              c:/vsarm/armcc/1213fb~1.2mp/bin/../lib/gcc/arm-none-eabi/12.2.0/thumb/v6-m/nofp\libc.a(libc_a-reallocr.o) (memmove)
c:/vsarm/armcc/1213fb~1.2mp/bin/../lib/gcc/arm-none-eabi/12.2.0/thumb/v6-m/nofp\libc.a(libc_a-strncmp.o)
                              CMakeFiles/MPU6050.dir/proj/main.c.obj (strncmp)
c:/vsarm/armcc/1213fb~1.2mp/bin/../lib/gcc/arm-none-eabi/12.2.0/thumb/v6-m/nofp\libc.a(libc_a-impure.o)
                              c:/vsarm/armcc/1213fb~1.2mp/bin/../lib/gcc/arm-none-eabi/12.2.0/thumb/v6-m/nofp\libc.a(libc_a-calloc.o) (_impure_ptr)
c:/vsarm/armcc/1213fb~1.2mp/bin/../lib/gcc/arm-none-eabi/12.2.0/thumb/v6-m/nofp\libc.a(libc_a-sbrkr.o)
                              c:/vsarm/armcc/1213fb~1.2mp/bin/../lib/gcc/arm-none-eabi/12.2.0/thumb/v6-m/nofp\libc.a(libc_a-mallocr.o) (_sbrk_r)
c:/vsarm/armcc/1213fb~1.2mp/bin/../lib/gcc/arm-none-eabi/12.2.0/thumb/v6-m/nofp\libc.a(libc_a-errno.o)
                              c:/vsarm/armcc/1213fb~1.2mp/bin/../lib/gcc/arm-none-eabi/12.2.0/thumb/v6-m/nofp\libc.a(libc_a-callocr.o) (__errno)
c:/vsarm/armcc/1213fb~1.2mp/bin/../lib/gcc/arm-none-eabi/12.2.0/thumb/v6-m/nofp\libc.a(libc_a-init.o)
                              c:/vsarm/armcc/1213fb~1.2mp/bin/../lib/gcc/arm-none-eabi/12.2.0/thumb/v6-m/nofp/crt0.o (__libc_init_array)
c:/vsarm/armcc/1213fb~1.2mp/bin/../lib/gcc/arm-none-eabi/12.2.0/thumb/v6-m/nofp\libc.a(libc_a-lock.o)
                              c:/vsarm/armcc/1213fb~1.2mp/bin/../lib/gcc/arm-none-eabi/12.2.0/thumb/v6-m/nofp\libc.a(libc_a-mlock.o) (__retarget_lock_acquire_recursive)
c:/vsarm/armcc/1213fb~1.2mp/bin/../lib/gcc/arm-none-eabi/12.2.0/thumb/v6-m/nofp\libc.a(libc_a-strlen-stub.o)
                              CMakeFiles/MPU6050.dir/C_/VSARM/sdk/pico/pico-sdk/src/rp2_common/pico_stdio/stdio.c.obj (strlen)
c:/vsarm/armcc/1213fb~1.2mp/bin/../lib/gcc/arm-none-eabi/12.2.0/thumb/v6-m/nofp\libc.a(libc_a-freer.o)
                              c:/vsarm/armcc/1213fb~1.2mp/bin/../lib/gcc/arm-none-eabi/12.2.0/thumb/v6-m/nofp\libc.a(libc_a-malloc.o) (_free_r)
c:/vsarm/armcc/1213fb~1.2mp/bin/../lib/gcc/arm-none-eabi/12.2.0/thumb/v6-m/nofp\libc.a(libc_a-findfp.o)
                              c:/vsarm/armcc/1213fb~1.2mp/bin/../lib/gcc/arm-none-eabi/12.2.0/thumb/v6-m/nofp\libc.a(libc_a-impure.o) (__sf)
c:/vsarm/armcc/1213fb~1.2mp/bin/../lib/gcc/arm-none-eabi/12.2.0/thumb/v6-m/nofp\libc.a(libc_a-fwalk.o)
                              c:/vsarm/armcc/1213fb~1.2mp/bin/../lib/gcc/arm-none-eabi/12.2.0/thumb/v6-m/nofp\libc.a(libc_a-findfp.o) (_fwalk_sglue)
c:/vsarm/armcc/1213fb~1.2mp/bin/../lib/gcc/arm-none-eabi/12.2.0/thumb/v6-m/nofp\libc.a(libc_a-stdio.o)
                              c:/vsarm/armcc/1213fb~1.2mp/bin/../lib/gcc/arm-none-eabi/12.2.0/thumb/v6-m/nofp\libc.a(libc_a-findfp.o) (__sread)
[...]
Memory Configuration

Name             Origin             Length             Attributes
FLASH            0x10000000         0x00200000         xr
RAM              0x20000000         0x00040000         xrw
SCRATCH_X        0x20040000         0x00001000         xrw
SCRATCH_Y        0x20041000         0x00001000         xrw
*default*        0x00000000         0xffffffff

Linker script and memory map

LOAD c:/vsarm/armcc/1213fb~1.2mp/bin/../lib/gcc/arm-none-eabi/12.2.0/thumb/v6-m/nofp/crti.o
LOAD c:/vsarm/armcc/1213fb~1.2mp/bin/../lib/gcc/arm-none-eabi/12.2.0/thumb/v6-m/nofp/crtbegin.o
LOAD c:/vsarm/armcc/1213fb~1.2mp/bin/../lib/gcc/arm-none-eabi/12.2.0/thumb/v6-m/nofp/crt0.o

.flash_begin    0x10000000        0x0
                0x10000000                        __flash_binary_start = .

.boot2          0x10000000      0x100
                0x10000000                        __boot2_start__ = .
 *(.boot2)
 .boot2         0x10000000      0x100 C:\Users\Anyth\AppData\Local\Temp\ccM70V41.o
                0x10000100                        __boot2_end__ = .
                0x00000001                        ASSERT (((__boot2_end__ - __boot2_start__) == 0x100), ERROR: Pico second stage bootloader must be 256 bytes in size)

.text           0x10000100     0x8fa0
                0x10000100                        __logical_binary_start = .
 *(.vectors)
 .vectors       0x10000100       0xd4 CMakeFiles/MPU6050.dir/C_/VSARM/sdk/pico/pico-sdk/src/rp2_common/pico_standard_link/crt0.S.obj
                0x10000100                __VECTOR_TABLE
                0x10000100                __vectors
                0x100001c0                isr_invalid
                0x100001c0                __default_isrs_start
                0x100001c2                isr_nmi
                0x100001c4                isr_hardfault
                0x100001c6                isr_svcall
                0x100001c8                isr_pendsv
                0x100001ca                isr_systick
                0x100001cc                isr_irq23
                0x100001cc                isr_irq18
                0x100001cc                isr_irq11
                0x100001cc                isr_irq28
                0x100001cc                isr_irq19
                0x100001cc                isr_irq0
                0x100001cc                isr_irq6
                0x100001cc                isr_irq5
                0x100001cc                isr_irq12
                0x100001cc                isr_irq22
                0x100001cc                isr_irq31
                0x100001cc                isr_irq17
                0x100001cc                isr_irq27
                0x100001cc                isr_irq30
                0x100001cc                isr_irq2
                0x100001cc                isr_irq10
                0x100001cc                isr_irq8
                0x100001cc                isr_irq24
                0x100001cc                isr_irq1
                0x100001cc                isr_irq7
                0x100001cc                isr_irq21
                0x100001cc                isr_irq20
                0x100001cc                isr_irq15
                0x100001cc                isr_irq25
                0x100001cc                isr_irq13
                0x100001cc                __unhandled_user_irq
                0x100001cc                isr_irq4
                0x100001cc                isr_irq16
                0x100001cc                isr_irq29
                0x100001cc                isr_irq26
                0x100001cc                __default_isrs_end
                0x100001cc                isr_irq3
                0x100001cc                isr_irq14
                0x100001cc                isr_irq9
                0x100001d2                unhandled_user_irq_num_in_r0
 *(.binary_info_header)
 .binary_info_header
                0x100001d4       0x14 CMakeFiles/MPU6050.dir/C_/VSARM/sdk/pico/pico-sdk/src/rp2_common/pico_standard_link/crt0.S.obj
                0x100001e8                        __binary_info_header_end = .
 *(.reset)
 .reset         0x100001e8       0xa8 CMakeFiles/MPU6050.dir/C_/VSARM/sdk/pico/pico-sdk/src/rp2_common/pico_standard_link/crt0.S.obj
                0x100001e8                _entry_point
                0x10000266                __get_current_exception
 .reset         0x10000290       0x30 CMakeFiles/MPU6050.dir/C_/VSARM/sdk/pico/pico-sdk/src/rp2_common/pico_standard_link/binary_info.c.obj
 *(.init)
 .init          0x100002c0        0x4 c:/vsarm/armcc/1213fb~1.2mp/bin/../lib/gcc/arm-none-eabi/12.2.0/thumb/v6-m/nofp/crti.o
                0x100002c0                _init
 *(EXCLUDE_FILE(*libm.a: *libc.a:*lib_a-mem*.o *libgcc.a:) .text*)
 .text.register_tm_clones
                0x100002c4       0x28 c:/vsarm/armcc/1213fb~1.2mp/bin/../lib/gcc/arm-none-eabi/12.2.0/thumb/v6-m/nofp/crtbegin.o
 .text.frame_dummy
                0x100002ec       0x24 c:/vsarm/armcc/1213fb~1.2mp/bin/../lib/gcc/arm-none-eabi/12.2.0/thumb/v6-m/nofp/crtbegin.o
 .text.ADC_IRQ_FIFO_HANDLER
                0x10000310      0x6f8 CMakeFiles/MPU6050.dir/proj/main.c.obj
 .text.startup.main
                0x10000a08      0x3ec CMakeFiles/MPU6050.dir/proj/main.c.obj
                0x10000a08                main
 .text.gpio_set_function
                0x10000df4       0x30 CMakeFiles/MPU6050.dir/C_/VSARM/sdk/pico/pico-sdk/src/rp2_common/hardware_gpio/gpio.c.obj
                0x10000df4                gpio_set_function
 .text.gpio_set_pulls
                0x10000e24       0x24 CMakeFiles/MPU6050.dir/C_/VSARM/sdk/pico/pico-sdk/src/rp2_common/hardware_gpio/gpio.c.obj
                0x10000e24                gpio_set_pulls
 .text.gpio_set_input_enabled
                0x10000e48       0x28 CMakeFiles/MPU6050.dir/C_/VSARM/sdk/pico/pico-sdk/src/rp2_common/hardware_gpio/gpio.c.obj
                0x10000e48                gpio_set_input_enabled
 .text.hw_claim_or_assert
                0x10000e70       0x44 CMakeFiles/MPU6050.dir/C_/VSARM/sdk/pico/pico-sdk/src/rp2_common/hardware_claim/claim.c.obj
                0x10000e70                hw_claim_or_assert
 .text.hw_claim_unused_from_range
                0x10000eb4       0x9c CMakeFiles/MPU6050.dir/C_/VSARM/sdk/pico/pico-sdk/src/rp2_common/hardware_claim/claim.c.obj
                0x10000eb4                hw_claim_unused_from_range
 .text.running_on_fpga
                0x10000f50       0x10 CMakeFiles/MPU6050.dir/C_/VSARM/sdk/pico/pico-sdk/src/rp2_common/pico_platform/platform.c.obj
                0x10000f50                running_on_fpga
 .text.spin_locks_reset
                0x10000f60       0x1c CMakeFiles/MPU6050.dir/C_/VSARM/sdk/pico/pico-sdk/src/rp2_common/hardware_sync/sync.c.obj
                0x10000f60                spin_locks_reset
 .text.next_striped_spin_lock_num
                0x10000f7c       0x18 CMakeFiles/MPU6050.dir/C_/VSARM/sdk/pico/pico-sdk/src/rp2_common/hardware_sync/sync.c.obj
                0x10000f7c                next_striped_spin_lock_num
 .text.spin_lock_claim_unused
                0x10000f94       0x24 CMakeFiles/MPU6050.dir/C_/VSARM/sdk/pico/pico-sdk/src/rp2_common/hardware_sync/sync.c.obj
                0x10000f94                spin_lock_claim_unused
 .text.irq_set_enabled
                0x10000fb8       0x24 CMakeFiles/MPU6050.dir/C_/VSARM/sdk/pico/pico-sdk/src/rp2_common/hardware_irq/irq.c.obj
                0x10000fb8                irq_set_enabled
 .text.irq_set_pending
                0x10000fdc       0x10 CMakeFiles/MPU6050.dir/C_/VSARM/sdk/pico/pico-sdk/src/rp2_common/hardware_irq/irq.c.obj
                0x10000fdc                irq_set_pending
 .text.irq_has_shared_handler
                0x10000fec       0x2c CMakeFiles/MPU6050.dir/C_/VSARM/sdk/pico/pico-sdk/src/rp2_common/hardware_irq/irq.c.obj
                0x10000fec                irq_has_shared_handler
 .text.irq_get_vtable_handler
                0x10001018       0x10 CMakeFiles/MPU6050.dir/C_/VSARM/sdk/pico/pico-sdk/src/rp2_common/hardware_irq/irq.c.obj
                0x10001018                irq_get_vtable_handler
 .text.irq_set_exclusive_handler
                0x10001028       0x54 CMakeFiles/MPU6050.dir/C_/VSARM/sdk/pico/pico-sdk/src/rp2_common/hardware_irq/irq.c.obj
                0x10001028                irq_set_exclusive_handler
 .text.irq_add_shared_handler
                0x1000107c      0x1f4 CMakeFiles/MPU6050.dir/C_/VSARM/sdk/pico/pico-sdk/src/rp2_common/hardware_irq/irq.c.obj
                0x1000107c                irq_add_shared_handler
 .text.irq_remove_handler
                0x10001270      0x1cc CMakeFiles/MPU6050.dir/C_/VSARM/sdk/pico/pico-sdk/src/rp2_common/hardware_irq/irq.c.obj
                0x10001270                irq_remove_handler
 .text.irq_add_tail_to_free_list
                0x1000143c       0xb4 CMakeFiles/MPU6050.dir/C_/VSARM/sdk/pico/pico-sdk/src/rp2_common/hardware_irq/irq.c.obj
                0x1000143c                irq_add_tail_to_free_list
 .text.irq_init_priorities
                0x100014f0       0x24 CMakeFiles/MPU6050.dir/C_/VSARM/sdk/pico/pico-sdk/src/rp2_common/hardware_irq/irq.c.obj
                0x100014f0                irq_init_priorities
 .text.user_irq_claim_unused
                0x10001514       0x30 CMakeFiles/MPU6050.dir/C_/VSARM/sdk/pico/pico-sdk/src/rp2_common/hardware_irq/irq.c.obj
                0x10001514                user_irq_claim_unused
 .text.lock_init
                0x10001544       0x10 CMakeFiles/MPU6050.dir/C_/VSARM/sdk/pico/pico-sdk/src/common/pico_sync/lock_core.c.obj
                0x10001544                lock_init
 .text.timer_pool_entry_comparator
                0x10001554       0x34 CMakeFiles/MPU6050.dir/C_/VSARM/sdk/pico/pico-sdk/src/common/pico_time/time.c.obj
                0x10001554                timer_pool_entry_comparator
 .text.sleep_until_callback
                0x10001588       0x30 CMakeFiles/MPU6050.dir/C_/VSARM/sdk/pico/pico-sdk/src/common/pico_time/time.c.obj
 .text.add_alarm_under_lock.isra.0
                0x100015b8      0x100 CMakeFiles/MPU6050.dir/C_/VSARM/sdk/pico/pico-sdk/src/common/pico_time/time.c.obj
 .text.alarm_pool_alarm_callback
                0x100016b8      0x1c4 CMakeFiles/MPU6050.dir/C_/VSARM/sdk/pico/pico-sdk/src/common/pico_time/time.c.obj
 .text.alarm_pool_add_alarm_at.constprop.0
                0x1000187c      0x11c CMakeFiles/MPU6050.dir/C_/VSARM/sdk/pico/pico-sdk/src/common/pico_time/time.c.obj
 .text.alarm_pool_init_default
                0x10001998       0x64 CMakeFiles/MPU6050.dir/C_/VSARM/sdk/pico/pico-sdk/src/common/pico_time/time.c.obj
                0x10001998                alarm_pool_init_default
 .text.alarm_pool_get_default
                0x100019fc        0x8 CMakeFiles/MPU6050.dir/C_/VSARM/sdk/pico/pico-sdk/src/common/pico_time/time.c.obj
                0x100019fc                alarm_pool_get_default
 .text.alarm_pool_add_alarm_at
                0x10001a04      0x19c CMakeFiles/MPU6050.dir/C_/VSARM/sdk/pico/pico-sdk/src/common/pico_time/time.c.obj
                0x10001a04                alarm_pool_add_alarm_at
 .text.sleep_until
                0x10001ba0       0xac CMakeFiles/MPU6050.dir/C_/VSARM/sdk/pico/pico-sdk/src/common/pico_time/time.c.obj
                0x10001ba0                sleep_until
 .text.sleep_ms
                0x10001c4c       0x38 CMakeFiles/MPU6050.dir/C_/VSARM/sdk/pico/pico-sdk/src/common/pico_time/time.c.obj
                0x10001c4c                sleep_ms
 .text.best_effort_wfe_or_timeout
                0x10001c84       0xd0 CMakeFiles/MPU6050.dir/C_/VSARM/sdk/pico/pico-sdk/src/common/pico_time/time.c.obj
                0x10001c84                best_effort_wfe_or_timeout
 .text.hardware_alarm_irq_handler
                0x10001d54       0xb8 CMakeFiles/MPU6050.dir/C_/VSARM/sdk/pico/pico-sdk/src/rp2_common/hardware_timer/timer.c.obj
 .text.hardware_alarm_claim
                0x10001e0c       0x18 CMakeFiles/MPU6050.dir/C_/VSARM/sdk/pico/pico-sdk/src/rp2_common/hardware_timer/timer.c.obj
                0x10001e0c                hardware_alarm_claim
 .text.time_us_64
                0x10001e24       0x14 CMakeFiles/MPU6050.dir/C_/VSARM/sdk/pico/pico-sdk/src/rp2_common/hardware_timer/timer.c.obj
                0x10001e24                time_us_64
 .text.busy_wait_until
                0x10001e38       0x20 CMakeFiles/MPU6050.dir/C_/VSARM/sdk/pico/pico-sdk/src/rp2_common/hardware_timer/timer.c.obj
                0x10001e38                busy_wait_until
 .text.hardware_alarm_set_callback
                0x10001e58       0x8c CMakeFiles/MPU6050.dir/C_/VSARM/sdk/pico/pico-sdk/src/rp2_common/hardware_timer/timer.c.obj
                0x10001e58                hardware_alarm_set_callback
 .text.hardware_alarm_set_target
                0x10001ee4       0xdc CMakeFiles/MPU6050.dir/C_/VSARM/sdk/pico/pico-sdk/src/rp2_common/hardware_timer/timer.c.obj
                0x10001ee4                hardware_alarm_set_target
 .text.hardware_alarm_cancel
                0x10001fc0       0x3c CMakeFiles/MPU6050.dir/C_/VSARM/sdk/pico/pico-sdk/src/rp2_common/hardware_timer/timer.c.obj
                0x10001fc0                hardware_alarm_cancel
 .text.ph_merge_nodes
                0x10001ffc       0x64 CMakeFiles/MPU6050.dir/C_/VSARM/sdk/pico/pico-sdk/src/common/pico_util/pheap.c.obj
 .text.ph_post_alloc_init
                0x10002060       0x3c CMakeFiles/MPU6050.dir/C_/VSARM/sdk/pico/pico-sdk/src/common/pico_util/pheap.c.obj
                0x10002060                ph_post_alloc_init
 .text.ph_merge_two_pass
                0x1000209c       0x98 CMakeFiles/MPU6050.dir/C_/VSARM/sdk/pico/pico-sdk/src/common/pico_util/pheap.c.obj
                0x1000209c                ph_merge_two_pass
 .text.ph_remove_any_head
                0x10002134      0x12c CMakeFiles/MPU6050.dir/C_/VSARM/sdk/pico/pico-sdk/src/common/pico_util/pheap.c.obj
 .text.ph_remove_head
                0x10002260      0x130 CMakeFiles/MPU6050.dir/C_/VSARM/sdk/pico/pico-sdk/src/common/pico_util/pheap.c.obj
                0x10002260                ph_remove_head
 .text.ph_remove_and_free_node
                0x10002390       0x78 CMakeFiles/MPU6050.dir/C_/VSARM/sdk/pico/pico-sdk/src/common/pico_util/pheap.c.obj
                0x10002390                ph_remove_and_free_node
 .text.mutex_init
                0x10002408       0x1c CMakeFiles/MPU6050.dir/C_/VSARM/sdk/pico/pico-sdk/src/common/pico_sync/mutex.c.obj
                0x10002408                mutex_init
 .text.recursive_mutex_init
                0x10002424       0x1c CMakeFiles/MPU6050.dir/C_/VSARM/sdk/pico/pico-sdk/src/common/pico_sync/mutex.c.obj
                0x10002424                recursive_mutex_init
 .text.critical_section_init
                0x10002440       0x1c CMakeFiles/MPU6050.dir/C_/VSARM/sdk/pico/pico-sdk/src/common/pico_sync/critical_section.c.obj
                0x10002440                critical_section_init
 .text.runtime_init
                0x1000245c       0xf0 CMakeFiles/MPU6050.dir/C_/VSARM/sdk/pico/pico-sdk/src/rp2_common/pico_runtime/runtime.c.obj
                0x1000245c                runtime_init
 .text._sbrk    0x1000254c       0x34 CMakeFiles/MPU6050.dir/C_/VSARM/sdk/pico/pico-sdk/src/rp2_common/pico_runtime/runtime.c.obj
                0x1000254c                _sbrk
 .text.exit     0x10002580        0x4 CMakeFiles/MPU6050.dir/C_/VSARM/sdk/pico/pico-sdk/src/rp2_common/pico_runtime/runtime.c.obj
                0x10002580                exit
 .text.panic    0x10002584       0x30 CMakeFiles/MPU6050.dir/C_/VSARM/sdk/pico/pico-sdk/src/rp2_common/pico_runtime/runtime.c.obj
                0x10002584                panic
 .text.hard_assertion_failure
                0x100025b4        0xc CMakeFiles/MPU6050.dir/C_/VSARM/sdk/pico/pico-sdk/src/rp2_common/pico_runtime/runtime.c.obj
                0x100025b4                hard_assertion_failure
 .text.clocks_init
                0x100025c0      0x2b4 CMakeFiles/MPU6050.dir/C_/VSARM/sdk/pico/pico-sdk/src/rp2_common/hardware_clocks/clocks.c.obj
                0x100025c0                clocks_init
 .text.clock_get_hz
                0x10002874        0xc CMakeFiles/MPU6050.dir/C_/VSARM/sdk/pico/pico-sdk/src/rp2_common/hardware_clocks/clocks.c.obj
                0x10002874                clock_get_hz
 .text.pll_init
                0x10002880       0xa8 CMakeFiles/MPU6050.dir/C_/VSARM/sdk/pico/pico-sdk/src/rp2_common/hardware_pll/pll.c.obj
                0x10002880                pll_init
 .text.watchdog_start_tick
                0x10002928       0x10 CMakeFiles/MPU6050.dir/C_/VSARM/sdk/pico/pico-sdk/src/rp2_common/hardware_watchdog/watchdog.c.obj
                0x10002928                watchdog_start_tick
 .text.watchdog_reboot
                0x10002938       0x9c CMakeFiles/MPU6050.dir/C_/VSARM/sdk/pico/pico-sdk/src/rp2_common/hardware_watchdog/watchdog.c.obj
                0x10002938                watchdog_reboot
 .text.xosc_init
                0x100029d4       0x28 CMakeFiles/MPU6050.dir/C_/VSARM/sdk/pico/pico-sdk/src/rp2_common/hardware_xosc/xosc.c.obj
                0x100029d4                xosc_init
 .text._out_null
                0x100029fc        0x4 CMakeFiles/MPU6050.dir/C_/VSARM/sdk/pico/pico-sdk/src/rp2_common/pico_printf/printf.c.obj
 .text._out_rev
                0x10002a00       0x90 CMakeFiles/MPU6050.dir/C_/VSARM/sdk/pico/pico-sdk/src/rp2_common/pico_printf/printf.c.obj
 .text._ntoa_format
                0x10002a90      0x1f4 CMakeFiles/MPU6050.dir/C_/VSARM/sdk/pico/pico-sdk/src/rp2_common/pico_printf/printf.c.obj
 .text._out_char
                0x10002c84       0x10 CMakeFiles/MPU6050.dir/C_/VSARM/sdk/pico/pico-sdk/src/rp2_common/pico_printf/printf.c.obj
 .text._out_fct
                0x10002c94       0x10 CMakeFiles/MPU6050.dir/C_/VSARM/sdk/pico/pico-sdk/src/rp2_common/pico_printf/printf.c.obj
 .text._etoa    0x10002ca4      0x454 CMakeFiles/MPU6050.dir/C_/VSARM/sdk/pico/pico-sdk/src/rp2_common/pico_printf/printf.c.obj
 .text._ftoa    0x100030f8      0x3c4 CMakeFiles/MPU6050.dir/C_/VSARM/sdk/pico/pico-sdk/src/rp2_common/pico_printf/printf.c.obj
 .text._vsnprintf
                0x100034bc      0xb24 CMakeFiles/MPU6050.dir/C_/VSARM/sdk/pico/pico-sdk/src/rp2_common/pico_printf/printf.c.obj
 .text.vfctprintf
                0x10003fe0       0x20 CMakeFiles/MPU6050.dir/C_/VSARM/sdk/pico/pico-sdk/src/rp2_common/pico_printf/printf.c.obj
                0x10003fe0                vfctprintf
 .text.weak_raw_vprintf
                0x10004000       0x30 CMakeFiles/MPU6050.dir/C_/VSARM/sdk/pico/pico-sdk/src/rp2_common/pico_printf/printf.c.obj
                0x10004000                weak_raw_vprintf
 .text          0x10004030       0x10 CMakeFiles/MPU6050.dir/C_/VSARM/sdk/pico/pico-sdk/src/rp2_common/pico_bit_ops/bit_ops_aeabi.S.obj
 .text.rom_func_lookup
                0x10004040       0x10 CMakeFiles/MPU6050.dir/C_/VSARM/sdk/pico/pico-sdk/src/rp2_common/pico_bootrom/bootrom.c.obj
                0x10004040                rom_func_lookup
 .text.rom_data_lookup
                0x10004050       0x10 CMakeFiles/MPU6050.dir/C_/VSARM/sdk/pico/pico-sdk/src/rp2_common/pico_bootrom/bootrom.c.obj
                0x10004050                rom_data_lookup
 .text.rom_funcs_lookup
                0x10004060       0x44 CMakeFiles/MPU6050.dir/C_/VSARM/sdk/pico/pico-sdk/src/rp2_common/pico_bootrom/bootrom.c.obj
                0x10004060                rom_funcs_lookup
 .text.__wrap___aeabi_idiv
                0x100040a4       0x50 CMakeFiles/MPU6050.dir/C_/VSARM/sdk/pico/pico-sdk/src/rp2_common/pico_divider/divider.S.obj
                0x100040a4                __wrap___aeabi_idivmod
                0x100040a4                divmod_s32s32
                0x100040a4                div_s32s32
                0x100040a4                __wrap___aeabi_idiv
                0x100040ac                divmod_s32s32_unsafe
                0x100040d8                divmod_s32s32_savestate
 .text.__wrap___aeabi_uidiv
                0x100040f4       0x4c CMakeFiles/MPU6050.dir/C_/VSARM/sdk/pico/pico-sdk/src/rp2_common/pico_divider/divider.S.obj
                0x100040f4                __wrap___aeabi_uidiv
                0x100040f4                __wrap___aeabi_uidivmod
                0x100040f4                div_u32u32
                0x100040f4                divmod_u32u32
                0x100040fc                divmod_u32u32_unsafe
                0x10004124                divmod_u32u32_savestate
 .text.__wrap___aeabi_ldiv
                0x10004140      0x434 CMakeFiles/MPU6050.dir/C_/VSARM/sdk/pico/pico-sdk/src/rp2_common/pico_divider/divider.S.obj
                0x10004140                div_s64s64
                0x10004140                divmod_s64s64
                0x10004140                __wrap___aeabi_ldivmod
                0x10004178                divmod_u64u64
                0x10004178                div_u64u64
                0x10004178                __wrap___aeabi_uldivmod
                0x10004188                divmod_u64u64_savestate
                0x100041b0                divmod_s64s64_unsafe
                0x10004238                divmod_u64u64_unsafe
 .text.push_r8_r11
                0x10004574        0xc CMakeFiles/MPU6050.dir/C_/VSARM/sdk/pico/pico-sdk/src/rp2_common/pico_double/double_aeabi.S.obj
                0x10004574                push_r8_r11
 .text.pop_r8_r11
                0x10004580        0xc CMakeFiles/MPU6050.dir/C_/VSARM/sdk/pico/pico-sdk/src/rp2_common/pico_double/double_aeabi.S.obj
                0x10004580                pop_r8_r11
 .text.__wrap___aeabi_darithmetic
                0x1000458c       0x80 CMakeFiles/MPU6050.dir/C_/VSARM/sdk/pico/pico-sdk/src/rp2_common/pico_double/double_aeabi.S.obj
                0x1000458c                __wrap___aeabi_drsub
                0x10004592                __wrap___aeabi_dsub
                0x100045a4                __wrap___aeabi_dadd
                0x100045b6                __wrap___aeabi_ddiv
                0x100045f2                __wrap___aeabi_dmul
 .text.__wrap___aeabi_cdcmple
                0x1000460c       0x6c CMakeFiles/MPU6050.dir/C_/VSARM/sdk/pico/pico-sdk/src/rp2_common/pico_double/double_aeabi.S.obj
                0x1000460c                __wrap___aeabi_cdrcmple
                0x1000461c                __wrap___aeabi_cdcmpeq
                0x1000461c                __wrap___aeabi_cdcmple
 .text.__wrap___aeabi_dcmplt
                0x10004678        0xc CMakeFiles/MPU6050.dir/C_/VSARM/sdk/pico/pico-sdk/src/rp2_common/pico_double/double_aeabi.S.obj
                0x10004678                __wrap___aeabi_dcmplt
 .text.__wrap___aeabi_dcmpge
                0x10004684       0x10 CMakeFiles/MPU6050.dir/C_/VSARM/sdk/pico/pico-sdk/src/rp2_common/pico_double/double_aeabi.S.obj
                0x10004684                __wrap___aeabi_dcmpge
 .text.__wrap___aeabi_dcmpgt
                0x10004694        0xa CMakeFiles/MPU6050.dir/C_/VSARM/sdk/pico/pico-sdk/src/rp2_common/pico_double/double_aeabi.S.obj
                0x10004694                __wrap___aeabi_dcmpgt
 .text.__wrap___aeabi_dcmpun
                0x1000469e       0x1c CMakeFiles/MPU6050.dir/C_/VSARM/sdk/pico/pico-sdk/src/rp2_common/pico_double/double_aeabi.S.obj
                0x1000469e                __wrap___aeabi_dcmpun
 *fill*         0x100046ba        0x2 
 .text.__wrap___aeabi_i2d
                0x100046bc       0x38 CMakeFiles/MPU6050.dir/C_/VSARM/sdk/pico/pico-sdk/src/rp2_common/pico_double/double_aeabi.S.obj
                0x100046bc                __wrap___aeabi_ui2d
                0x100046c4                __wrap___aeabi_i2d
 .text.__wrap___aeabi_d2iz
                0x100046f4       0x48 CMakeFiles/MPU6050.dir/C_/VSARM/sdk/pico/pico-sdk/src/rp2_common/pico_double/double_aeabi.S.obj
                0x100046f4                double2int_z
                0x100046f4                __wrap___aeabi_d2iz
 .text.__wrap___aeabi_d2uiz
                0x1000473c       0x18 CMakeFiles/MPU6050.dir/C_/VSARM/sdk/pico/pico-sdk/src/rp2_common/pico_double/double_aeabi.S.obj
                0x1000473c                __wrap___aeabi_d2uiz
                0x1000473c                double2uint
 .text.fix642double
                0x10004754       0x18 CMakeFiles/MPU6050.dir/C_/VSARM/sdk/pico/pico-sdk/src/rp2_common/pico_double/double_aeabi.S.obj
                0x10004754                fix642double
 .text.__wrap_srqt
                0x1000476c       0x18 CMakeFiles/MPU6050.dir/C_/VSARM/sdk/pico/pico-sdk/src/rp2_common/pico_double/double_aeabi.S.obj
                0x1000476c                __wrap_sqrt
 .text.__wrap_sincostan_remainder
                0x10004784       0x14 CMakeFiles/MPU6050.dir/C_/VSARM/sdk/pico/pico-sdk/src/rp2_common/pico_double/double_aeabi.S.obj
                0x10004784                sincostan_remainder
 .text.__wrap_sin
                0x10004798       0x2c CMakeFiles/MPU6050.dir/C_/VSARM/sdk/pico/pico-sdk/src/rp2_common/pico_double/double_aeabi.S.obj
                0x10004798                __wrap_sin
 .text.__wrap_atan2
                0x100047c4       0x18 CMakeFiles/MPU6050.dir/C_/VSARM/sdk/pico/pico-sdk/src/rp2_common/pico_double/double_aeabi.S.obj
                0x100047c4                __wrap_atan2
 .text.__aeabi_double_init
                0x100047dc       0x98 CMakeFiles/MPU6050.dir/C_/VSARM/sdk/pico/pico-sdk/src/rp2_common/pico_double/double_init_rom.c.obj
                0x100047dc                __aeabi_double_init
 .text.__wrap_atan
                0x10004874       0x40 CMakeFiles/MPU6050.dir/C_/VSARM/sdk/pico/pico-sdk/src/rp2_common/pico_double/double_math.c.obj
                0x10004874                __wrap_atan
 .text.__wrap_remquo
                0x100048b4      0x278 CMakeFiles/MPU6050.dir/C_/VSARM/sdk/pico/pico-sdk/src/rp2_common/pico_double/double_math.c.obj
                0x100048b4                __wrap_remquo
 .text.__wrap_remainder
                0x10004b2c       0x10 CMakeFiles/MPU6050.dir/C_/VSARM/sdk/pico/pico-sdk/src/rp2_common/pico_double/double_math.c.obj
                0x10004b2c                __wrap_remainder
 .text.double_table_shim_on_use_helper
                0x10004b3c       0x2c CMakeFiles/MPU6050.dir/C_/VSARM/sdk/pico/pico-sdk/src/rp2_common/pico_double/double_v1_rom_shim.S.obj
                0x10004b3c                double_table_shim_on_use_helper
 .text.__wrap___aeabi_dsub
                0x10004b68       0x10 CMakeFiles/MPU6050.dir/C_/VSARM/sdk/pico/pico-sdk/src/rp2_common/pico_double/double_v1_rom_shim.S.obj
                0x10004b68                drsub_shim
                0x10004b6e                dsub_shim
 .text.dadd_shim
                0x10004b78      0x15c CMakeFiles/MPU6050.dir/C_/VSARM/sdk/pico/pico-sdk/src/rp2_common/pico_double/double_v1_rom_shim.S.obj
                0x10004b78                dadd_shim
 .text.dmul_shim
                0x10004cd4      0x15c CMakeFiles/MPU6050.dir/C_/VSARM/sdk/pico/pico-sdk/src/rp2_common/pico_double/double_v1_rom_shim.S.obj
                0x10004cd4                dmul_shim
 .text.ddiv_shim
                0x10004e30      0x1b0 CMakeFiles/MPU6050.dir/C_/VSARM/sdk/pico/pico-sdk/src/rp2_common/pico_double/double_v1_rom_shim.S.obj
                0x10004e30                ddiv_shim
 .text.dsqrt_shim
                0x10004fe0      0x1a8 CMakeFiles/MPU6050.dir/C_/VSARM/sdk/pico/pico-sdk/src/rp2_common/pico_double/double_v1_rom_shim.S.obj
                0x10004ffc                dsqrt_shim
 .text.dcordic_vec_step
                0x10005188        0xe CMakeFiles/MPU6050.dir/C_/VSARM/sdk/pico/pico-sdk/src/rp2_common/pico_double/double_v1_rom_shim.S.obj
                0x10005188                dcordic_vec_step
 .text.dcordic_rot_step
                0x10005196       0x76 CMakeFiles/MPU6050.dir/C_/VSARM/sdk/pico/pico-sdk/src/rp2_common/pico_double/double_v1_rom_shim.S.obj
                0x10005196                dcordic_rot_step
 .text.double2uint_shim
                0x1000520c        0xe CMakeFiles/MPU6050.dir/C_/VSARM/sdk/pico/pico-sdk/src/rp2_common/pico_double/double_v1_rom_shim.S.obj
                0x1000520c                double2uint_shim
                0x1000520e                double2ufix_shim
 .text.double2int64_shim
                0x1000521a       0x1a CMakeFiles/MPU6050.dir/C_/VSARM/sdk/pico/pico-sdk/src/rp2_common/pico_double/double_v1_rom_shim.S.obj
                0x1000521a                double2int64_shim
                0x1000521c                double2fix64_shim
 .text.double2uint64_shim
                0x10005234       0x70 CMakeFiles/MPU6050.dir/C_/VSARM/sdk/pico/pico-sdk/src/rp2_common/pico_double/double_v1_rom_shim.S.obj
                0x10005234                double2uint64_shim
                0x10005236                double2ufix64_shim
                0x10005256                d2fix_a
 .text.x2double_shims
                0x100052a4       0x90 CMakeFiles/MPU6050.dir/C_/VSARM/sdk/pico/pico-sdk/src/rp2_common/pico_double/double_v1_rom_shim.S.obj
                0x100052a4                uint2double_shim
                0x100052a6                ufix2double_shim
                0x100052ac                int2double_shim
                0x100052ae                fix2double_shim
                0x100052b4                uint642double_shim
                0x100052b6                ufix642double_shim
                0x100052bc                int642double_shim
                0x100052be                fix642double_shim
 .text.dunpacks
                0x10005334       0x3c CMakeFiles/MPU6050.dir/C_/VSARM/sdk/pico/pico-sdk/src/rp2_common/pico_double/double_v1_rom_shim.S.obj
                0x10005334                dunpacks
 .text.dreduce  0x10005370       0x82 CMakeFiles/MPU6050.dir/C_/VSARM/sdk/pico/pico-sdk/src/rp2_common/pico_double/double_v1_rom_shim.S.obj
                0x10005370                dreduce
 .text.dsin_shim
                0x100053f2       0x14 CMakeFiles/MPU6050.dir/C_/VSARM/sdk/pico/pico-sdk/src/rp2_common/pico_double/double_v1_rom_shim.S.obj
                0x100053f2                dsin_shim
 *fill*         0x10005406        0x2 
 .text.dtrig_guts
                0x10005408      0x2ec CMakeFiles/MPU6050.dir/C_/VSARM/sdk/pico/pico-sdk/src/rp2_common/pico_double/double_v1_rom_shim.S.obj
                0x100054e0                datan2_shim
 .text.__aeabi_lmul
                0x100056f4       0x32 CMakeFiles/MPU6050.dir/C_/VSARM/sdk/pico/pico-sdk/src/rp2_common/pico_int64_ops/pico_int64_ops_aeabi.S.obj
                0x100056f4                __wrap___aeabi_lmul
 *fill*         0x10005726        0x2 
 .text.__aeabi_float_init
                0x10005728       0x64 CMakeFiles/MPU6050.dir/C_/VSARM/sdk/pico/pico-sdk/src/rp2_common/pico_float/float_init_rom.c.obj
                0x10005728                __aeabi_float_init
 .text.float_table_shim_on_use_helper
                0x1000578c       0x2c CMakeFiles/MPU6050.dir/C_/VSARM/sdk/pico/pico-sdk/src/rp2_common/pico_float/float_v1_rom_shim.S.obj
                0x1000578c                float_table_shim_on_use_helper
 .text.__wrap_malloc
                0x100057b8       0x24 CMakeFiles/MPU6050.dir/C_/VSARM/sdk/pico/pico-sdk/src/rp2_common/pico_malloc/pico_malloc.c.obj
                0x100057b8                __wrap_malloc
 .text.__wrap_free
                0x100057dc        0x8 CMakeFiles/MPU6050.dir/C_/VSARM/sdk/pico/pico-sdk/src/rp2_common/pico_malloc/pico_malloc.c.obj
                0x100057dc                __wrap_free
 .text          0x100057e4       0x10 CMakeFiles/MPU6050.dir/C_/VSARM/sdk/pico/pico-sdk/src/rp2_common/pico_mem_ops/mem_ops_aeabi.S.obj
                0x100057e4                __aeabi_mem_init
 .text.memset   0x100057f4        0xc CMakeFiles/MPU6050.dir/C_/VSARM/sdk/pico/pico-sdk/src/rp2_common/pico_mem_ops/mem_ops_aeabi.S.obj
                0x100057f4                __wrap_memset
 .text.memcpy   0x10005800        0xc CMakeFiles/MPU6050.dir/C_/VSARM/sdk/pico/pico-sdk/src/rp2_common/pico_mem_ops/mem_ops_aeabi.S.obj
                0x10005800                __wrap_memcpy
                0x10005800                __wrap___aeabi_memcpy
 .text.stdio_out_chars_crlf
                0x1000580c       0xbc CMakeFiles/MPU6050.dir/C_/VSARM/sdk/pico/pico-sdk/src/rp2_common/pico_stdio/stdio.c.obj
 .text.stdio_buffered_printer
                0x100058c8       0x64 CMakeFiles/MPU6050.dir/C_/VSARM/sdk/pico/pico-sdk/src/rp2_common/pico_stdio/stdio.c.obj
 .text.__wrap_putchar
                0x1000592c       0xa4 CMakeFiles/MPU6050.dir/C_/VSARM/sdk/pico/pico-sdk/src/rp2_common/pico_stdio/stdio.c.obj
                0x1000592c                __wrap_putchar
 .text.__wrap_puts
                0x100059d0       0xe8 CMakeFiles/MPU6050.dir/C_/VSARM/sdk/pico/pico-sdk/src/rp2_common/pico_stdio/stdio.c.obj
                0x100059d0                __wrap_puts
 .text.stdio_set_driver_enabled
                0x10005ab8       0x30 CMakeFiles/MPU6050.dir/C_/VSARM/sdk/pico/pico-sdk/src/rp2_common/pico_stdio/stdio.c.obj
                0x10005ab8                stdio_set_driver_enabled
 .text.__wrap_vprintf
                0x10005ae8       0xd4 CMakeFiles/MPU6050.dir/C_/VSARM/sdk/pico/pico-sdk/src/rp2_common/pico_stdio/stdio.c.obj
                0x10005ae8                __wrap_vprintf
 .text.__wrap_printf
                0x10005bbc       0x18 CMakeFiles/MPU6050.dir/C_/VSARM/sdk/pico/pico-sdk/src/rp2_common/pico_stdio/stdio.c.obj
                0x10005bbc                __wrap_printf
 .text.stdio_init_all
                0x10005bd4        0x8 CMakeFiles/MPU6050.dir/C_/VSARM/sdk/pico/pico-sdk/src/rp2_common/pico_stdio/stdio.c.obj
                0x10005bd4                stdio_init_all
 .text.resetd_init
                0x10005bdc        0x4 CMakeFiles/MPU6050.dir/C_/VSARM/sdk/pico/pico-sdk/src/rp2_common/pico_stdio_usb/reset_interface.c.obj
 .text.resetd_reset
                0x10005be0        0xc CMakeFiles/MPU6050.dir/C_/VSARM/sdk/pico/pico-sdk/src/rp2_common/pico_stdio_usb/reset_interface.c.obj
 .text.resetd_open
                0x10005bec       0x28 CMakeFiles/MPU6050.dir/C_/VSARM/sdk/pico/pico-sdk/src/rp2_common/pico_stdio_usb/reset_interface.c.obj
 .text.resetd_xfer_cb
                0x10005c14        0x4 CMakeFiles/MPU6050.dir/C_/VSARM/sdk/pico/pico-sdk/src/rp2_common/pico_stdio_usb/reset_interface.c.obj
 .text.resetd_control_xfer_cb
                0x10005c18       0x60 CMakeFiles/MPU6050.dir/C_/VSARM/sdk/pico/pico-sdk/src/rp2_common/pico_stdio_usb/reset_interface.c.obj
 .text.usbd_app_driver_get_cb
                0x10005c78        0xc CMakeFiles/MPU6050.dir/C_/VSARM/sdk/pico/pico-sdk/src/rp2_common/pico_stdio_usb/reset_interface.c.obj
                0x10005c78                usbd_app_driver_get_cb
 .text.tud_cdc_line_coding_cb
                0x10005c84       0x34 CMakeFiles/MPU6050.dir/C_/VSARM/sdk/pico/pico-sdk/src/rp2_common/pico_stdio_usb/reset_interface.c.obj
                0x10005c84                tud_cdc_line_coding_cb
 .text.stdio_usb_in_chars
                0x10005cb8       0x68 CMakeFiles/MPU6050.dir/C_/VSARM/sdk/pico/pico-sdk/src/rp2_common/pico_stdio_usb/stdio_usb.c.obj
                0x10005cb8                stdio_usb_in_chars
 .text.stdio_usb_out_chars
                0x10005d20       0xe8 CMakeFiles/MPU6050.dir/C_/VSARM/sdk/pico/pico-sdk/src/rp2_common/pico_stdio_usb/stdio_usb.c.obj
 .text.timer_task
                0x10005e08       0x18 CMakeFiles/MPU6050.dir/C_/VSARM/sdk/pico/pico-sdk/src/rp2_common/pico_stdio_usb/stdio_usb.c.obj
 .text.usb_irq  0x10005e20       0x10 CMakeFiles/MPU6050.dir/C_/VSARM/sdk/pico/pico-sdk/src/rp2_common/pico_stdio_usb/stdio_usb.c.obj
 .text.low_priority_worker_irq
                0x10005e30       0x24 CMakeFiles/MPU6050.dir/C_/VSARM/sdk/pico/pico-sdk/src/rp2_common/pico_stdio_usb/stdio_usb.c.obj
 .text.stdio_usb_init
                0x10005e54       0xb0 CMakeFiles/MPU6050.dir/C_/VSARM/sdk/pico/pico-sdk/src/rp2_common/pico_stdio_usb/stdio_usb.c.obj
                0x10005e54                stdio_usb_init
 .text.tud_descriptor_device_cb
                0x10005f04        0x8 CMakeFiles/MPU6050.dir/C_/VSARM/sdk/pico/pico-sdk/src/rp2_common/pico_stdio_usb/stdio_usb_descriptors.c.obj
                0x10005f04                tud_descriptor_device_cb
 .text.tud_descriptor_configuration_cb
                0x10005f0c        0x8 CMakeFiles/MPU6050.dir/C_/VSARM/sdk/pico/pico-sdk/src/rp2_common/pico_stdio_usb/stdio_usb_descriptors.c.obj
                0x10005f0c                tud_descriptor_configuration_cb
 .text.tud_descriptor_string_cb
                0x10005f14       0x78 CMakeFiles/MPU6050.dir/C_/VSARM/sdk/pico/pico-sdk/src/rp2_common/pico_stdio_usb/stdio_usb_descriptors.c.obj
                0x10005f14                tud_descriptor_string_cb
 .text.dcd_rp2040_irq
                0x10005f8c      0x1d0 CMakeFiles/MPU6050.dir/C_/VSARM/sdk/pico/pico-sdk/lib/tinyusb/src/portable/raspberrypi/rp2040/dcd_rp2040.c.obj
 .text.dcd_int_enable
                0x1000615c        0xc CMakeFiles/MPU6050.dir/C_/VSARM/sdk/pico/pico-sdk/lib/tinyusb/src/portable/raspberrypi/rp2040/dcd_rp2040.c.obj
                0x1000615c                dcd_int_enable
 .text.dcd_set_address
                0x10006168       0x14 CMakeFiles/MPU6050.dir/C_/VSARM/sdk/pico/pico-sdk/lib/tinyusb/src/portable/raspberrypi/rp2040/dcd_rp2040.c.obj
                0x10006168                dcd_set_address
 .text.dcd_connect
                0x1000617c       0x10 CMakeFiles/MPU6050.dir/C_/VSARM/sdk/pico/pico-sdk/lib/tinyusb/src/portable/raspberrypi/rp2040/dcd_rp2040.c.obj
                0x1000617c                dcd_connect
 .text.dcd_init
                0x1000618c       0xf0 CMakeFiles/MPU6050.dir/C_/VSARM/sdk/pico/pico-sdk/lib/tinyusb/src/portable/raspberrypi/rp2040/dcd_rp2040.c.obj
                0x1000618c                dcd_init
 .text.dcd_edpt0_status_complete
                0x1000627c       0x1c CMakeFiles/MPU6050.dir/C_/VSARM/sdk/pico/pico-sdk/lib/tinyusb/src/portable/raspberrypi/rp2040/dcd_rp2040.c.obj
                0x1000627c                dcd_edpt0_status_complete
 .text.dcd_edpt_open
                0x10006298       0xf0 CMakeFiles/MPU6050.dir/C_/VSARM/sdk/pico/pico-sdk/lib/tinyusb/src/portable/raspberrypi/rp2040/dcd_rp2040.c.obj
                0x10006298                dcd_edpt_open
 .text.dcd_edpt_close_all
                0x10006388       0x68 CMakeFiles/MPU6050.dir/C_/VSARM/sdk/pico/pico-sdk/lib/tinyusb/src/portable/raspberrypi/rp2040/dcd_rp2040.c.obj
                0x10006388                dcd_edpt_close_all
 .text.dcd_edpt_xfer
                0x100063f0       0x24 CMakeFiles/MPU6050.dir/C_/VSARM/sdk/pico/pico-sdk/lib/tinyusb/src/portable/raspberrypi/rp2040/dcd_rp2040.c.obj
                0x100063f0                dcd_edpt_xfer
 .text.dcd_edpt_stall
                0x10006414       0x38 CMakeFiles/MPU6050.dir/C_/VSARM/sdk/pico/pico-sdk/lib/tinyusb/src/portable/raspberrypi/rp2040/dcd_rp2040.c.obj
                0x10006414                dcd_edpt_stall
 .text.dcd_edpt_clear_stall
                0x1000644c       0x30 CMakeFiles/MPU6050.dir/C_/VSARM/sdk/pico/pico-sdk/lib/tinyusb/src/portable/raspberrypi/rp2040/dcd_rp2040.c.obj
                0x1000644c                dcd_edpt_clear_stall
 .text._hw_endpoint_buffer_control_update32.part.0.isra.0
                0x1000647c       0x1c CMakeFiles/MPU6050.dir/C_/VSARM/sdk/pico/pico-sdk/lib/tinyusb/src/portable/raspberrypi/rp2040/rp2040_usb.c.obj
 .text.rp2040_usb_init
                0x10006498       0x4c CMakeFiles/MPU6050.dir/C_/VSARM/sdk/pico/pico-sdk/lib/tinyusb/src/portable/raspberrypi/rp2040/rp2040_usb.c.obj
                0x10006498                rp2040_usb_init
 .text.hw_endpoint_reset_transfer
                0x100064e4        0xc CMakeFiles/MPU6050.dir/C_/VSARM/sdk/pico/pico-sdk/lib/tinyusb/src/portable/raspberrypi/rp2040/rp2040_usb.c.obj
                0x100064e4                hw_endpoint_reset_transfer
 .text._hw_endpoint_buffer_control_update32
                0x100064f0       0x44 CMakeFiles/MPU6050.dir/C_/VSARM/sdk/pico/pico-sdk/lib/tinyusb/src/portable/raspberrypi/rp2040/rp2040_usb.c.obj
                0x100064f0                _hw_endpoint_buffer_control_update32
 .text.hw_endpoint_xfer_start
                0x10006534      0x138 CMakeFiles/MPU6050.dir/C_/VSARM/sdk/pico/pico-sdk/lib/tinyusb/src/portable/raspberrypi/rp2040/rp2040_usb.c.obj
                0x10006534                hw_endpoint_xfer_start
 .text.hw_endpoint_xfer_continue
                0x1000666c      0x1dc CMakeFiles/MPU6050.dir/C_/VSARM/sdk/pico/pico-sdk/lib/tinyusb/src/portable/raspberrypi/rp2040/rp2040_usb.c.obj
                0x1000666c                hw_endpoint_xfer_continue
 .text.tud_mounted
                0x10006848       0x10 CMakeFiles/MPU6050.dir/C_/VSARM/sdk/pico/pico-sdk/lib/tinyusb/src/device/usbd.c.obj
                0x10006848                tud_mounted
 .text.tud_suspended
                0x10006858       0x10 CMakeFiles/MPU6050.dir/C_/VSARM/sdk/pico/pico-sdk/lib/tinyusb/src/device/usbd.c.obj
                0x10006858                tud_suspended
 .text.tud_inited
                0x10006868        0xc CMakeFiles/MPU6050.dir/C_/VSARM/sdk/pico/pico-sdk/lib/tinyusb/src/device/usbd.c.obj
                0x10006868                tud_inited
 .text.tud_init
                0x10006874       0xe0 CMakeFiles/MPU6050.dir/C_/VSARM/sdk/pico/pico-sdk/lib/tinyusb/src/device/usbd.c.obj
                0x10006874                tud_init
 .text.tud_task
                0x10006954      0x8f0 CMakeFiles/MPU6050.dir/C_/VSARM/sdk/pico/pico-sdk/lib/tinyusb/src/device/usbd.c.obj
                0x10006954                tud_task
 .text.dcd_event_bus_signal
                0x10007244      0x124 CMakeFiles/MPU6050.dir/C_/VSARM/sdk/pico/pico-sdk/lib/tinyusb/src/device/usbd.c.obj
                0x10007244                dcd_event_bus_signal
 .text.dcd_event_bus_reset
                0x10007368       0x58 CMakeFiles/MPU6050.dir/C_/VSARM/sdk/pico/pico-sdk/lib/tinyusb/src/device/usbd.c.obj
                0x10007368                dcd_event_bus_reset
 .text.dcd_event_setup_received
                0x100073c0       0x50 CMakeFiles/MPU6050.dir/C_/VSARM/sdk/pico/pico-sdk/lib/tinyusb/src/device/usbd.c.obj
                0x100073c0                dcd_event_setup_received
 .text.dcd_event_xfer_complete
                0x10007410       0x68 CMakeFiles/MPU6050.dir/C_/VSARM/sdk/pico/pico-sdk/lib/tinyusb/src/device/usbd.c.obj
                0x10007410                dcd_event_xfer_complete
 .text.usbd_open_edpt_pair
                0x10007478       0x94 CMakeFiles/MPU6050.dir/C_/VSARM/sdk/pico/pico-sdk/lib/tinyusb/src/device/usbd.c.obj
                0x10007478                usbd_open_edpt_pair
 .text.usbd_edpt_open
                0x1000750c       0x30 CMakeFiles/MPU6050.dir/C_/VSARM/sdk/pico/pico-sdk/lib/tinyusb/src/device/usbd.c.obj
                0x1000750c                usbd_edpt_open
 .text.usbd_edpt_claim
                0x1000753c       0x64 CMakeFiles/MPU6050.dir/C_/VSARM/sdk/pico/pico-sdk/lib/tinyusb/src/device/usbd.c.obj
                0x1000753c                usbd_edpt_claim
 .text.usbd_edpt_release
                0x100075a0       0x4c CMakeFiles/MPU6050.dir/C_/VSARM/sdk/pico/pico-sdk/lib/tinyusb/src/device/usbd.c.obj
                0x100075a0                usbd_edpt_release
 .text.usbd_edpt_xfer
                0x100075ec       0x44 CMakeFiles/MPU6050.dir/C_/VSARM/sdk/pico/pico-sdk/lib/tinyusb/src/device/usbd.c.obj
                0x100075ec                usbd_edpt_xfer
 .text.tud_control_status
                0x10007630       0x2c CMakeFiles/MPU6050.dir/C_/VSARM/sdk/pico/pico-sdk/lib/tinyusb/src/device/usbd_control.c.obj
                0x10007630                tud_control_status
 .text.tud_control_xfer
                0x1000765c       0xac CMakeFiles/MPU6050.dir/C_/VSARM/sdk/pico/pico-sdk/lib/tinyusb/src/device/usbd_control.c.obj
                0x1000765c                tud_control_xfer
 .text.usbd_control_reset
                0x10007708       0x14 CMakeFiles/MPU6050.dir/C_/VSARM/sdk/pico/pico-sdk/lib/tinyusb/src/device/usbd_control.c.obj
                0x10007708                usbd_control_reset
 .text.usbd_control_set_complete_callback
                0x1000771c        0xc CMakeFiles/MPU6050.dir/C_/VSARM/sdk/pico/pico-sdk/lib/tinyusb/src/device/usbd_control.c.obj
                0x1000771c                usbd_control_set_complete_callback
 .text.usbd_control_set_request
                0x10007728       0x1c CMakeFiles/MPU6050.dir/C_/VSARM/sdk/pico/pico-sdk/lib/tinyusb/src/device/usbd_control.c.obj
                0x10007728                usbd_control_set_request
 .text.usbd_control_xfer_cb
                0x10007744       0xf4 CMakeFiles/MPU6050.dir/C_/VSARM/sdk/pico/pico-sdk/lib/tinyusb/src/device/usbd_control.c.obj
                0x10007744                usbd_control_xfer_cb
 .text.tud_cdc_n_connected
                0x10007838       0x30 CMakeFiles/MPU6050.dir/C_/VSARM/sdk/pico/pico-sdk/lib/tinyusb/src/class/cdc/cdc_device.c.obj
                0x10007838                tud_cdc_n_connected
 .text.tud_cdc_n_available
                0x10007868       0x18 CMakeFiles/MPU6050.dir/C_/VSARM/sdk/pico/pico-sdk/lib/tinyusb/src/class/cdc/cdc_device.c.obj
                0x10007868                tud_cdc_n_available
 .text.tud_cdc_n_read
                0x10007880       0x70 CMakeFiles/MPU6050.dir/C_/VSARM/sdk/pico/pico-sdk/lib/tinyusb/src/class/cdc/cdc_device.c.obj
                0x10007880                tud_cdc_n_read
 .text.tud_cdc_n_write_flush
                0x100078f0       0x78 CMakeFiles/MPU6050.dir/C_/VSARM/sdk/pico/pico-sdk/lib/tinyusb/src/class/cdc/cdc_device.c.obj
                0x100078f0                tud_cdc_n_write_flush
 .text.tud_cdc_n_write
                0x10007968       0x34 CMakeFiles/MPU6050.dir/C_/VSARM/sdk/pico/pico-sdk/lib/tinyusb/src/class/cdc/cdc_device.c.obj
                0x10007968                tud_cdc_n_write
 .text.tud_cdc_n_write_available
                0x1000799c       0x18 CMakeFiles/MPU6050.dir/C_/VSARM/sdk/pico/pico-sdk/lib/tinyusb/src/class/cdc/cdc_device.c.obj
                0x1000799c                tud_cdc_n_write_available
 .text.cdcd_init
                0x100079b4       0x7c CMakeFiles/MPU6050.dir/C_/VSARM/sdk/pico/pico-sdk/lib/tinyusb/src/class/cdc/cdc_device.c.obj
                0x100079b4                cdcd_init
 .text.cdcd_reset
                0x10007a30       0x2c CMakeFiles/MPU6050.dir/C_/VSARM/sdk/pico/pico-sdk/lib/tinyusb/src/class/cdc/cdc_device.c.obj
                0x10007a30                cdcd_reset
 .text.cdcd_open
                0x10007a5c       0xe4 CMakeFiles/MPU6050.dir/C_/VSARM/sdk/pico/pico-sdk/lib/tinyusb/src/class/cdc/cdc_device.c.obj
                0x10007a5c                cdcd_open
 .text.cdcd_control_xfer_cb
                0x10007b40       0xe4 CMakeFiles/MPU6050.dir/C_/VSARM/sdk/pico/pico-sdk/lib/tinyusb/src/class/cdc/cdc_device.c.obj
                0x10007b40                cdcd_control_xfer_cb
 .text.cdcd_xfer_cb
                0x10007c24      0x13c CMakeFiles/MPU6050.dir/C_/VSARM/sdk/pico/pico-sdk/lib/tinyusb/src/class/cdc/cdc_device.c.obj
                0x10007c24                cdcd_xfer_cb
 .text.tusb_init
                0x10007d60        0xc CMakeFiles/MPU6050.dir/C_/VSARM/sdk/pico/pico-sdk/lib/tinyusb/src/tusb.c.obj
                0x10007d60                tusb_init
 .text.tusb_inited
                0x10007d6c        0x8 CMakeFiles/MPU6050.dir/C_/VSARM/sdk/pico/pico-sdk/lib/tinyusb/src/tusb.c.obj
                0x10007d6c                tusb_inited
 .text.tu_edpt_validate
                0x10007d74       0x80 CMakeFiles/MPU6050.dir/C_/VSARM/sdk/pico/pico-sdk/lib/tinyusb/src/tusb.c.obj
                0x10007d74                tu_edpt_validate
 .text.tu_edpt_bind_driver
                0x10007df4       0x2c CMakeFiles/MPU6050.dir/C_/VSARM/sdk/pico/pico-sdk/lib/tinyusb/src/tusb.c.obj
                0x10007df4                tu_edpt_bind_driver
 .text.tu_fifo_config
                0x10007e20       0x74 CMakeFiles/MPU6050.dir/C_/VSARM/sdk/pico/pico-sdk/lib/tinyusb/src/common/tusb_fifo.c.obj
                0x10007e20                tu_fifo_config
 .text.tu_fifo_count
                0x10007e94       0x20 CMakeFiles/MPU6050.dir/C_/VSARM/sdk/pico/pico-sdk/lib/tinyusb/src/common/tusb_fifo.c.obj
                0x10007e94                tu_fifo_count
 .text.tu_fifo_empty
                0x10007eb4       0x10 CMakeFiles/MPU6050.dir/C_/VSARM/sdk/pico/pico-sdk/lib/tinyusb/src/common/tusb_fifo.c.obj
                0x10007eb4                tu_fifo_empty
 .text.tu_fifo_remaining
                0x10007ec4       0x1c CMakeFiles/MPU6050.dir/C_/VSARM/sdk/pico/pico-sdk/lib/tinyusb/src/common/tusb_fifo.c.obj
                0x10007ec4                tu_fifo_remaining
 .text.tu_fifo_read
                0x10007ee0       0xa4 CMakeFiles/MPU6050.dir/C_/VSARM/sdk/pico/pico-sdk/lib/tinyusb/src/common/tusb_fifo.c.obj
                0x10007ee0                tu_fifo_read
 .text.tu_fifo_read_n
                0x10007f84      0x100 CMakeFiles/MPU6050.dir/C_/VSARM/sdk/pico/pico-sdk/lib/tinyusb/src/common/tusb_fifo.c.obj
                0x10007f84                tu_fifo_read_n
 .text.tu_fifo_write
                0x10008084       0x78 CMakeFiles/MPU6050.dir/C_/VSARM/sdk/pico/pico-sdk/lib/tinyusb/src/common/tusb_fifo.c.obj
                0x10008084                tu_fifo_write
 .text.tu_fifo_write_n
                0x100080fc      0x100 CMakeFiles/MPU6050.dir/C_/VSARM/sdk/pico/pico-sdk/lib/tinyusb/src/common/tusb_fifo.c.obj
                0x100080fc                tu_fifo_write_n
 .text.tu_fifo_clear
                0x100081fc       0x4c CMakeFiles/MPU6050.dir/C_/VSARM/sdk/pico/pico-sdk/lib/tinyusb/src/common/tusb_fifo.c.obj
                0x100081fc                tu_fifo_clear
 .text.tu_fifo_set_overwritable
                0x10008248       0x3c CMakeFiles/MPU6050.dir/C_/VSARM/sdk/pico/pico-sdk/lib/tinyusb/src/common/tusb_fifo.c.obj
                0x10008248                tu_fifo_set_overwritable
 .text.startup._retrieve_unique_id_on_boot
                0x10008284       0x10 CMakeFiles/MPU6050.dir/C_/VSARM/sdk/pico/pico-sdk/src/rp2_common/pico_unique_id/unique_id.c.obj
 .text.pico_get_unique_board_id_string
                0x10008294      0x1a8 CMakeFiles/MPU6050.dir/C_/VSARM/sdk/pico/pico-sdk/src/rp2_common/pico_unique_id/unique_id.c.obj
                0x10008294                pico_get_unique_board_id_string
 .text.flash_get_unique_id
                0x1000843c       0x40 CMakeFiles/MPU6050.dir/C_/VSARM/sdk/pico/pico-sdk/src/rp2_common/hardware_flash/flash.c.obj
                0x1000843c                flash_get_unique_id
 .text.i2c_set_baudrate
                0x1000847c       0xc4 CMakeFiles/MPU6050.dir/C_/VSARM/sdk/pico/pico-sdk/src/rp2_common/hardware_i2c/i2c.c.obj
                0x1000847c                i2c_set_baudrate
 .text.i2c_init
                0x10008540       0x54 CMakeFiles/MPU6050.dir/C_/VSARM/sdk/pico/pico-sdk/src/rp2_common/hardware_i2c/i2c.c.obj
                0x10008540                i2c_init
 .text.i2c_write_blocking
                0x10008594       0xd0 CMakeFiles/MPU6050.dir/C_/VSARM/sdk/pico/pico-sdk/src/rp2_common/hardware_i2c/i2c.c.obj
                0x10008594                i2c_write_blocking
 .text.i2c_read_blocking
                0x10008664       0x90 CMakeFiles/MPU6050.dir/C_/VSARM/sdk/pico/pico-sdk/src/rp2_common/hardware_i2c/i2c.c.obj
                0x10008664                i2c_read_blocking
 .text.adc_init
                0x100086f4       0x38 CMakeFiles/MPU6050.dir/C_/VSARM/sdk/pico/pico-sdk/src/rp2_common/hardware_adc/adc.c.obj
                0x100086f4                adc_init
 .text.malloc   0x1000872c       0x14 c:/vsarm/armcc/1213fb~1.2mp/bin/../lib/gcc/arm-none-eabi/12.2.0/thumb/v6-m/nofp\libc.a(libc_a-malloc.o)
                0x1000872c                malloc
 .text.free     0x10008740       0x14 c:/vsarm/armcc/1213fb~1.2mp/bin/../lib/gcc/arm-none-eabi/12.2.0/thumb/v6-m/nofp\libc.a(libc_a-malloc.o)
                0x10008740                free
 .text._malloc_r
                0x10008754      0x55c c:/vsarm/armcc/1213fb~1.2mp/bin/../lib/gcc/arm-none-eabi/12.2.0/thumb/v6-m/nofp\libc.a(libc_a-mallocr.o)
                0x10008754                _malloc_r
 .text.__malloc_lock
                0x10008cb0       0x10 c:/vsarm/armcc/1213fb~1.2mp/bin/../lib/gcc/arm-none-eabi/12.2.0/thumb/v6-m/nofp\libc.a(libc_a-mlock.o)
                0x10008cb0                __malloc_lock
 .text.__malloc_unlock
                0x10008cc0       0x10 c:/vsarm/armcc/1213fb~1.2mp/bin/../lib/gcc/arm-none-eabi/12.2.0/thumb/v6-m/nofp\libc.a(libc_a-mlock.o)
                0x10008cc0                __malloc_unlock
 .text.strncmp  0x10008cd0       0x68 c:/vsarm/armcc/1213fb~1.2mp/bin/../lib/gcc/arm-none-eabi/12.2.0/thumb/v6-m/nofp\libc.a(libc_a-strncmp.o)
                0x10008cd0                strncmp
 .text._sbrk_r  0x10008d38       0x24 c:/vsarm/armcc/1213fb~1.2mp/bin/../lib/gcc/arm-none-eabi/12.2.0/thumb/v6-m/nofp\libc.a(libc_a-sbrkr.o)
                0x10008d38                _sbrk_r
 .text.__retarget_lock_acquire_recursive
                0x10008d5c        0x4 c:/vsarm/armcc/1213fb~1.2mp/bin/../lib/gcc/arm-none-eabi/12.2.0/thumb/v6-m/nofp\libc.a(libc_a-lock.o)
                0x10008d5c                __retarget_lock_acquire_recursive
 .text.__retarget_lock_release_recursive
                0x10008d60        0x4 c:/vsarm/armcc/1213fb~1.2mp/bin/../lib/gcc/arm-none-eabi/12.2.0/thumb/v6-m/nofp\libc.a(libc_a-lock.o)
                0x10008d60                __retarget_lock_release_recursive
 .text.strlen   0x10008d64       0x5c c:/vsarm/armcc/1213fb~1.2mp/bin/../lib/gcc/arm-none-eabi/12.2.0/thumb/v6-m/nofp\libc.a(libc_a-strlen-stub.o)
                0x10008d64                strlen
 .text._malloc_trim_r
                0x10008dc0       0xa8 c:/vsarm/armcc/1213fb~1.2mp/bin/../lib/gcc/arm-none-eabi/12.2.0/thumb/v6-m/nofp\libc.a(libc_a-freer.o)
                0x10008dc0                _malloc_trim_r
 .text._free_r  0x10008e68      0x1c0 c:/vsarm/armcc/1213fb~1.2mp/bin/../lib/gcc/arm-none-eabi/12.2.0/thumb/v6-m/nofp\libc.a(libc_a-freer.o)
                0x10008e68                _free_r
 *(.fini)
 .fini          0x10009028        0x4 c:/vsarm/armcc/1213fb~1.2mp/bin/../lib/gcc/arm-none-eabi/12.2.0/thumb/v6-m/nofp/crti.o
                0x10009028                _fini
 *fill*         0x1000902c        0x4 
 .fini.__stub   0x10009030       0x70 linker stubs
 *crtbegin.o(.ctors)
 *crtbegin?.o(.ctors)
 *(EXCLUDE_FILE(*crtend.o *crtend?.o) .ctors)
 *(SORT_BY_NAME(.ctors.*))
 *(.ctors)
 *crtbegin.o(.dtors)
 *crtbegin?.o(.dtors)
 *(EXCLUDE_FILE(*crtend.o *crtend?.o) .dtors)
 *(SORT_BY_NAME(.dtors.*))
 *(.dtors)
 *(.eh_frame*)
 .eh_frame      0x100090a0        0x0 c:/vsarm/armcc/1213fb~1.2mp/bin/../lib/gcc/arm-none-eabi/12.2.0/thumb/v6-m/nofp/crtbegin.o
                0x100090a0                        . = ALIGN (0x4)

.glue_7         0x100090a0        0x0
 .glue_7        0x100090a0        0x0 linker stubs

.glue_7t        0x100090a0        0x0
 .glue_7t       0x100090a0        0x0 linker stubs

.vfp11_veneer   0x100090a0        0x0
 .vfp11_veneer  0x100090a0        0x0 linker stubs

.v4_bx          0x100090a0        0x0
 .v4_bx         0x100090a0        0x0 linker stubs

.iplt           0x100090a0        0x0
 .iplt          0x100090a0        0x0 c:/vsarm/armcc/1213fb~1.2mp/bin/../lib/gcc/arm-none-eabi/12.2.0/thumb/v6-m/nofp/crtbegin.o

.rodata         0x100090a0      0x6cc
 *(EXCLUDE_FILE(*libm.a: *libc.a:*lib_a-mem*.o *libgcc.a:) .rodata*)
 .rodata.ADC_IRQ_FIFO_HANDLER.str1.4
                0x100090a0      0x16c CMakeFiles/MPU6050.dir/proj/main.c.obj
 .rodata.main.str1.4
                0x1000920c       0x6e CMakeFiles/MPU6050.dir/proj/main.c.obj
 *fill*         0x1000927a        0x2 
 .rodata.__bi_450.0
                0x1000927c        0x8 CMakeFiles/MPU6050.dir/proj/main.c.obj
 .rodata.__bi_452.1
                0x10009284        0x8 CMakeFiles/MPU6050.dir/proj/main.c.obj
 .rodata.spin_lock_claim_unused.str1.4
                0x1000928c       0x1b CMakeFiles/MPU6050.dir/C_/VSARM/sdk/pico/pico-sdk/src/rp2_common/hardware_sync/sync.c.obj
 *fill*         0x100092a7        0x1 
 .rodata.user_irq_claim_unused.str1.4
                0x100092a8       0x1b CMakeFiles/MPU6050.dir/C_/VSARM/sdk/pico/pico-sdk/src/rp2_common/hardware_irq/irq.c.obj
 *fill*         0x100092c3        0x1 
 .rodata.hardware_alarm_claim.str1.4
                0x100092c4       0x22 CMakeFiles/MPU6050.dir/C_/VSARM/sdk/pico/pico-sdk/src/rp2_common/hardware_timer/timer.c.obj
 *fill*         0x100092e6        0x2 
 .rodata.panic.str1.4
                0x100092e8       0x10 CMakeFiles/MPU6050.dir/C_/VSARM/sdk/pico/pico-sdk/src/rp2_common/pico_runtime/runtime.c.obj
                                 0x12 (size before relaxing)
 .rodata.hard_assertion_failure.str1.4
                0x100092f8        0xc CMakeFiles/MPU6050.dir/C_/VSARM/sdk/pico/pico-sdk/src/rp2_common/pico_runtime/runtime.c.obj
 .rodata._ftoa.str1.4
                0x10009304       0x15 CMakeFiles/MPU6050.dir/C_/VSARM/sdk/pico/pico-sdk/src/rp2_common/pico_printf/printf.c.obj
 *fill*         0x10009319        0x3 
 .rodata._vsnprintf
                0x1000931c      0x19c CMakeFiles/MPU6050.dir/C_/VSARM/sdk/pico/pico-sdk/src/rp2_common/pico_printf/printf.c.obj
 .rodata.pow10.0
                0x100094b8       0x50 CMakeFiles/MPU6050.dir/C_/VSARM/sdk/pico/pico-sdk/src/rp2_common/pico_printf/printf.c.obj
 .rodata.__wrap_malloc.str1.4
                0x10009508        0xe CMakeFiles/MPU6050.dir/C_/VSARM/sdk/pico/pico-sdk/src/rp2_common/pico_malloc/pico_malloc.c.obj
 *fill*         0x10009516        0x2 
 .rodata.str1.4
                0x10009518       0x3c CMakeFiles/MPU6050.dir/C_/VSARM/sdk/pico/pico-sdk/src/rp2_common/pico_standard_link/binary_info.c.obj
 .rodata.__bi_81
                0x10009554        0xc CMakeFiles/MPU6050.dir/C_/VSARM/sdk/pico/pico-sdk/src/rp2_common/pico_standard_link/binary_info.c.obj
 .rodata.__bi_75
                0x10009560        0xc CMakeFiles/MPU6050.dir/C_/VSARM/sdk/pico/pico-sdk/src/rp2_common/pico_standard_link/binary_info.c.obj
 .rodata.__bi_44
                0x1000956c        0xc CMakeFiles/MPU6050.dir/C_/VSARM/sdk/pico/pico-sdk/src/rp2_common/pico_standard_link/binary_info.c.obj
 .rodata.crlf_str.0
                0x10009578        0x2 CMakeFiles/MPU6050.dir/C_/VSARM/sdk/pico/pico-sdk/src/rp2_common/pico_stdio/stdio.c.obj
 *fill*         0x1000957a        0x2 
 .rodata._resetd_driver
                0x1000957c       0x18 CMakeFiles/MPU6050.dir/C_/VSARM/sdk/pico/pico-sdk/src/rp2_common/pico_stdio_usb/reset_interface.c.obj
 .rodata.str1.4
                0x10009594       0x13 CMakeFiles/MPU6050.dir/C_/VSARM/sdk/pico/pico-sdk/src/rp2_common/pico_stdio_usb/stdio_usb.c.obj
 *fill*         0x100095a7        0x1 
 .rodata.__bi_118.0
                0x100095a8        0xc CMakeFiles/MPU6050.dir/C_/VSARM/sdk/pico/pico-sdk/src/rp2_common/pico_stdio_usb/stdio_usb.c.obj
 .rodata.str1.4
                0x100095b4       0x2a CMakeFiles/MPU6050.dir/C_/VSARM/sdk/pico/pico-sdk/src/rp2_common/pico_stdio_usb/stdio_usb_descriptors.c.obj
 *fill*         0x100095de        0x2 
 .rodata.usbd_desc_str
                0x100095e0       0x18 CMakeFiles/MPU6050.dir/C_/VSARM/sdk/pico/pico-sdk/src/rp2_common/pico_stdio_usb/stdio_usb_descriptors.c.obj
 .rodata.usbd_desc_cfg
                0x100095f8       0x54 CMakeFiles/MPU6050.dir/C_/VSARM/sdk/pico/pico-sdk/src/rp2_common/pico_stdio_usb/stdio_usb_descriptors.c.obj
 .rodata.usbd_desc_device
                0x1000964c       0x12 CMakeFiles/MPU6050.dir/C_/VSARM/sdk/pico/pico-sdk/src/rp2_common/pico_stdio_usb/stdio_usb_descriptors.c.obj
 *fill*         0x1000965e        0x2 
 .rodata.dcd_rp2040_irq.str1.4
                0x10009660       0x14 CMakeFiles/MPU6050.dir/C_/VSARM/sdk/pico/pico-sdk/lib/tinyusb/src/portable/raspberrypi/rp2040/dcd_rp2040.c.obj
 .rodata._hw_endpoint_buffer_control_update32.part.0.isra.0.str1.4
                0x10009674       0x1f CMakeFiles/MPU6050.dir/C_/VSARM/sdk/pico/pico-sdk/lib/tinyusb/src/portable/raspberrypi/rp2040/rp2040_usb.c.obj
 *fill*         0x10009693        0x1 
 .rodata.hw_endpoint_xfer_continue.str1.4
                0x10009694       0x29 CMakeFiles/MPU6050.dir/C_/VSARM/sdk/pico/pico-sdk/lib/tinyusb/src/portable/raspberrypi/rp2040/rp2040_usb.c.obj
 *fill*         0x100096bd        0x3 
 .rodata.str1.4
                0x100096c0        0x7 CMakeFiles/MPU6050.dir/C_/VSARM/sdk/pico/pico-sdk/lib/tinyusb/src/portable/raspberrypi/rp2040/rp2040_usb.c.obj
 *fill*         0x100096c7        0x1 
 .rodata.tud_task
                0x100096c8       0x8c CMakeFiles/MPU6050.dir/C_/VSARM/sdk/pico/pico-sdk/lib/tinyusb/src/device/usbd.c.obj
 .rodata._usbd_driver
                0x10009754       0x18 CMakeFiles/MPU6050.dir/C_/VSARM/sdk/pico/pico-sdk/lib/tinyusb/src/device/usbd.c.obj
                0x1000976c                        . = ALIGN (0x4)
 *(SORT_BY_ALIGNMENT(SORT_BY_NAME(.flashdata*)))
                0x1000976c                        . = ALIGN (0x4)

.rel.dyn        0x1000976c        0x0
 .rel.iplt      0x1000976c        0x0 c:/vsarm/armcc/1213fb~1.2mp/bin/../lib/gcc/arm-none-eabi/12.2.0/thumb/v6-m/nofp/crtbegin.o

.ARM.extab
 *(.ARM.extab* .gnu.linkonce.armextab.*)
                0x1000976c                        __exidx_start = .

.ARM.exidx
 *(.ARM.exidx* .gnu.linkonce.armexidx.*)
                0x1000976c                        __exidx_end = .
                0x1000976c                        . = ALIGN (0x4)
                0x1000976c                        __binary_info_start = .

.binary_info    0x1000976c       0x28
 *(.binary_info.keep.*)
 .binary_info.keep.__bi_ptr452
                0x1000976c        0x4 CMakeFiles/MPU6050.dir/proj/main.c.obj
 .binary_info.keep.__bi_ptr450
                0x10009770        0x4 CMakeFiles/MPU6050.dir/proj/main.c.obj
 .binary_info.keep.__bi_ptr81
                0x10009774        0x4 CMakeFiles/MPU6050.dir/C_/VSARM/sdk/pico/pico-sdk/src/rp2_common/pico_standard_link/binary_info.c.obj
 .binary_info.keep.__bi_ptr75
                0x10009778        0x4 CMakeFiles/MPU6050.dir/C_/VSARM/sdk/pico/pico-sdk/src/rp2_common/pico_standard_link/binary_info.c.obj
 .binary_info.keep.__bi_ptr50
                0x1000977c        0x4 CMakeFiles/MPU6050.dir/C_/VSARM/sdk/pico/pico-sdk/src/rp2_common/pico_standard_link/binary_info.c.obj
 .binary_info.keep.__bi_ptr44
                0x10009780        0x4 CMakeFiles/MPU6050.dir/C_/VSARM/sdk/pico/pico-sdk/src/rp2_common/pico_standard_link/binary_info.c.obj
 .binary_info.keep.__bi_ptr38
                0x10009784        0x4 CMakeFiles/MPU6050.dir/C_/VSARM/sdk/pico/pico-sdk/src/rp2_common/pico_standard_link/binary_info.c.obj
 .binary_info.keep.__bi_ptr30
                0x10009788        0x4 CMakeFiles/MPU6050.dir/C_/VSARM/sdk/pico/pico-sdk/src/rp2_common/pico_standard_link/binary_info.c.obj
 .binary_info.keep.__bi_ptr22
                0x1000978c        0x4 CMakeFiles/MPU6050.dir/C_/VSARM/sdk/pico/pico-sdk/src/rp2_common/pico_standard_link/binary_info.c.obj
 *(.binary_info.*)
 .binary_info.__bi_ptr118
                0x10009790        0x4 CMakeFiles/MPU6050.dir/C_/VSARM/sdk/pico/pico-sdk/src/rp2_common/pico_stdio_usb/stdio_usb.c.obj
                0x10009794                        __binary_info_end = .
                0x10009794                        . = ALIGN (0x4)
                0x10009794                        __etext = .

.ram_vector_table
                0x20000000       0xc0
 *(.ram_vector_table)
 .ram_vector_table
                0x20000000       0xc0 CMakeFiles/MPU6050.dir/C_/VSARM/sdk/pico/pico-sdk/src/rp2_common/pico_runtime/runtime.c.obj
                0x20000000                ram_vector_table

.data           0x200000c0      0x8f8 load address 0x10009794
                0x200000c0                        __data_start__ = .
 *(vtable)
 *(.time_critical*)
 .time_critical.mutex_enter_blocking
                0x200000c0       0x48 CMakeFiles/MPU6050.dir/C_/VSARM/sdk/pico/pico-sdk/src/common/pico_sync/mutex.c.obj
                0x200000c0                mutex_enter_blocking
 .time_critical.mutex_try_enter
                0x20000108       0x40 CMakeFiles/MPU6050.dir/C_/VSARM/sdk/pico/pico-sdk/src/common/pico_sync/mutex.c.obj
                0x20000108                mutex_try_enter
 .time_critical.mutex_enter_timeout_ms
                0x20000148       0xa0 CMakeFiles/MPU6050.dir/C_/VSARM/sdk/pico/pico-sdk/src/common/pico_sync/mutex.c.obj
                0x20000148                mutex_enter_timeout_ms
 .time_critical.mutex_exit
                0x200001e8       0x28 CMakeFiles/MPU6050.dir/C_/VSARM/sdk/pico/pico-sdk/src/common/pico_sync/mutex.c.obj
                0x200001e8                mutex_exit
 .time_critical.flash_init_boot2_copyout
                0x20000210       0x30 CMakeFiles/MPU6050.dir/C_/VSARM/sdk/pico/pico-sdk/src/rp2_common/hardware_flash/flash.c.obj
 .time_critical.flash_enable_xip_via_boot2
                0x20000240        0xc CMakeFiles/MPU6050.dir/C_/VSARM/sdk/pico/pico-sdk/src/rp2_common/hardware_flash/flash.c.obj
 .time_critical.flash_cs_force
                0x2000024c       0x38 CMakeFiles/MPU6050.dir/C_/VSARM/sdk/pico/pico-sdk/src/rp2_common/hardware_flash/flash.c.obj
 .time_critical.flash_do_cmd
                0x20000284       0xc0 CMakeFiles/MPU6050.dir/C_/VSARM/sdk/pico/pico-sdk/src/rp2_common/hardware_flash/flash.c.obj
                0x20000284                flash_do_cmd
 *(.text*)
 .text          0x20000344        0x4 c:/vsarm/armcc/1213fb~1.2mp/bin/../lib/gcc/arm-none-eabi/12.2.0/thumb/v6-m/nofp\libgcc.a(_dvmd_tls.o)
                0x20000344                __aeabi_idiv0
                0x20000344                __aeabi_ldiv0
 .text.__stub   0x20000348       0x30 linker stubs
                0x20000378                        . = ALIGN (0x4)
 *(.rodata*)
                0x20000378                        . = ALIGN (0x4)
 *(.data*)
 .data.barcode_arr_index
                0x20000378        0x4 CMakeFiles/MPU6050.dir/proj/main.c.obj
 .data.striped_spin_lock_num
                0x2000037c        0x1 CMakeFiles/MPU6050.dir/C_/VSARM/sdk/pico/pico-sdk/src/rp2_common/hardware_sync/sync.c.obj
 *fill*         0x2000037d        0x3 
 .data          0x20000380       0x48 CMakeFiles/MPU6050.dir/C_/VSARM/sdk/pico/pico-sdk/src/rp2_common/hardware_irq/irq_handler_chain.S.obj
                0x20000380                irq_handler_chain_slots
                0x200003b0                irq_handler_chain_first_slot
                0x200003ba                irq_handler_chain_remove_tail
 .data.default_alarm_pool
                0x200003c8       0x18 CMakeFiles/MPU6050.dir/C_/VSARM/sdk/pico/pico-sdk/src/common/pico_time/time.c.obj
 .data.default_alarm_pool_heap
                0x200003e0       0x10 CMakeFiles/MPU6050.dir/C_/VSARM/sdk/pico/pico-sdk/src/common/pico_time/time.c.obj
 .data.aeabi_bits_funcs
                0x200003f0       0x10 CMakeFiles/MPU6050.dir/C_/VSARM/sdk/pico/pico-sdk/src/rp2_common/pico_bit_ops/bit_ops_aeabi.S.obj
                0x200003f0                aeabi_bits_funcs
                0x20000400                aeabi_bits_funcs_end
 .data.aeabi_mem_funcs
                0x20000400       0x10 CMakeFiles/MPU6050.dir/C_/VSARM/sdk/pico/pico-sdk/src/rp2_common/pico_mem_ops/mem_ops_aeabi.S.obj
                0x20000400                aeabi_mem_funcs
                0x20000410                aeabi_mem_funcs_end
 .data.stdio_usb
                0x20000410       0x14 CMakeFiles/MPU6050.dir/C_/VSARM/sdk/pico/pico-sdk/src/rp2_common/pico_stdio_usb/stdio_usb.c.obj
                0x20000410                stdio_usb
 .data.ep_dir_string
                0x20000424        0x8 CMakeFiles/MPU6050.dir/C_/VSARM/sdk/pico/pico-sdk/lib/tinyusb/src/portable/raspberrypi/rp2040/rp2040_usb.c.obj
                0x20000424                ep_dir_string
 .data._usbd_qdef
                0x2000042c       0x24 CMakeFiles/MPU6050.dir/C_/VSARM/sdk/pico/pico-sdk/lib/tinyusb/src/device/usbd.c.obj
                0x2000042c                _usbd_qdef
 .data.i2c1_inst
                0x20000450        0x8 CMakeFiles/MPU6050.dir/C_/VSARM/sdk/pico/pico-sdk/src/rp2_common/hardware_i2c/i2c.c.obj
                0x20000450                i2c1_inst
 .data.i2c0_inst
                0x20000458        0x8 CMakeFiles/MPU6050.dir/C_/VSARM/sdk/pico/pico-sdk/src/rp2_common/hardware_i2c/i2c.c.obj
                0x20000458                i2c0_inst
 .data.__malloc_sbrk_base
                0x20000460        0x4 c:/vsarm/armcc/1213fb~1.2mp/bin/../lib/gcc/arm-none-eabi/12.2.0/thumb/v6-m/nofp\libc.a(libc_a-mallocr.o)
                0x20000460                __malloc_sbrk_base
 .data.__malloc_trim_threshold
                0x20000464        0x4 c:/vsarm/armcc/1213fb~1.2mp/bin/../lib/gcc/arm-none-eabi/12.2.0/thumb/v6-m/nofp\libc.a(libc_a-mallocr.o)
                0x20000464                __malloc_trim_threshold
 .data.__malloc_av_
                0x20000468      0x408 c:/vsarm/armcc/1213fb~1.2mp/bin/../lib/gcc/arm-none-eabi/12.2.0/thumb/v6-m/nofp\libc.a(libc_a-mallocr.o)
                0x20000468                __malloc_av_
 .data._impure_ptr
                0x20000870        0x4 c:/vsarm/armcc/1213fb~1.2mp/bin/../lib/gcc/arm-none-eabi/12.2.0/thumb/v6-m/nofp\libc.a(libc_a-impure.o)
                0x20000870                _impure_ptr
 *fill*         0x20000874        0x4 
 .data._impure_data
                0x20000878      0x120 c:/vsarm/armcc/1213fb~1.2mp/bin/../lib/gcc/arm-none-eabi/12.2.0/thumb/v6-m/nofp\libc.a(libc_a-impure.o)
                0x20000878                _impure_data
                0x20000998                        . = ALIGN (0x4)
 *(.after_data.*)
                0x20000998                        . = ALIGN (0x4)
                0x20000998                        PROVIDE (__mutex_array_start = .)
 *(SORT_BY_NAME(.mutex_array.*))
 *(.mutex_array)
 .mutex_array   0x20000998        0x8 CMakeFiles/MPU6050.dir/C_/VSARM/sdk/pico/pico-sdk/src/rp2_common/pico_stdio/stdio.c.obj
                0x200009a0                        PROVIDE (__mutex_array_end = .)
                0x200009a0                        . = ALIGN (0x4)
                0x200009a0                        PROVIDE (__preinit_array_start = .)
 *(SORT_BY_NAME(.preinit_array.*))
 .preinit_array.00001
                0x200009a0        0x4 CMakeFiles/MPU6050.dir/C_/VSARM/sdk/pico/pico-sdk/src/rp2_common/pico_mem_ops/mem_ops_aeabi.S.obj
 .preinit_array.00010
                0x200009a4        0x4 CMakeFiles/MPU6050.dir/C_/VSARM/sdk/pico/pico-sdk/src/rp2_common/pico_bit_ops/bit_ops_aeabi.S.obj
 .preinit_array.00020
                0x200009a8        0x4 CMakeFiles/MPU6050.dir/C_/VSARM/sdk/pico/pico-sdk/src/rp2_common/pico_double/double_aeabi.S.obj
 .preinit_array.00020
                0x200009ac        0x4 CMakeFiles/MPU6050.dir/C_/VSARM/sdk/pico/pico-sdk/src/rp2_common/pico_float/float_aeabi.S.obj
 *(.preinit_array)
                0x200009b0                        PROVIDE (__preinit_array_end = .)
                0x200009b0                        . = ALIGN (0x4)
                0x200009b0                        PROVIDE (__init_array_start = .)
 *(SORT_BY_NAME(.init_array.*))
 *(.init_array)
 .init_array    0x200009b0        0x4 c:/vsarm/armcc/1213fb~1.2mp/bin/../lib/gcc/arm-none-eabi/12.2.0/thumb/v6-m/nofp/crtbegin.o
 .init_array    0x200009b4        0x4 CMakeFiles/MPU6050.dir/C_/VSARM/sdk/pico/pico-sdk/src/rp2_common/pico_unique_id/unique_id.c.obj
                0x200009b8                        PROVIDE (__init_array_end = .)
                0x200009b8                        . = ALIGN (0x4)
                [!provide]                        PROVIDE (__fini_array_start = .)
 *(SORT_BY_NAME(.fini_array.*))
 *(.fini_array)
                [!provide]                        PROVIDE (__fini_array_end = .)
 *(.jcr)
                0x200009b8                        . = ALIGN (0x4)
                0x200009b8                        __data_end__ = .

.tm_clone_table
                0x200009b8        0x0 load address 0x1000a08c
 .tm_clone_table
                0x200009b8        0x0 c:/vsarm/armcc/1213fb~1.2mp/bin/../lib/gcc/arm-none-eabi/12.2.0/thumb/v6-m/nofp/crtbegin.o
 .tm_clone_table
                0x200009b8        0x0 c:/vsarm/armcc/1213fb~1.2mp/bin/../lib/gcc/arm-none-eabi/12.2.0/thumb/v6-m/nofp/crtend.o

.igot.plt       0x200009b8        0x0 load address 0x1000a08c
 .igot.plt      0x200009b8        0x0 c:/vsarm/armcc/1213fb~1.2mp/bin/../lib/gcc/arm-none-eabi/12.2.0/thumb/v6-m/nofp/crtbegin.o

.uninitialized_data
                0x200009b8        0x0 load address 0x1000a08c
                0x200009b8                        . = ALIGN (0x4)
 *(.uninitialized_data*)

.scratch_x      0x20040000        0x0 load address 0x1000a08c
                0x20040000                        __scratch_x_start__ = .
 *(.scratch_x.*)
                0x20040000                        . = ALIGN (0x4)
                0x20040000                        __scratch_x_end__ = .
                0x1000a08c                        __scratch_x_source__ = LOADADDR (.scratch_x)

.scratch_y      0x20041000        0x0 load address 0x1000a08c
                0x20041000                        __scratch_y_start__ = .
 *(.scratch_y.*)
                0x20041000                        . = ALIGN (0x4)
                0x20041000                        __scratch_y_end__ = .
                0x1000a08c                        __scratch_y_source__ = LOADADDR (.scratch_y)

.bss            0x200009b8     0x104c
                0x200009b8                        . = ALIGN (0x4)
                0x200009b8                        __bss_start__ = .
 *(SORT_BY_ALIGNMENT(SORT_BY_NAME(.bss*)))
 .bss.blockStart
                0x200009b8        0x8 CMakeFiles/MPU6050.dir/proj/main.c.obj
 .bss.configured_freq
                0x200009c0       0x28 CMakeFiles/MPU6050.dir/C_/VSARM/sdk/pico/pico-sdk/src/rp2_common/hardware_clocks/clocks.c.obj
 .bss.default_alarm_pool_entries
                0x200009e8      0x100 CMakeFiles/MPU6050.dir/C_/VSARM/sdk/pico/pico-sdk/src/common/pico_time/time.c.obj
 .bss.last_avail_time.1
                0x20000ae8        0x8 CMakeFiles/MPU6050.dir/C_/VSARM/sdk/pico/pico-sdk/src/rp2_common/pico_stdio_usb/stdio_usb.c.obj
 .bss.sd_table  0x20000af0      0x100 CMakeFiles/MPU6050.dir/C_/VSARM/sdk/pico/pico-sdk/src/rp2_common/pico_double/double_init_rom.c.obj
                0x20000af0                sd_table
 .bss.sf_table  0x20000bf0      0x100 CMakeFiles/MPU6050.dir/C_/VSARM/sdk/pico/pico-sdk/src/rp2_common/pico_float/float_init_rom.c.obj
                0x20000bf0                sf_table
 .bss.voltageClassifications
                0x20000cf0      0x140 CMakeFiles/MPU6050.dir/proj/main.c.obj
 .bss.__lock___malloc_recursive_mutex
                0x20000e30        0x1 c:/vsarm/armcc/1213fb~1.2mp/bin/../lib/gcc/arm-none-eabi/12.2.0/thumb/v6-m/nofp\libc.a(libc_a-lock.o)
                0x20000e30                __lock___malloc_recursive_mutex
 *fill*         0x20000e31        0x3 
 .bss.__malloc_current_mallinfo
                0x20000e34       0x28 c:/vsarm/armcc/1213fb~1.2mp/bin/../lib/gcc/arm-none-eabi/12.2.0/thumb/v6-m/nofp\libc.a(libc_a-mallocr.o)
                0x20000e34                __malloc_current_mallinfo
 .bss.__malloc_max_sbrked_mem
                0x20000e5c        0x4 c:/vsarm/armcc/1213fb~1.2mp/bin/../lib/gcc/arm-none-eabi/12.2.0/thumb/v6-m/nofp\libc.a(libc_a-mallocr.o)
                0x20000e5c                __malloc_max_sbrked_mem
 .bss.__malloc_max_total_mem
                0x20000e60        0x4 c:/vsarm/armcc/1213fb~1.2mp/bin/../lib/gcc/arm-none-eabi/12.2.0/thumb/v6-m/nofp\libc.a(libc_a-mallocr.o)
                0x20000e60                __malloc_max_total_mem
 .bss.__malloc_top_pad
                0x20000e64        0x4 c:/vsarm/armcc/1213fb~1.2mp/bin/../lib/gcc/arm-none-eabi/12.2.0/thumb/v6-m/nofp\libc.a(libc_a-mallocr.o)
                0x20000e64                __malloc_top_pad
 .bss.__sf      0x20000e68      0x138 c:/vsarm/armcc/1213fb~1.2mp/bin/../lib/gcc/arm-none-eabi/12.2.0/thumb/v6-m/nofp\libc.a(libc_a-findfp.o)
                0x20000e68                __sf
 .bss._app_driver
                0x20000fa0        0x4 CMakeFiles/MPU6050.dir/C_/VSARM/sdk/pico/pico-sdk/lib/tinyusb/src/device/usbd.c.obj
 .bss._cdcd_itf
                0x20000fa4      0x2d8 CMakeFiles/MPU6050.dir/C_/VSARM/sdk/pico/pico-sdk/lib/tinyusb/src/class/cdc/cdc_device.c.obj
 .bss._ctrl_xfer
                0x2000127c       0x14 CMakeFiles/MPU6050.dir/C_/VSARM/sdk/pico/pico-sdk/lib/tinyusb/src/device/usbd_control.c.obj
 .bss._ubsd_mutexdef
                0x20001290        0x8 CMakeFiles/MPU6050.dir/C_/VSARM/sdk/pico/pico-sdk/lib/tinyusb/src/device/usbd.c.obj
 .bss._usbd_ctrl_buf
                0x20001298       0x40 CMakeFiles/MPU6050.dir/C_/VSARM/sdk/pico/pico-sdk/lib/tinyusb/src/device/usbd_control.c.obj
 .bss._usbd_dev
                0x200012d8       0x53 CMakeFiles/MPU6050.dir/C_/VSARM/sdk/pico/pico-sdk/lib/tinyusb/src/device/usbd.c.obj
 *fill*         0x2000132b        0x1 
 .bss._usbd_mutex
                0x2000132c        0x4 CMakeFiles/MPU6050.dir/C_/VSARM/sdk/pico/pico-sdk/lib/tinyusb/src/device/usbd.c.obj
 .bss._usbd_q   0x20001330        0x4 CMakeFiles/MPU6050.dir/C_/VSARM/sdk/pico/pico-sdk/lib/tinyusb/src/device/usbd.c.obj
 .bss._usbd_qdef_buf
                0x20001334       0xc0 CMakeFiles/MPU6050.dir/C_/VSARM/sdk/pico/pico-sdk/lib/tinyusb/src/device/usbd.c.obj
                0x20001334                _usbd_qdef_buf
 .bss.alarm_callbacks
                0x200013f4       0x10 CMakeFiles/MPU6050.dir/C_/VSARM/sdk/pico/pico-sdk/src/rp2_common/hardware_timer/timer.c.obj
 .bss.boot2_copyout
                0x20001404      0x100 CMakeFiles/MPU6050.dir/C_/VSARM/sdk/pico/pico-sdk/src/rp2_common/hardware_flash/flash.c.obj
 .bss.claimed   0x20001504        0x4 CMakeFiles/MPU6050.dir/C_/VSARM/sdk/pico/pico-sdk/src/rp2_common/hardware_sync/sync.c.obj
 .bss.default_alarm_pool_entry_ids_high
                0x20001508       0x10 CMakeFiles/MPU6050.dir/C_/VSARM/sdk/pico/pico-sdk/src/common/pico_time/time.c.obj
 .bss.default_alarm_pool_heap_nodes
                0x20001518       0x30 CMakeFiles/MPU6050.dir/C_/VSARM/sdk/pico/pico-sdk/src/common/pico_time/time.c.obj
 .bss.desc_str.0
                0x20001548       0x28 CMakeFiles/MPU6050.dir/C_/VSARM/sdk/pico/pico-sdk/src/rp2_common/pico_stdio_usb/stdio_usb_descriptors.c.obj
 .bss.drivers   0x20001570        0x4 CMakeFiles/MPU6050.dir/C_/VSARM/sdk/pico/pico-sdk/src/rp2_common/pico_stdio/stdio.c.obj
 .bss.errno     0x20001574        0x4 c:/vsarm/armcc/1213fb~1.2mp/bin/../lib/gcc/arm-none-eabi/12.2.0/thumb/v6-m/nofp\libc.a(libc_a-reent.o)
                0x20001574                errno
 .bss.filter    0x20001578        0x4 CMakeFiles/MPU6050.dir/C_/VSARM/sdk/pico/pico-sdk/src/rp2_common/pico_stdio/stdio.c.obj
 .bss.heap_end.0
                0x2000157c        0x4 CMakeFiles/MPU6050.dir/C_/VSARM/sdk/pico/pico-sdk/src/rp2_common/pico_runtime/runtime.c.obj
 .bss.hw_endpoints
                0x20001580      0x400 CMakeFiles/MPU6050.dir/C_/VSARM/sdk/pico/pico-sdk/lib/tinyusb/src/portable/raspberrypi/rp2040/dcd_rp2040.c.obj
 .bss.i         0x20001980        0x4 CMakeFiles/MPU6050.dir/proj/main.c.obj
 .bss.lazy_vsnprintf
                0x20001984        0x4 CMakeFiles/MPU6050.dir/C_/VSARM/sdk/pico/pico-sdk/src/rp2_common/pico_printf/printf.c.obj
 .bss.load_value
                0x20001988        0x4 CMakeFiles/MPU6050.dir/C_/VSARM/sdk/pico/pico-sdk/src/rp2_common/hardware_watchdog/watchdog.c.obj
 .bss.next_buffer_ptr
                0x2000198c        0x4 CMakeFiles/MPU6050.dir/C_/VSARM/sdk/pico/pico-sdk/lib/tinyusb/src/portable/raspberrypi/rp2040/dcd_rp2040.c.obj
 .bss.object.0  0x20001990       0x18 c:/vsarm/armcc/1213fb~1.2mp/bin/../lib/gcc/arm-none-eabi/12.2.0/thumb/v6-m/nofp/crtbegin.o
 .bss.pools     0x200019a8       0x10 CMakeFiles/MPU6050.dir/C_/VSARM/sdk/pico/pico-sdk/src/common/pico_time/time.c.obj
 .bss.res       0x200019b8        0x4 CMakeFiles/MPU6050.dir/proj/main.c.obj
 .bss.retrieved_id
                0x200019bc        0x8 CMakeFiles/MPU6050.dir/C_/VSARM/sdk/pico/pico-sdk/src/rp2_common/pico_unique_id/unique_id.c.obj
 .bss.sf_clz_func
                0x200019c4        0x4 CMakeFiles/MPU6050.dir/C_/VSARM/sdk/pico/pico-sdk/src/rp2_common/pico_double/double_init_rom.c.obj
                0x200019c4                sf_clz_func
 .bss.sleep_notifier
                0x200019c8        0x4 CMakeFiles/MPU6050.dir/C_/VSARM/sdk/pico/pico-sdk/src/common/pico_time/time.c.obj
 .bss.stdio_usb_mutex
                0x200019cc        0x8 CMakeFiles/MPU6050.dir/C_/VSARM/sdk/pico/pico-sdk/src/rp2_common/pico_stdio_usb/stdio_usb.c.obj
 .bss.target_hi
                0x200019d4       0x10 CMakeFiles/MPU6050.dir/C_/VSARM/sdk/pico/pico-sdk/src/rp2_common/hardware_timer/timer.c.obj
 .bss.usbd_serial_str
                0x200019e4       0x11 CMakeFiles/MPU6050.dir/C_/VSARM/sdk/pico/pico-sdk/src/rp2_common/pico_stdio_usb/stdio_usb_descriptors.c.obj
 *fill*         0x200019f5        0x3 
 .bss.user_irq_claimed
                0x200019f8        0x2 CMakeFiles/MPU6050.dir/C_/VSARM/sdk/pico/pico-sdk/src/rp2_common/hardware_irq/irq.c.obj
 .bss.prevAvg   0x200019fa        0x2 CMakeFiles/MPU6050.dir/proj/main.c.obj
 .bss._app_driver_count
                0x200019fc        0x1 CMakeFiles/MPU6050.dir/C_/VSARM/sdk/pico/pico-sdk/lib/tinyusb/src/device/usbd.c.obj
 .bss._usbd_initialized
                0x200019fd        0x1 CMakeFiles/MPU6050.dir/C_/VSARM/sdk/pico/pico-sdk/lib/tinyusb/src/device/usbd.c.obj
 .bss.boot2_copyout_valid
                0x200019fe        0x1 CMakeFiles/MPU6050.dir/C_/VSARM/sdk/pico/pico-sdk/src/rp2_common/hardware_flash/flash.c.obj
 .bss.claimed   0x200019ff        0x1 CMakeFiles/MPU6050.dir/C_/VSARM/sdk/pico/pico-sdk/src/rp2_common/hardware_timer/timer.c.obj
 .bss.irq_hander_chain_free_slot_head
                0x20001a00        0x1 CMakeFiles/MPU6050.dir/C_/VSARM/sdk/pico/pico-sdk/src/rp2_common/hardware_irq/irq.c.obj
 .bss.itf_num   0x20001a01        0x1 CMakeFiles/MPU6050.dir/C_/VSARM/sdk/pico/pico-sdk/src/rp2_common/pico_stdio_usb/reset_interface.c.obj
 .bss.low_priority_irq_num
                0x20001a02        0x1 CMakeFiles/MPU6050.dir/C_/VSARM/sdk/pico/pico-sdk/src/rp2_common/pico_stdio_usb/stdio_usb.c.obj
 .bss.timer_callbacks_pending
                0x20001a03        0x1 CMakeFiles/MPU6050.dir/C_/VSARM/sdk/pico/pico-sdk/src/rp2_common/hardware_timer/timer.c.obj
 *(COMMON)
                0x20001a04                        . = ALIGN (0x4)
                0x20001a04                        __bss_end__ = .

.heap           0x20001a04      0x800
                0x20001a04                        __end__ = .
                0x20001a04                        end = __end__
 *(.heap*)
 .heap          0x20001a04      0x800 CMakeFiles/MPU6050.dir/C_/VSARM/sdk/pico/pico-sdk/src/rp2_common/pico_standard_link/crt0.S.obj
                0x20002204                        __HeapLimit = .

.stack1_dummy
 *(.stack1*)

.stack_dummy    0x20041000      0x800
 *(.stack*)
 .stack         0x20041000      0x800 CMakeFiles/MPU6050.dir/C_/VSARM/sdk/pico/pico-sdk/src/rp2_common/pico_standard_link/crt0.S.obj

.flash_end      0x1000a08c        0x0
                0x1000a08c                        __flash_binary_end = .
                0x20040000                        __StackLimit = (ORIGIN (RAM) + LENGTH (RAM))
                0x20041000                        __StackOneTop = (ORIGIN (SCRATCH_X) + LENGTH (SCRATCH_X))
                0x20042000                        __StackTop = (ORIGIN (SCRATCH_Y) + LENGTH (SCRATCH_Y))
                0x20041000                        __StackOneBottom = (__StackOneTop - SIZEOF (.stack1_dummy))
                0x20041800                        __StackBottom = (__StackTop - SIZEOF (.stack_dummy))
                0x20042000                        PROVIDE (__stack = __StackTop)
                0x00000001                        ASSERT ((__StackLimit >= __HeapLimit), region RAM overflowed)
                0x00000001                        ASSERT (((__binary_info_header_end - __logical_binary_start) <= 0x100), Binary info must be in first 256 bytes of the binary)
LOAD CMakeFiles/MPU6050.dir/proj/main.c.obj
LOAD CMakeFiles/MPU6050.dir/C_/VSARM/sdk/pico/pico-sdk/src/rp2_common/pico_stdlib/stdlib.c.obj
LOAD CMakeFiles/MPU6050.dir/C_/VSARM/sdk/pico/pico-sdk/src/rp2_common/hardware_gpio/gpio.c.obj
LOAD CMakeFiles/MPU6050.dir/C_/VSARM/sdk/pico/pico-sdk/src/rp2_common/hardware_claim/claim.c.obj
LOAD CMakeFiles/MPU6050.dir/C_/VSARM/sdk/pico/pico-sdk/src/rp2_common/pico_platform/platform.c.obj
LOAD CMakeFiles/MPU6050.dir/C_/VSARM/sdk/pico/pico-sdk/src/rp2_common/hardware_sync/sync.c.obj
LOAD CMakeFiles/MPU6050.dir/C_/VSARM/sdk/pico/pico-sdk/src/rp2_common/hardware_irq/irq.c.obj
LOAD CMakeFiles/MPU6050.dir/C_/VSARM/sdk/pico/pico-sdk/src/rp2_common/hardware_irq/irq_handler_chain.S.obj
LOAD CMakeFiles/MPU6050.dir/C_/VSARM/sdk/pico/pico-sdk/src/common/pico_sync/sem.c.obj
LOAD CMakeFiles/MPU6050.dir/C_/VSARM/sdk/pico/pico-sdk/src/common/pico_sync/lock_core.c.obj
LOAD CMakeFiles/MPU6050.dir/C_/VSARM/sdk/pico/pico-sdk/src/common/pico_time/time.c.obj
LOAD CMakeFiles/MPU6050.dir/C_/VSARM/sdk/pico/pico-sdk/src/common/pico_time/timeout_helper.c.obj
LOAD CMakeFiles/MPU6050.dir/C_/VSARM/sdk/pico/pico-sdk/src/rp2_common/hardware_timer/timer.c.obj
LOAD CMakeFiles/MPU6050.dir/C_/VSARM/sdk/pico/pico-sdk/src/common/pico_util/datetime.c.obj
LOAD CMakeFiles/MPU6050.dir/C_/VSARM/sdk/pico/pico-sdk/src/common/pico_util/pheap.c.obj
LOAD CMakeFiles/MPU6050.dir/C_/VSARM/sdk/pico/pico-sdk/src/common/pico_util/queue.c.obj
LOAD CMakeFiles/MPU6050.dir/C_/VSARM/sdk/pico/pico-sdk/src/common/pico_sync/mutex.c.obj
LOAD CMakeFiles/MPU6050.dir/C_/VSARM/sdk/pico/pico-sdk/src/common/pico_sync/critical_section.c.obj
LOAD CMakeFiles/MPU6050.dir/C_/VSARM/sdk/pico/pico-sdk/src/rp2_common/hardware_uart/uart.c.obj
LOAD CMakeFiles/MPU6050.dir/C_/VSARM/sdk/pico/pico-sdk/src/rp2_common/hardware_divider/divider.S.obj
LOAD CMakeFiles/MPU6050.dir/C_/VSARM/sdk/pico/pico-sdk/src/rp2_common/pico_runtime/runtime.c.obj
LOAD CMakeFiles/MPU6050.dir/C_/VSARM/sdk/pico/pico-sdk/src/rp2_common/hardware_clocks/clocks.c.obj
LOAD CMakeFiles/MPU6050.dir/C_/VSARM/sdk/pico/pico-sdk/src/rp2_common/hardware_pll/pll.c.obj
LOAD CMakeFiles/MPU6050.dir/C_/VSARM/sdk/pico/pico-sdk/src/rp2_common/hardware_vreg/vreg.c.obj
LOAD CMakeFiles/MPU6050.dir/C_/VSARM/sdk/pico/pico-sdk/src/rp2_common/hardware_watchdog/watchdog.c.obj
LOAD CMakeFiles/MPU6050.dir/C_/VSARM/sdk/pico/pico-sdk/src/rp2_common/hardware_xosc/xosc.c.obj
LOAD CMakeFiles/MPU6050.dir/C_/VSARM/sdk/pico/pico-sdk/src/rp2_common/pico_printf/printf.c.obj
LOAD CMakeFiles/MPU6050.dir/C_/VSARM/sdk/pico/pico-sdk/src/rp2_common/pico_bit_ops/bit_ops_aeabi.S.obj
LOAD CMakeFiles/MPU6050.dir/C_/VSARM/sdk/pico/pico-sdk/src/rp2_common/pico_bootrom/bootrom.c.obj
LOAD CMakeFiles/MPU6050.dir/C_/VSARM/sdk/pico/pico-sdk/src/rp2_common/pico_divider/divider.S.obj
LOAD CMakeFiles/MPU6050.dir/C_/VSARM/sdk/pico/pico-sdk/src/rp2_common/pico_double/double_aeabi.S.obj
LOAD CMakeFiles/MPU6050.dir/C_/VSARM/sdk/pico/pico-sdk/src/rp2_common/pico_double/double_init_rom.c.obj
LOAD CMakeFiles/MPU6050.dir/C_/VSARM/sdk/pico/pico-sdk/src/rp2_common/pico_double/double_math.c.obj
LOAD CMakeFiles/MPU6050.dir/C_/VSARM/sdk/pico/pico-sdk/src/rp2_common/pico_double/double_v1_rom_shim.S.obj
LOAD CMakeFiles/MPU6050.dir/C_/VSARM/sdk/pico/pico-sdk/src/rp2_common/pico_int64_ops/pico_int64_ops_aeabi.S.obj
LOAD CMakeFiles/MPU6050.dir/C_/VSARM/sdk/pico/pico-sdk/src/rp2_common/pico_float/float_aeabi.S.obj
LOAD CMakeFiles/MPU6050.dir/C_/VSARM/sdk/pico/pico-sdk/src/rp2_common/pico_float/float_init_rom.c.obj
LOAD CMakeFiles/MPU6050.dir/C_/VSARM/sdk/pico/pico-sdk/src/rp2_common/pico_float/float_math.c.obj
LOAD CMakeFiles/MPU6050.dir/C_/VSARM/sdk/pico/pico-sdk/src/rp2_common/pico_float/float_v1_rom_shim.S.obj
LOAD CMakeFiles/MPU6050.dir/C_/VSARM/sdk/pico/pico-sdk/src/rp2_common/pico_malloc/pico_malloc.c.obj
LOAD CMakeFiles/MPU6050.dir/C_/VSARM/sdk/pico/pico-sdk/src/rp2_common/pico_mem_ops/mem_ops_aeabi.S.obj
LOAD CMakeFiles/MPU6050.dir/C_/VSARM/sdk/pico/pico-sdk/src/rp2_common/pico_standard_link/crt0.S.obj
LOAD CMakeFiles/MPU6050.dir/C_/VSARM/sdk/pico/pico-sdk/src/rp2_common/pico_standard_link/new_delete.cpp.obj
LOAD CMakeFiles/MPU6050.dir/C_/VSARM/sdk/pico/pico-sdk/src/rp2_common/pico_standard_link/binary_info.c.obj
LOAD CMakeFiles/MPU6050.dir/C_/VSARM/sdk/pico/pico-sdk/src/rp2_common/pico_stdio/stdio.c.obj
LOAD CMakeFiles/MPU6050.dir/C_/VSARM/sdk/pico/pico-sdk/src/rp2_common/pico_stdio_usb/reset_interface.c.obj
LOAD CMakeFiles/MPU6050.dir/C_/VSARM/sdk/pico/pico-sdk/src/rp2_common/pico_stdio_usb/stdio_usb.c.obj
LOAD CMakeFiles/MPU6050.dir/C_/VSARM/sdk/pico/pico-sdk/src/rp2_common/pico_stdio_usb/stdio_usb_descriptors.c.obj
LOAD CMakeFiles/MPU6050.dir/C_/VSARM/sdk/pico/pico-sdk/lib/tinyusb/src/portable/raspberrypi/rp2040/dcd_rp2040.c.obj
LOAD CMakeFiles/MPU6050.dir/C_/VSARM/sdk/pico/pico-sdk/lib/tinyusb/src/portable/raspberrypi/rp2040/rp2040_usb.c.obj
LOAD CMakeFiles/MPU6050.dir/C_/VSARM/sdk/pico/pico-sdk/lib/tinyusb/src/device/usbd.c.obj
LOAD CMakeFiles/MPU6050.dir/C_/VSARM/sdk/pico/pico-sdk/lib/tinyusb/src/device/usbd_control.c.obj
LOAD CMakeFiles/MPU6050.dir/C_/VSARM/sdk/pico/pico-sdk/lib/tinyusb/src/class/audio/audio_device.c.obj
LOAD CMakeFiles/MPU6050.dir/C_/VSARM/sdk/pico/pico-sdk/lib/tinyusb/src/class/cdc/cdc_device.c.obj
LOAD CMakeFiles/MPU6050.dir/C_/VSARM/sdk/pico/pico-sdk/lib/tinyusb/src/class/dfu/dfu_device.c.obj
LOAD CMakeFiles/MPU6050.dir/C_/VSARM/sdk/pico/pico-sdk/lib/tinyusb/src/class/dfu/dfu_rt_device.c.obj
LOAD CMakeFiles/MPU6050.dir/C_/VSARM/sdk/pico/pico-sdk/lib/tinyusb/src/class/hid/hid_device.c.obj
LOAD CMakeFiles/MPU6050.dir/C_/VSARM/sdk/pico/pico-sdk/lib/tinyusb/src/class/midi/midi_device.c.obj
LOAD CMakeFiles/MPU6050.dir/C_/VSARM/sdk/pico/pico-sdk/lib/tinyusb/src/class/msc/msc_device.c.obj
LOAD CMakeFiles/MPU6050.dir/C_/VSARM/sdk/pico/pico-sdk/lib/tinyusb/src/class/net/ecm_rndis_device.c.obj
LOAD CMakeFiles/MPU6050.dir/C_/VSARM/sdk/pico/pico-sdk/lib/tinyusb/src/class/net/ncm_device.c.obj
LOAD CMakeFiles/MPU6050.dir/C_/VSARM/sdk/pico/pico-sdk/lib/tinyusb/src/class/usbtmc/usbtmc_device.c.obj
LOAD CMakeFiles/MPU6050.dir/C_/VSARM/sdk/pico/pico-sdk/lib/tinyusb/src/class/vendor/vendor_device.c.obj
LOAD CMakeFiles/MPU6050.dir/C_/VSARM/sdk/pico/pico-sdk/lib/tinyusb/src/class/video/video_device.c.obj
LOAD CMakeFiles/MPU6050.dir/C_/VSARM/sdk/pico/pico-sdk/lib/tinyusb/src/tusb.c.obj
LOAD CMakeFiles/MPU6050.dir/C_/VSARM/sdk/pico/pico-sdk/lib/tinyusb/src/common/tusb_fifo.c.obj
LOAD CMakeFiles/MPU6050.dir/C_/VSARM/sdk/pico/pico-sdk/src/rp2_common/pico_fix/rp2040_usb_device_enumeration/rp2040_usb_device_enumeration.c.obj
LOAD CMakeFiles/MPU6050.dir/C_/VSARM/sdk/pico/pico-sdk/src/rp2_common/pico_unique_id/unique_id.c.obj
LOAD CMakeFiles/MPU6050.dir/C_/VSARM/sdk/pico/pico-sdk/src/rp2_common/hardware_flash/flash.c.obj
LOAD CMakeFiles/MPU6050.dir/C_/VSARM/sdk/pico/pico-sdk/src/rp2_common/hardware_i2c/i2c.c.obj
LOAD CMakeFiles/MPU6050.dir/C_/VSARM/sdk/pico/pico-sdk/src/rp2_common/hardware_adc/adc.c.obj
LOAD C:\Users\Anyth\AppData\Local\Temp\ccM70V41.o
LOAD c:/vsarm/armcc/1213fb~1.2mp/bin/../lib/gcc/arm-none-eabi/12.2.0/thumb/v6-m/nofp\libstdc++.a
LOAD c:/vsarm/armcc/1213fb~1.2mp/bin/../lib/gcc/arm-none-eabi/12.2.0/thumb/v6-m/nofp\libm.a
START GROUP
LOAD c:/vsarm/armcc/1213fb~1.2mp/bin/../lib/gcc/arm-none-eabi/12.2.0/thumb/v6-m/nofp\libgcc.a
LOAD c:/vsarm/armcc/1213fb~1.2mp/bin/../lib/gcc/arm-none-eabi/12.2.0/thumb/v6-m/nofp\libc.a
END GROUP
START GROUP
LOAD c:/vsarm/armcc/1213fb~1.2mp/bin/../lib/gcc/arm-none-eabi/12.2.0/thumb/v6-m/nofp\libgcc.a
LOAD c:/vsarm/armcc/1213fb~1.2mp/bin/../lib/gcc/arm-none-eabi/12.2.0/thumb/v6-m/nofp\libc.a
LOAD c:/vsarm/armcc/1213fb~1.2mp/bin/../lib/gcc/arm-none-eabi/12.2.0/thumb/v6-m/nofp\libnosys.a
END GROUP
LOAD c:/vsarm/armcc/1213fb~1.2mp/bin/../lib/gcc/arm-none-eabi/12.2.0/thumb/v6-m/nofp/crtend.o
LOAD c:/vsarm/armcc/1213fb~1.2mp/bin/../lib/gcc/arm-none-eabi/12.2.0/thumb/v6-m/nofp/crtn.o
OUTPUT(MPU6050.elf elf32-littlearm)
LOAD linker stubs

.ARM.attributes
                0x00000000       0x28
 .ARM.attributes
                0x00000000       0x1e c:/vsarm/armcc/1213fb~1.2mp/bin/../lib/gcc/arm-none-eabi/12.2.0/thumb/v6-m/nofp/crti.o
 .ARM.attributes
                0x0000001e       0x2c c:/vsarm/armcc/1213fb~1.2mp/bin/../lib/gcc/arm-none-eabi/12.2.0/thumb/v6-m/nofp/crtbegin.o
 .ARM.attributes
                0x0000004a       0x2c CMakeFiles/MPU6050.dir/proj/main.c.obj
 .ARM.attributes
                0x00000076       0x2c CMakeFiles/MPU6050.dir/C_/VSARM/sdk/pico/pico-sdk/src/rp2_common/hardware_gpio/gpio.c.obj
 .ARM.attributes
                0x000000a2       0x2c CMakeFiles/MPU6050.dir/C_/VSARM/sdk/pico/pico-sdk/src/rp2_common/hardware_claim/claim.c.obj
 .ARM.attributes
                0x000000ce       0x2c CMakeFiles/MPU6050.dir/C_/VSARM/sdk/pico/pico-sdk/src/rp2_common/pico_platform/platform.c.obj
 .ARM.attributes
                0x000000fa       0x2c CMakeFiles/MPU6050.dir/C_/VSARM/sdk/pico/pico-sdk/src/rp2_common/hardware_sync/sync.c.obj
 .ARM.attributes
                0x00000126       0x2c CMakeFiles/MPU6050.dir/C_/VSARM/sdk/pico/pico-sdk/src/rp2_common/hardware_irq/irq.c.obj
 .ARM.attributes
                0x00000152       0x22 CMakeFiles/MPU6050.dir/C_/VSARM/sdk/pico/pico-sdk/src/rp2_common/hardware_irq/irq_handler_chain.S.obj
 .ARM.attributes
                0x00000174       0x2c CMakeFiles/MPU6050.dir/C_/VSARM/sdk/pico/pico-sdk/src/common/pico_sync/lock_core.c.obj
 .ARM.attributes
                0x000001a0       0x2c CMakeFiles/MPU6050.dir/C_/VSARM/sdk/pico/pico-sdk/src/common/pico_time/time.c.obj
 .ARM.attributes
                0x000001cc       0x2c CMakeFiles/MPU6050.dir/C_/VSARM/sdk/pico/pico-sdk/src/rp2_common/hardware_timer/timer.c.obj
 .ARM.attributes
                0x000001f8       0x2c CMakeFiles/MPU6050.dir/C_/VSARM/sdk/pico/pico-sdk/src/common/pico_util/pheap.c.obj
 .ARM.attributes
                0x00000224       0x2c CMakeFiles/MPU6050.dir/C_/VSARM/sdk/pico/pico-sdk/src/common/pico_sync/mutex.c.obj
 .ARM.attributes
                0x00000250       0x2c CMakeFiles/MPU6050.dir/C_/VSARM/sdk/pico/pico-sdk/src/common/pico_sync/critical_section.c.obj
 .ARM.attributes
                0x0000027c       0x2c CMakeFiles/MPU6050.dir/C_/VSARM/sdk/pico/pico-sdk/src/rp2_common/pico_runtime/runtime.c.obj
 .ARM.attributes
                0x000002a8       0x2c CMakeFiles/MPU6050.dir/C_/VSARM/sdk/pico/pico-sdk/src/rp2_common/hardware_clocks/clocks.c.obj
 .ARM.attributes