******************************************************************************
                  TI ARM Linker PC v18.12.4                    
******************************************************************************
>> Linked Fri Nov 25 20:45:11 2022

OUTPUT FILE NAME:   <ESP05.out>
ENTRY POINT SYMBOL: "_c_int00_noargs"  address: 00001175


MEMORY CONFIGURATION

         name            origin    length      used     unused   attr    fill
----------------------  --------  ---------  --------  --------  ----  --------
  MAIN                  00000000   00040000  00001390  0003ec70  R  X
  INFO                  00200000   00004000  00000000  00004000  R  X
  SRAM_CODE             01000000   00010000  00000000  00010000  RW X
  SRAM_DATA             20000000   00010000  00001a44  0000e5bc  RW  


SEGMENT ALLOCATION MAP

run origin  load origin   length   init length attrs members
----------  ----------- ---------- ----------- ----- -------
00000000    00000000    00001390   00001390    r-x
  00000000    00000000    000000e4   000000e4    r-- .intvecs
  000000e4    000000e4    0000120c   0000120c    r-x .text
  000012f0    000012f0    00000048   00000048    r-- .const
  00001338    00001338    00000058   00000058    r-- .cinit
20000000    20000000    00001844   00000000    rw-
  20000000    20000000    00001810   00000000    rw- .bss
  20001810    20001810    00000034   00000000    rw- .data
2000fe00    2000fe00    00000200   00000000    rw-
  2000fe00    2000fe00    00000200   00000000    rw- .stack


SECTION ALLOCATION MAP

 output                                  attributes/
section   page    origin      length       input sections
--------  ----  ----------  ----------   ----------------
.intvecs   0    00000000    000000e4     
                  00000000    000000e4     startup_msp432p401r_ccs.obj (.intvecs:retain)

.text      0    000000e4    0000120c     
                  000000e4    000004ac     UART_Driver.obj (.text)
                  00000590    00000424     ESP8266.obj (.text)
                  000009b4    00000334     system_msp432p401r.obj (.text)
                  00000ce8    000000e8     gpio_toggle_output.obj (.text)
                  00000dd0    000000dc     msp432p4xx_driverlib.lib : pcm.o (.text:__PCM_setPowerModeAdvanced)
                  00000eac    000000b0                              : pcm.o (.text:__PCM_setCoreVoltageLevelAdvanced)
                  00000f5c    0000009c     rtsv7M4_T_le_v4SPD16_eabi.lib : memcpy_t2.asm.obj (.text)
                  00000ff8    0000007a                                   : memset_t2.asm.obj (.text)
                  00001072    00000068                                   : copy_decompress_lzss.c.obj (.text:decompress:lzss:__TI_decompress_lzss)
                  000010da    00000054                                   : ltoa.c.obj (.text:ltoa)
                  0000112e    00000002     --HOLE-- [fill = 0]
                  00001130    00000044                                   : autoinit.c.obj (.text:__TI_auto_init_nobinit_nopinit:__TI_auto_init_nobinit_nopinit)
                  00001174    00000034                                   : boot_cortex_m.c.obj (.text:_c_int00_noargs:_c_int00_noargs)
                  000011a8    00000034                                   : strstr.c.obj (.text:strstr)
                  000011dc    0000002c     msp432p4xx_driverlib.lib : pcm.o (.text:PCM_getCoreVoltageLevel)
                  00001208    0000002a                              : pcm.o (.text:PCM_getPowerMode)
                  00001232    00000002     --HOLE-- [fill = 0]
                  00001234    00000028                              : flash.o (.text:FlashCtl_setWaitState)
                  0000125c    00000024                              : cs.o (.text:CS_setDCOCenteredFrequency)
                  00001280    00000024                              : gpio.o (.text:GPIO_setAsOutputPin)
                  000012a4    0000000e     rtsv7M4_T_le_v4SPD16_eabi.lib : copy_decompress_none.c.obj (.text:decompress:none:__TI_decompress_none)
                  000012b2    0000000e     startup_msp432p401r_ccs.obj (.text)
                  000012c0    0000000c     msp432p4xx_driverlib.lib : pcm.o (.text:PCM_getPowerState)
                  000012cc    0000000c     rtsv7M4_T_le_v4SPD16_eabi.lib : copy_zero_init.c.obj (.text:decompress:ZI:__TI_zero_init)
                  000012d8    00000008     msp432p4xx_driverlib.lib : pcm.o (.text:PCM_setCoreVoltageLevel)
                  000012e0    00000008                              : pcm.o (.text:PCM_setPowerMode)
                  000012e8    00000004     rtsv7M4_T_le_v4SPD16_eabi.lib : pre_init.c.obj (.text:_system_pre_init)
                  000012ec    00000004                                   : exit.c.obj (.text:abort:abort)

.const     0    000012f0    00000048     
                  000012f0    00000024     gpio_toggle_output.obj (.const:uart0Config)
                  00001314    00000024     gpio_toggle_output.obj (.const:uart2Config)

.cinit     0    00001338    00000058     
                  00001338    0000002f     (.cinit..data.load) [load image, compression = lzss]
                  00001367    00000001     --HOLE-- [fill = 0]
                  00001368    0000000c     (__TI_handler_table)
                  00001374    00000004     --HOLE-- [fill = 0]
                  00001378    00000008     (.cinit..bss.load) [load image, compression = zero_init]
                  00001380    00000010     (__TI_cinit_table)

.init_array 
*          0    00000000    00000000     UNINITIALIZED

.bss       0    20000000    00001810     UNINITIALIZED
                  20000000    00000800     (.common:ESP8266_Buffer)
                  20000800    00000800     (.common:UARTA0Data)
                  20001000    00000800     (.common:UARTA2Data)
                  20001800    00000004     (.common:UARTA0ReadIndex)
                  20001804    00000004     (.common:UARTA0WriteIndex)
                  20001808    00000004     (.common:UARTA2ReadIndex)
                  2000180c    00000004     (.common:UARTA2WriteIndex)

.data      0    20001810    00000034     UNINITIALIZED
                  20001810    00000030     msp432p4xx_driverlib.lib : gpio.o (.data:GPIO_PORT_TO_BASE)
                  20001840    00000004     system_msp432p401r.obj (.data)

.stack     0    2000fe00    00000200     UNINITIALIZED
                  2000fe00    00000004     rtsv7M4_T_le_v4SPD16_eabi.lib : boot_cortex_m.c.obj (.stack)
                  2000fe04    000001fc     --HOLE--

MODULE SUMMARY

       Module                        code   ro data   rw data
       ------                        ----   -------   -------
    .\
       ESP8266.obj                   1060   0         6160   
       UART_Driver.obj               1196   0         0      
       system_msp432p401r.obj        820    0         4      
       gpio_toggle_output.obj        232    72        0      
       startup_msp432p401r_ccs.obj   14     228       0      
    +--+-----------------------------+------+---------+---------+
       Total:                        3322   300       6164   
                                                             
    C:/Users/zongw/Desktop/msp432_driverlib_3_21_00_05/driverlib/MSP432P4xx/ccs/msp432p4xx_driverlib.lib
       pcm.o                         510    0         0      
       gpio.o                        36     0         48     
       flash.o                       40     0         0      
       cs.o                          36     0         0      
    +--+-----------------------------+------+---------+---------+
       Total:                        622    0         48     
                                                             
    C:\ti\ccs930\ccs\tools\compiler\ti-cgt-arm_18.12.4.LTS\lib\rtsv7M4_T_le_v4SPD16_eabi.lib
       memcpy_t2.asm.obj             156    0         0      
       memset_t2.asm.obj             122    0         0      
       copy_decompress_lzss.c.obj    104    0         0      
       ltoa.c.obj                    84     0         0      
       autoinit.c.obj                68     0         0      
       boot_cortex_m.c.obj           52     0         0      
       strstr.c.obj                  52     0         0      
       copy_decompress_none.c.obj    14     0         0      
       copy_zero_init.c.obj          12     0         0      
       exit.c.obj                    4      0         0      
       pre_init.c.obj                4      0         0      
    +--+-----------------------------+------+---------+---------+
       Total:                        672    0         0      
                                                             
       Stack:                        0      0         512    
       Linker Generated:             0      83        0      
    +--+-----------------------------+------+---------+---------+
       Grand Total:                  4616   383       6724   


LINKER GENERATED COPY TABLES

__TI_cinit_table @ 00001380 records: 2, size/record: 8, table size: 16
	.data: load addr=00001338, load size=0000002f bytes, run addr=20001810, run size=00000034 bytes, compression=lzss
	.bss: load addr=00001378, load size=00000008 bytes, run addr=20000000, run size=00001810 bytes, compression=zero_init


LINKER GENERATED HANDLER TABLE

__TI_handler_table @ 00001368 records: 3, size/record: 4, table size: 12
	index: 0, handler: __TI_decompress_lzss
	index: 1, handler: __TI_decompress_none
	index: 2, handler: __TI_zero_init


GLOBAL SYMBOLS: SORTED ALPHABETICALLY BY Name 

address   name                             
-------   ----                             
000012bf  ADC14_IRQHandler                 
000012bf  AES256_IRQHandler                
000012bf  BusFault_Handler                 
000012ed  C$$EXIT                          
000012bf  COMP_E0_IRQHandler               
000012bf  COMP_E1_IRQHandler               
000012bf  CS_IRQHandler                    
0000125d  CS_setDCOCenteredFrequency       
000012bf  DMA_ERR_IRQHandler               
000012bf  DMA_INT0_IRQHandler              
000012bf  DMA_INT1_IRQHandler              
000012bf  DMA_INT2_IRQHandler              
000012bf  DMA_INT3_IRQHandler              
000012bf  DebugMon_Handler                 
000012bf  Default_Handler                  
00000641  ESP8266_AvailableAPs             
20000000  ESP8266_Buffer                   
00000677  ESP8266_ChangeMode1              
0000060b  ESP8266_CheckConnection          
000006ad  ESP8266_ConnectToAP              
000006ef  ESP8266_EnableMultipleConnections
0000074d  ESP8266_EstablishConnection      
000008af  ESP8266_GetBuffer                
000008bb  ESP8266_HardReset                
000007f5  ESP8266_SendData                 
00000871  ESP8266_Terminal                 
00000591  ESP8266_WaitForAnswer            
00000461  EUSCIA0_IRQHandler               
00000461  EUSCIA0_IRQHandler               
000012bf  EUSCIA1_IRQHandler               
000004f1  EUSCIA2_IRQHandler               
000004f1  EUSCIA2_IRQHandler               
000012bf  EUSCIA3_IRQHandler               
000012bf  EUSCIB0_IRQHandler               
000012bf  EUSCIB1_IRQHandler               
000012bf  EUSCIB2_IRQHandler               
000012bf  EUSCIB3_IRQHandler               
000012bf  FLCTL_IRQHandler                 
000012bf  FPU_IRQHandler                   
00001235  FlashCtl_setWaitState            
00001281  GPIO_setAsOutputPin              
000012bf  HardFault_Handler                
000012bf  MemManage_Handler                
000012bf  NMI_Handler                      
000012bf  PCM_IRQHandler                   
000011dd  PCM_getCoreVoltageLevel          
00001209  PCM_getPowerMode                 
000012c1  PCM_getPowerState                
000012d9  PCM_setCoreVoltageLevel          
000012e1  PCM_setPowerMode                 
000012bf  PORT1_IRQHandler                 
000012bf  PORT2_IRQHandler                 
000012bf  PORT3_IRQHandler                 
000012bf  PORT4_IRQHandler                 
000012bf  PORT5_IRQHandler                 
000012bf  PORT6_IRQHandler                 
000012bf  PSS_IRQHandler                   
000012bf  PendSV_Handler                   
000012bf  RTC_C_IRQHandler                 
000012b3  Reset_Handler                    
000012bf  SVC_Handler                      
000012bf  SysTick_Handler                  
20001840  SystemCoreClock                  
000009b5  SystemCoreClockUpdate            
00000c2d  SystemInit                       
000012bf  T32_INT1_IRQHandler              
000012bf  T32_INT2_IRQHandler              
000012bf  T32_INTC_IRQHandler              
000012bf  TA0_0_IRQHandler                 
000012bf  TA0_N_IRQHandler                 
000012bf  TA1_0_IRQHandler                 
000012bf  TA1_N_IRQHandler                 
000012bf  TA2_0_IRQHandler                 
000012bf  TA2_N_IRQHandler                 
000012bf  TA3_0_IRQHandler                 
000012bf  TA3_N_IRQHandler                 
20000800  UARTA0Data                       
20001800  UARTA0ReadIndex                  
20001804  UARTA0WriteIndex                 
20001000  UARTA2Data                       
20001808  UARTA2ReadIndex                  
2000180c  UARTA2WriteIndex                 
0000023f  UART_Gets                        
000002fd  UART_Printf                      
00000121  UART_Read                        
000000e5  UART_Write                       
000012bf  UsageFault_Handler               
4000480c  WDTCTL_SYM                       
000012bf  WDT_A_IRQHandler                 
20010000  __STACK_END                      
00000200  __STACK_SIZE                     
00001380  __TI_CINIT_Base                  
00001390  __TI_CINIT_Limit                 
00001368  __TI_Handler_Table_Base          
00001374  __TI_Handler_Table_Limit         
00001131  __TI_auto_init_nobinit_nopinit   
00001073  __TI_decompress_lzss             
000012a5  __TI_decompress_none             
ffffffff  __TI_pprof_out_hndl              
ffffffff  __TI_prof_data_size              
ffffffff  __TI_prof_data_start             
00000000  __TI_static_base__               
000012cd  __TI_zero_init                   
00000ff9  __aeabi_memclr                   
00000ff9  __aeabi_memclr4                  
00000ff9  __aeabi_memclr8                  
00000f5d  __aeabi_memcpy                   
00000f5d  __aeabi_memcpy4                  
00000f5d  __aeabi_memcpy8                  
00000ffb  __aeabi_memset                   
00000ffb  __aeabi_memset4                  
00000ffb  __aeabi_memset8                  
ffffffff  __binit__                        
ffffffff  __c_args__                       
UNDEFED   __mpu_init                       
2000fe00  __stack                          
00001175  _c_int00_noargs                  
UNDEFED   _system_post_cinit               
000012e9  _system_pre_init                 
000012ed  abort                            
ffffffff  binit                            
00000000  interruptVectors                 
000010db  ltoa                             
00000ce9  main                             
00000f5d  memcpy                           
00001001  memset                           
000011a9  strstr                           
000012f0  uart0Config                      
00001314  uart2Config                      


GLOBAL SYMBOLS: SORTED BY Symbol Address 

address   name                             
-------   ----                             
00000000  __TI_static_base__               
00000000  interruptVectors                 
000000e5  UART_Write                       
00000121  UART_Read                        
00000200  __STACK_SIZE                     
0000023f  UART_Gets                        
000002fd  UART_Printf                      
00000461  EUSCIA0_IRQHandler               
00000461  EUSCIA0_IRQHandler               
000004f1  EUSCIA2_IRQHandler               
000004f1  EUSCIA2_IRQHandler               
00000591  ESP8266_WaitForAnswer            
0000060b  ESP8266_CheckConnection          
00000641  ESP8266_AvailableAPs             
00000677  ESP8266_ChangeMode1              
000006ad  ESP8266_ConnectToAP              
000006ef  ESP8266_EnableMultipleConnections
0000074d  ESP8266_EstablishConnection      
000007f5  ESP8266_SendData                 
00000871  ESP8266_Terminal                 
000008af  ESP8266_GetBuffer                
000008bb  ESP8266_HardReset                
000009b5  SystemCoreClockUpdate            
00000c2d  SystemInit                       
00000ce9  main                             
00000f5d  __aeabi_memcpy                   
00000f5d  __aeabi_memcpy4                  
00000f5d  __aeabi_memcpy8                  
00000f5d  memcpy                           
00000ff9  __aeabi_memclr                   
00000ff9  __aeabi_memclr4                  
00000ff9  __aeabi_memclr8                  
00000ffb  __aeabi_memset                   
00000ffb  __aeabi_memset4                  
00000ffb  __aeabi_memset8                  
00001001  memset                           
00001073  __TI_decompress_lzss             
000010db  ltoa                             
00001131  __TI_auto_init_nobinit_nopinit   
00001175  _c_int00_noargs                  
000011a9  strstr                           
000011dd  PCM_getCoreVoltageLevel          
00001209  PCM_getPowerMode                 
00001235  FlashCtl_setWaitState            
0000125d  CS_setDCOCenteredFrequency       
00001281  GPIO_setAsOutputPin              
000012a5  __TI_decompress_none             
000012b3  Reset_Handler                    
000012bf  ADC14_IRQHandler                 
000012bf  AES256_IRQHandler                
000012bf  BusFault_Handler                 
000012bf  COMP_E0_IRQHandler               
000012bf  COMP_E1_IRQHandler               
000012bf  CS_IRQHandler                    
000012bf  DMA_ERR_IRQHandler               
000012bf  DMA_INT0_IRQHandler              
000012bf  DMA_INT1_IRQHandler              
000012bf  DMA_INT2_IRQHandler              
000012bf  DMA_INT3_IRQHandler              
000012bf  DebugMon_Handler                 
000012bf  Default_Handler                  
000012bf  EUSCIA1_IRQHandler               
000012bf  EUSCIA3_IRQHandler               
000012bf  EUSCIB0_IRQHandler               
000012bf  EUSCIB1_IRQHandler               
000012bf  EUSCIB2_IRQHandler               
000012bf  EUSCIB3_IRQHandler               
000012bf  FLCTL_IRQHandler                 
000012bf  FPU_IRQHandler                   
000012bf  HardFault_Handler                
000012bf  MemManage_Handler                
000012bf  NMI_Handler                      
000012bf  PCM_IRQHandler                   
000012bf  PORT1_IRQHandler                 
000012bf  PORT2_IRQHandler                 
000012bf  PORT3_IRQHandler                 
000012bf  PORT4_IRQHandler                 
000012bf  PORT5_IRQHandler                 
000012bf  PORT6_IRQHandler                 
000012bf  PSS_IRQHandler                   
000012bf  PendSV_Handler                   
000012bf  RTC_C_IRQHandler                 
000012bf  SVC_Handler                      
000012bf  SysTick_Handler                  
000012bf  T32_INT1_IRQHandler              
000012bf  T32_INT2_IRQHandler              
000012bf  T32_INTC_IRQHandler              
000012bf  TA0_0_IRQHandler                 
000012bf  TA0_N_IRQHandler                 
000012bf  TA1_0_IRQHandler                 
000012bf  TA1_N_IRQHandler                 
000012bf  TA2_0_IRQHandler                 
000012bf  TA2_N_IRQHandler                 
000012bf  TA3_0_IRQHandler                 
000012bf  TA3_N_IRQHandler                 
000012bf  UsageFault_Handler               
000012bf  WDT_A_IRQHandler                 
000012c1  PCM_getPowerState                
000012cd  __TI_zero_init                   
000012d9  PCM_setCoreVoltageLevel          
000012e1  PCM_setPowerMode                 
000012e9  _system_pre_init                 
000012ed  C$$EXIT                          
000012ed  abort                            
000012f0  uart0Config                      
00001314  uart2Config                      
00001368  __TI_Handler_Table_Base          
00001374  __TI_Handler_Table_Limit         
00001380  __TI_CINIT_Base                  
00001390  __TI_CINIT_Limit                 
20000000  ESP8266_Buffer                   
20000800  UARTA0Data                       
20001000  UARTA2Data                       
20001800  UARTA0ReadIndex                  
20001804  UARTA0WriteIndex                 
20001808  UARTA2ReadIndex                  
2000180c  UARTA2WriteIndex                 
20001840  SystemCoreClock                  
2000fe00  __stack                          
20010000  __STACK_END                      
4000480c  WDTCTL_SYM                       
ffffffff  __TI_pprof_out_hndl              
ffffffff  __TI_prof_data_size              
ffffffff  __TI_prof_data_start             
ffffffff  __binit__                        
ffffffff  __c_args__                       
ffffffff  binit                            
UNDEFED   __mpu_init                       
UNDEFED   _system_post_cinit               

[129 symbols]
