******************************************************************************
                  TI ARM Linker PC v18.12.4                    
******************************************************************************
>> Linked Thu Sep 15 17:05:06 2022

OUTPUT FILE NAME:   <gpio_toggle_output2.out>
ENTRY POINT SYMBOL: "_c_int00_noargs"  address: 0000075d


MEMORY CONFIGURATION

         name            origin    length      used     unused   attr    fill
----------------------  --------  ---------  --------  --------  ----  --------
  MAIN                  00000000   00040000  000007f0  0003f810  R  X
  INFO                  00200000   00004000  00000000  00004000  R  X
  SRAM_CODE             01000000   00010000  00000000  00010000  RW X
  SRAM_DATA             20000000   00010000  00000208  0000fdf8  RW  


SEGMENT ALLOCATION MAP

run origin  load origin   length   init length attrs members
----------  ----------- ---------- ----------- ----- -------
00000000    00000000    000007f4   000007f4    r-x
  00000000    00000000    00000140   00000140    r-- .intvecs
  00000140    00000140    00000694   00000694    r-x .text
  000007d8    000007d8    0000001c   0000001c    r-- .cinit
20000000    20000000    00000008   00000000    rw-
  20000000    20000000    00000008   00000000    rw- .data
2000fe00    2000fe00    00000200   00000000    rw-
  2000fe00    2000fe00    00000200   00000000    rw- .stack


SECTION ALLOCATION MAP

 output                                  attributes/
section   page    origin      length       input sections
--------  ----  ----------  ----------   ----------------
.intvecs   0    00000000    00000140     
                  00000000    00000140     startup_msp432p401r_ccs.obj (.intvecs:retain)

.text      0    00000140    00000694     
                  00000140    00000328     system_msp432p401r.obj (.text)
                  00000468    000001ac     gpio_toggle_output2.obj (.text)
                  00000614    0000009c     rtsv7M4_T_le_v4SPD16_eabi.lib : memcpy_t2.asm.obj (.text)
                  000006b0    00000068                                   : copy_decompress_lzss.c.obj (.text:decompress:lzss:__TI_decompress_lzss)
                  00000718    00000044                                   : autoinit.c.obj (.text:__TI_auto_init_nobinit_nopinit:__TI_auto_init_nobinit_nopinit)
                  0000075c    00000034                                   : boot_cortex_m.c.obj (.text:_c_int00_noargs:_c_int00_noargs)
                  00000790    00000012     startup_msp432p401r_ccs.obj (.text)
                  000007a2    00000010     msp432p4xx_driverlib.lib : interrupt.o (.text:Interrupt_enableMaster)
                  000007b2    0000000e     rtsv7M4_T_le_v4SPD16_eabi.lib : copy_decompress_none.c.obj (.text:decompress:none:__TI_decompress_none)
                  000007c0    0000000c     msp432p4xx_driverlib.lib : cpu.o (.text:CPU_cpsie)
                  000007cc    00000004     rtsv7M4_T_le_v4SPD16_eabi.lib : pre_init.c.obj (.text:_system_pre_init)
                  000007d0    00000004                                   : exit.c.obj (.text:abort:abort)

.cinit     0    000007d8    0000001c     
                  000007d8    0000000b     (.cinit..data.load) [load image, compression = lzss]
                  000007e3    00000001     --HOLE-- [fill = 0]
                  000007e4    00000008     (__TI_handler_table)
                  000007ec    00000008     (__TI_cinit_table)

.init_array 
*          0    00000000    00000000     UNINITIALIZED

.data      0    20000000    00000008     UNINITIALIZED
                  20000000    00000004     gpio_toggle_output2.obj (.data)
                  20000004    00000004     system_msp432p401r.obj (.data)

.stack     0    2000fe00    00000200     UNINITIALIZED
                  2000fe00    00000004     rtsv7M4_T_le_v4SPD16_eabi.lib : boot_cortex_m.c.obj (.stack)
                  2000fe04    000001fc     --HOLE--

MODULE SUMMARY

       Module                        code   ro data   rw data
       ------                        ----   -------   -------
    .\
       system_msp432p401r.obj        808    0         4      
       gpio_toggle_output2.obj       428    0         4      
       startup_msp432p401r_ccs.obj   18     320       0      
    +--+-----------------------------+------+---------+---------+
       Total:                        1254   320       8      
                                                             
    C:/Users/zongw/Desktop/msp432_driverlib_3_21_00_05/driverlib/MSP432P4xx/ccs/msp432p4xx_driverlib.lib
       interrupt.o                   16     0         0      
       cpu.o                         12     0         0      
    +--+-----------------------------+------+---------+---------+
       Total:                        28     0         0      
                                                             
    C:\ti\ccs930\ccs\tools\compiler\ti-cgt-arm_18.12.4.LTS\lib\rtsv7M4_T_le_v4SPD16_eabi.lib
       memcpy_t2.asm.obj             156    0         0      
       copy_decompress_lzss.c.obj    104    0         0      
       autoinit.c.obj                68     0         0      
       boot_cortex_m.c.obj           52     0         0      
       copy_decompress_none.c.obj    14     0         0      
       exit.c.obj                    4      0         0      
       pre_init.c.obj                4      0         0      
    +--+-----------------------------+------+---------+---------+
       Total:                        402    0         0      
                                                             
       Stack:                        0      0         512    
       Linker Generated:             0      27        0      
    +--+-----------------------------+------+---------+---------+
       Grand Total:                  1684   347       520    


LINKER GENERATED COPY TABLES

__TI_cinit_table @ 000007ec records: 1, size/record: 8, table size: 8
	.data: load addr=000007d8, load size=0000000b bytes, run addr=20000000, run size=00000008 bytes, compression=lzss


LINKER GENERATED HANDLER TABLE

__TI_handler_table @ 000007e4 records: 2, size/record: 4, table size: 8
	index: 0, handler: __TI_decompress_lzss
	index: 1, handler: __TI_decompress_none


GLOBAL SYMBOLS: SORTED ALPHABETICALLY BY Name 

address   name                          
-------   ----                          
000007d1  C$$EXIT                       
000007c1  CPU_cpsie                     
000007a3  Interrupt_enableMaster        
000004dd  PORT1_IRQHandler              
20000004  SystemCoreClock               
00000141  SystemCoreClockUpdate         
000003b5  SystemInit                    
4000480c  WDTCTL_SYM                    
20010000  __STACK_END                   
00000200  __STACK_SIZE                  
000007ec  __TI_CINIT_Base               
000007f4  __TI_CINIT_Limit              
000007e4  __TI_Handler_Table_Base       
000007ec  __TI_Handler_Table_Limit      
00000719  __TI_auto_init_nobinit_nopinit
000006b1  __TI_decompress_lzss          
000007b3  __TI_decompress_none          
ffffffff  __TI_pprof_out_hndl           
ffffffff  __TI_prof_data_size           
ffffffff  __TI_prof_data_start          
00000000  __TI_static_base__            
00000615  __aeabi_memcpy                
00000615  __aeabi_memcpy4               
00000615  __aeabi_memcpy8               
ffffffff  __binit__                     
ffffffff  __c_args__                    
UNDEFED   __mpu_init                    
2000fe00  __stack                       
0000075d  _c_int00_noargs               
UNDEFED   _system_post_cinit            
000007cd  _system_pre_init              
000007d1  abort                         
ffffffff  binit                         
00000000  interruptVectors              
00000469  main                          
00000615  memcpy                        


GLOBAL SYMBOLS: SORTED BY Symbol Address 

address   name                          
-------   ----                          
00000000  __TI_static_base__            
00000000  interruptVectors              
00000141  SystemCoreClockUpdate         
00000200  __STACK_SIZE                  
000003b5  SystemInit                    
00000469  main                          
000004dd  PORT1_IRQHandler              
00000615  __aeabi_memcpy                
00000615  __aeabi_memcpy4               
00000615  __aeabi_memcpy8               
00000615  memcpy                        
000006b1  __TI_decompress_lzss          
00000719  __TI_auto_init_nobinit_nopinit
0000075d  _c_int00_noargs               
000007a3  Interrupt_enableMaster        
000007b3  __TI_decompress_none          
000007c1  CPU_cpsie                     
000007cd  _system_pre_init              
000007d1  C$$EXIT                       
000007d1  abort                         
000007e4  __TI_Handler_Table_Base       
000007ec  __TI_CINIT_Base               
000007ec  __TI_Handler_Table_Limit      
000007f4  __TI_CINIT_Limit              
20000004  SystemCoreClock               
2000fe00  __stack                       
20010000  __STACK_END                   
4000480c  WDTCTL_SYM                    
ffffffff  __TI_pprof_out_hndl           
ffffffff  __TI_prof_data_size           
ffffffff  __TI_prof_data_start          
ffffffff  __binit__                     
ffffffff  __c_args__                    
ffffffff  binit                         
UNDEFED   __mpu_init                    
UNDEFED   _system_post_cinit            

[36 symbols]
