******************************************************************************
                  TI ARM Linker PC v18.12.4                    
******************************************************************************
>> Linked Thu Sep  8 18:37:39 2022

OUTPUT FILE NAME:   <gpio_toggle_output.out>
ENTRY POINT SYMBOL: "_c_int00_noargs"  address: 0000066d


MEMORY CONFIGURATION

         name            origin    length      used     unused   attr    fill
----------------------  --------  ---------  --------  --------  ----  --------
  MAIN                  00000000   00040000  000007b8  0003f848  R  X
  INFO                  00200000   00004000  00000000  00004000  R  X
  SRAM_CODE             01000000   00010000  00000000  00010000  RW X
  SRAM_DATA             20000000   00010000  00000238  0000fdc8  RW  


SEGMENT ALLOCATION MAP

run origin  load origin   length   init length attrs members
----------  ----------- ---------- ----------- ----- -------
00000000    00000000    000007bc   000007bc    r-x
  00000000    00000000    00000140   00000140    r-- .intvecs
  00000140    00000140    00000634   00000634    r-x .text
  00000778    00000778    00000044   00000044    r-- .cinit
20000000    20000000    00000038   00000000    rw-
  20000000    20000000    00000038   00000000    rw- .data
2000fe00    2000fe00    00000200   00000000    rw-
  2000fe00    2000fe00    00000200   00000000    rw- .stack


SECTION ALLOCATION MAP

 output                                  attributes/
section   page    origin      length       input sections
--------  ----  ----------  ----------   ----------------
.intvecs   0    00000000    00000140     
                  00000000    00000140     startup_msp432p401r_ccs.obj (.intvecs:retain)

.text      0    00000140    00000634     
                  00000140    00000328     system_msp432p401r.obj (.text)
                  00000468    000000bc     gpio_toggle_output.obj (.text)
                  00000524    0000009c     rtsv7M4_T_le_v4SPD16_eabi.lib : memcpy_t2.asm.obj (.text)
                  000005c0    00000068                                   : copy_decompress_lzss.c.obj (.text:decompress:lzss:__TI_decompress_lzss)
                  00000628    00000044                                   : autoinit.c.obj (.text:__TI_auto_init_nobinit_nopinit:__TI_auto_init_nobinit_nopinit)
                  0000066c    00000034                                   : boot_cortex_m.c.obj (.text:_c_int00_noargs:_c_int00_noargs)
                  000006a0    00000030     msp432p4xx_driverlib.lib : gpio.o (.text:GPIO_setAsInputPinWithPullUpResistor)
                  000006d0    00000024                              : gpio.o (.text:GPIO_setAsOutputPin)
                  000006f4    00000018                              : gpio.o (.text:GPIO_getInputPinValue)
                  0000070c    00000018                              : gpio.o (.text:GPIO_setOutputLowOnPin)
                  00000724    00000014                              : gpio.o (.text:GPIO_setOutputHighOnPin)
                  00000738    00000014                              : gpio.o (.text:GPIO_toggleOutputOnPin)
                  0000074c    00000012     startup_msp432p401r_ccs.obj (.text)
                  0000075e    0000000e     rtsv7M4_T_le_v4SPD16_eabi.lib : copy_decompress_none.c.obj (.text:decompress:none:__TI_decompress_none)
                  0000076c    00000004                                   : pre_init.c.obj (.text:_system_pre_init)
                  00000770    00000004                                   : exit.c.obj (.text:abort:abort)

.cinit     0    00000778    00000044     
                  00000778    00000034     (.cinit..data.load) [load image, compression = lzss]
                  000007ac    00000008     (__TI_handler_table)
                  000007b4    00000008     (__TI_cinit_table)

.init_array 
*          0    00000000    00000000     UNINITIALIZED

.data      0    20000000    00000038     UNINITIALIZED
                  20000000    00000030     msp432p4xx_driverlib.lib : gpio.o (.data:GPIO_PORT_TO_BASE)
                  20000030    00000004     gpio_toggle_output.obj (.data)
                  20000034    00000004     system_msp432p401r.obj (.data)

.stack     0    2000fe00    00000200     UNINITIALIZED
                  2000fe00    00000004     rtsv7M4_T_le_v4SPD16_eabi.lib : boot_cortex_m.c.obj (.stack)
                  2000fe04    000001fc     --HOLE--

MODULE SUMMARY

       Module                        code   ro data   rw data
       ------                        ----   -------   -------
    .\
       system_msp432p401r.obj        808    0         4      
       startup_msp432p401r_ccs.obj   18     320       0      
       gpio_toggle_output.obj        188    0         4      
    +--+-----------------------------+------+---------+---------+
       Total:                        1014   320       8      
                                                             
    C:/Users/zongw/Desktop/msp432_driverlib_3_21_00_05/driverlib/MSP432P4xx/ccs/msp432p4xx_driverlib.lib
       gpio.o                        172    0         48     
    +--+-----------------------------+------+---------+---------+
       Total:                        172    0         48     
                                                             
    C:\ti\ccs930\ccs\tools\compiler\ti-cgt-arm_18.12.4.LTS\lib\rtsv7M4_T_le_v4SPD16_eabi.lib
       memcpy_t2.asm.obj             156    0         0      
       copy_decompress_lzss.c.obj    104    0         0      
       autoinit.c.obj                68     0         0      
       boot_cortex_m.c.obj           52     0         0      
       copy_decompress_none.c.obj    14     0         0      
       exit.c.obj                    4      0         0      
       pre_init.c.obj                4      0         0      
    +--+-----------------------------+------+---------+---------+
       Total:                        402    0         0      
                                                             
       Stack:                        0      0         512    
       Linker Generated:             0      68        0      
    +--+-----------------------------+------+---------+---------+
       Grand Total:                  1588   388       568    


LINKER GENERATED COPY TABLES

__TI_cinit_table @ 000007b4 records: 1, size/record: 8, table size: 8
	.data: load addr=00000778, load size=00000034 bytes, run addr=20000000, run size=00000038 bytes, compression=lzss


LINKER GENERATED HANDLER TABLE

__TI_handler_table @ 000007ac records: 2, size/record: 4, table size: 8
	index: 0, handler: __TI_decompress_lzss
	index: 1, handler: __TI_decompress_none


GLOBAL SYMBOLS: SORTED ALPHABETICALLY BY Name 

address   name                                
-------   ----                                
00000771  C$$EXIT                             
000006f5  GPIO_getInputPinValue               
000006a1  GPIO_setAsInputPinWithPullUpResistor
000006d1  GPIO_setAsOutputPin                 
00000725  GPIO_setOutputHighOnPin             
0000070d  GPIO_setOutputLowOnPin              
00000739  GPIO_toggleOutputOnPin              
20000034  SystemCoreClock                     
00000141  SystemCoreClockUpdate               
000003b5  SystemInit                          
4000480c  WDTCTL_SYM                          
20010000  __STACK_END                         
00000200  __STACK_SIZE                        
000007b4  __TI_CINIT_Base                     
000007bc  __TI_CINIT_Limit                    
000007ac  __TI_Handler_Table_Base             
000007b4  __TI_Handler_Table_Limit            
00000629  __TI_auto_init_nobinit_nopinit      
000005c1  __TI_decompress_lzss                
0000075f  __TI_decompress_none                
ffffffff  __TI_pprof_out_hndl                 
ffffffff  __TI_prof_data_size                 
ffffffff  __TI_prof_data_start                
00000000  __TI_static_base__                  
00000525  __aeabi_memcpy                      
00000525  __aeabi_memcpy4                     
00000525  __aeabi_memcpy8                     
ffffffff  __binit__                           
ffffffff  __c_args__                          
UNDEFED   __mpu_init                          
2000fe00  __stack                             
0000066d  _c_int00_noargs                     
UNDEFED   _system_post_cinit                  
0000076d  _system_pre_init                    
00000771  abort                               
ffffffff  binit                               
20000030  g_waitcycles                        
00000000  interruptVectors                    
00000469  main                                
00000525  memcpy                              


GLOBAL SYMBOLS: SORTED BY Symbol Address 

address   name                                
-------   ----                                
00000000  __TI_static_base__                  
00000000  interruptVectors                    
00000141  SystemCoreClockUpdate               
00000200  __STACK_SIZE                        
000003b5  SystemInit                          
00000469  main                                
00000525  __aeabi_memcpy                      
00000525  __aeabi_memcpy4                     
00000525  __aeabi_memcpy8                     
00000525  memcpy                              
000005c1  __TI_decompress_lzss                
00000629  __TI_auto_init_nobinit_nopinit      
0000066d  _c_int00_noargs                     
000006a1  GPIO_setAsInputPinWithPullUpResistor
000006d1  GPIO_setAsOutputPin                 
000006f5  GPIO_getInputPinValue               
0000070d  GPIO_setOutputLowOnPin              
00000725  GPIO_setOutputHighOnPin             
00000739  GPIO_toggleOutputOnPin              
0000075f  __TI_decompress_none                
0000076d  _system_pre_init                    
00000771  C$$EXIT                             
00000771  abort                               
000007ac  __TI_Handler_Table_Base             
000007b4  __TI_CINIT_Base                     
000007b4  __TI_Handler_Table_Limit            
000007bc  __TI_CINIT_Limit                    
20000030  g_waitcycles                        
20000034  SystemCoreClock                     
2000fe00  __stack                             
20010000  __STACK_END                         
4000480c  WDTCTL_SYM                          
ffffffff  __TI_pprof_out_hndl                 
ffffffff  __TI_prof_data_size                 
ffffffff  __TI_prof_data_start                
ffffffff  __binit__                           
ffffffff  __c_args__                          
ffffffff  binit                               
UNDEFED   __mpu_init                          
UNDEFED   _system_post_cinit                  

[40 symbols]
