******************************************************************************
                  TI ARM Linker PC v18.12.4                    
******************************************************************************
>> Linked Thu Sep 22 18:10:51 2022

OUTPUT FILE NAME:   <Lab4.out>
ENTRY POINT SYMBOL: "_c_int00_noargs"  address: 00000821


MEMORY CONFIGURATION

         name            origin    length      used     unused   attr    fill
----------------------  --------  ---------  --------  --------  ----  --------
  MAIN                  00000000   00040000  00000a1c  0003f5e4  R  X
  INFO                  00200000   00004000  00000000  00004000  R  X
  SRAM_CODE             01000000   00010000  00000000  00010000  RW X
  SRAM_DATA             20000000   00010000  0000024c  0000fdb4  RW  


SEGMENT ALLOCATION MAP

run origin  load origin   length   init length attrs members
----------  ----------- ---------- ----------- ----- -------
00000000    00000000    00000a20   00000a20    r-x
  00000000    00000000    00000140   00000140    r-- .intvecs
  00000140    00000140    00000844   00000844    r-x .text
  00000984    00000984    00000040   00000040    r-- .const
  000009c8    000009c8    00000058   00000058    r-- .cinit
20000000    20000000    0000004c   00000000    rw-
  20000000    20000000    0000004c   00000000    rw- .data
2000fe00    2000fe00    00000200   00000000    rw-
  2000fe00    2000fe00    00000200   00000000    rw- .stack


SECTION ALLOCATION MAP

 output                                  attributes/
section   page    origin      length       input sections
--------  ----  ----------  ----------   ----------------
.intvecs   0    00000000    00000140     
                  00000000    00000140     startup_msp432p401r_ccs.obj (.intvecs:retain)

.text      0    00000140    00000844     
                  00000140    00000328     system_msp432p401r.obj (.text)
                  00000468    000000c4     gpio_toggle_output.obj (.text)
                  0000052c    000000b2     msp432p4xx_driverlib.lib : timer_a.o (.text:privateTimer_AProcessClockSourceDivider)
                  000005de    0000009c     rtsv7M4_T_le_v4SPD16_eabi.lib : memcpy_t2.asm.obj (.text)
                  0000067a    00000068                                   : copy_decompress_lzss.c.obj (.text:decompress:lzss:__TI_decompress_lzss)
                  000006e2    00000002     --HOLE-- [fill = 0]
                  000006e4    00000064     msp432p4xx_driverlib.lib : interrupt.o (.text:Interrupt_enableInterrupt)
                  00000748    0000004c                              : gpio.o (.text:GPIO_setAsPeripheralModuleFunctionOutputPin)
                  00000794    00000048                              : timer_a.o (.text:Timer_A_generatePWM)
                  000007dc    00000044     rtsv7M4_T_le_v4SPD16_eabi.lib : autoinit.c.obj (.text:__TI_auto_init_nobinit_nopinit:__TI_auto_init_nobinit_nopinit)
                  00000820    00000034                                   : boot_cortex_m.c.obj (.text:_c_int00_noargs:_c_int00_noargs)
                  00000854    00000030     msp432p4xx_driverlib.lib : gpio.o (.text:GPIO_setAsInputPinWithPullUpResistor)
                  00000884    00000028                              : pcm.o (.text:PCM_gotoLPM0)
                  000008ac    00000024                              : gpio.o (.text:GPIO_setAsOutputPin)
                  000008d0    00000018                              : gpio.o (.text:GPIO_clearInterruptFlag)
                  000008e8    00000018                              : gpio.o (.text:GPIO_setOutputLowOnPin)
                  00000900    00000014                              : gpio.o (.text:GPIO_enableInterrupt)
                  00000914    00000014                              : gpio.o (.text:GPIO_setOutputHighOnPin)
                  00000928    00000014                              : interrupt.o (.text:Interrupt_enableSleepOnIsrExit)
                  0000093c    00000012     startup_msp432p401r_ccs.obj (.text)
                  0000094e    00000010     msp432p4xx_driverlib.lib : interrupt.o (.text:Interrupt_enableMaster)
                  0000095e    0000000e     rtsv7M4_T_le_v4SPD16_eabi.lib : copy_decompress_none.c.obj (.text:decompress:none:__TI_decompress_none)
                  0000096c    0000000c     msp432p4xx_driverlib.lib : cpu.o (.text:CPU_cpsie)
                  00000978    00000004                              : cpu.o (.text:CPU_wfi)
                  0000097c    00000004     rtsv7M4_T_le_v4SPD16_eabi.lib : pre_init.c.obj (.text:_system_pre_init)
                  00000980    00000004                                   : exit.c.obj (.text:abort:abort)

.const     0    00000984    00000040     
                  00000984    00000040     msp432p4xx_driverlib.lib : interrupt.o (.const)

.cinit     0    000009c8    00000058     
                  000009c8    00000047     (.cinit..data.load) [load image, compression = lzss]
                  00000a0f    00000001     --HOLE-- [fill = 0]
                  00000a10    00000008     (__TI_handler_table)
                  00000a18    00000008     (__TI_cinit_table)

.init_array 
*          0    00000000    00000000     UNINITIALIZED

.data      0    20000000    0000004c     UNINITIALIZED
                  20000000    00000030     msp432p4xx_driverlib.lib : gpio.o (.data:GPIO_PORT_TO_BASE)
                  20000030    00000018     gpio_toggle_output.obj (.data:pwmConfig)
                  20000048    00000004     system_msp432p401r.obj (.data)

.stack     0    2000fe00    00000200     UNINITIALIZED
                  2000fe00    00000004     rtsv7M4_T_le_v4SPD16_eabi.lib : boot_cortex_m.c.obj (.stack)
                  2000fe04    000001fc     --HOLE--

MODULE SUMMARY

       Module                        code   ro data   rw data
       ------                        ----   -------   -------
    .\
       system_msp432p401r.obj        808    0         4      
       startup_msp432p401r_ccs.obj   18     320       0      
       gpio_toggle_output.obj        196    0         24     
    +--+-----------------------------+------+---------+---------+
       Total:                        1022   320       28     
                                                             
    C:/Users/zongw/Desktop/msp432_driverlib_3_21_00_05/driverlib/MSP432P4xx/ccs/msp432p4xx_driverlib.lib
       gpio.o                        248    0         48     
       timer_a.o                     250    0         0      
       interrupt.o                   136    64        0      
       pcm.o                         40     0         0      
       cpu.o                         16     0         0      
    +--+-----------------------------+------+---------+---------+
       Total:                        690    64        48     
                                                             
    C:\ti\ccs930\ccs\tools\compiler\ti-cgt-arm_18.12.4.LTS\lib\rtsv7M4_T_le_v4SPD16_eabi.lib
       memcpy_t2.asm.obj             156    0         0      
       copy_decompress_lzss.c.obj    104    0         0      
       autoinit.c.obj                68     0         0      
       boot_cortex_m.c.obj           52     0         0      
       copy_decompress_none.c.obj    14     0         0      
       exit.c.obj                    4      0         0      
       pre_init.c.obj                4      0         0      
    +--+-----------------------------+------+---------+---------+
       Total:                        402    0         0      
                                                             
       Stack:                        0      0         512    
       Linker Generated:             0      87        0      
    +--+-----------------------------+------+---------+---------+
       Grand Total:                  2114   471       588    


LINKER GENERATED COPY TABLES

__TI_cinit_table @ 00000a18 records: 1, size/record: 8, table size: 8
	.data: load addr=000009c8, load size=00000047 bytes, run addr=20000000, run size=0000004c bytes, compression=lzss


LINKER GENERATED HANDLER TABLE

__TI_handler_table @ 00000a10 records: 2, size/record: 4, table size: 8
	index: 0, handler: __TI_decompress_lzss
	index: 1, handler: __TI_decompress_none


GLOBAL SYMBOLS: SORTED ALPHABETICALLY BY Name 

address   name                                       
-------   ----                                       
00000981  C$$EXIT                                    
0000096d  CPU_cpsie                                  
00000979  CPU_wfi                                    
000008d1  GPIO_clearInterruptFlag                    
00000901  GPIO_enableInterrupt                       
00000855  GPIO_setAsInputPinWithPullUpResistor       
000008ad  GPIO_setAsOutputPin                        
00000749  GPIO_setAsPeripheralModuleFunctionOutputPin
00000915  GPIO_setOutputHighOnPin                    
000008e9  GPIO_setOutputLowOnPin                     
000006e5  Interrupt_enableInterrupt                  
0000094f  Interrupt_enableMaster                     
00000929  Interrupt_enableSleepOnIsrExit             
00000885  PCM_gotoLPM0                               
000004d3  PORT1_IRQHandler                           
20000048  SystemCoreClock                            
00000141  SystemCoreClockUpdate                      
000003b5  SystemInit                                 
00000795  Timer_A_generatePWM                        
4000480c  WDTCTL_SYM                                 
20010000  __STACK_END                                
00000200  __STACK_SIZE                               
00000a18  __TI_CINIT_Base                            
00000a20  __TI_CINIT_Limit                           
00000a10  __TI_Handler_Table_Base                    
00000a18  __TI_Handler_Table_Limit                   
000007dd  __TI_auto_init_nobinit_nopinit             
0000067b  __TI_decompress_lzss                       
0000095f  __TI_decompress_none                       
ffffffff  __TI_pprof_out_hndl                        
ffffffff  __TI_prof_data_size                        
ffffffff  __TI_prof_data_start                       
00000000  __TI_static_base__                         
000005df  __aeabi_memcpy                             
000005df  __aeabi_memcpy4                            
000005df  __aeabi_memcpy8                            
ffffffff  __binit__                                  
ffffffff  __c_args__                                 
UNDEFED   __mpu_init                                 
2000fe00  __stack                                    
00000821  _c_int00_noargs                            
UNDEFED   _system_post_cinit                         
0000097d  _system_pre_init                           
00000981  abort                                      
ffffffff  binit                                      
00000000  interruptVectors                           
00000469  main                                       
000005df  memcpy                                     
20000030  pwmConfig                                  


GLOBAL SYMBOLS: SORTED BY Symbol Address 

address   name                                       
-------   ----                                       
00000000  __TI_static_base__                         
00000000  interruptVectors                           
00000141  SystemCoreClockUpdate                      
00000200  __STACK_SIZE                               
000003b5  SystemInit                                 
00000469  main                                       
000004d3  PORT1_IRQHandler                           
000005df  __aeabi_memcpy                             
000005df  __aeabi_memcpy4                            
000005df  __aeabi_memcpy8                            
000005df  memcpy                                     
0000067b  __TI_decompress_lzss                       
000006e5  Interrupt_enableInterrupt                  
00000749  GPIO_setAsPeripheralModuleFunctionOutputPin
00000795  Timer_A_generatePWM                        
000007dd  __TI_auto_init_nobinit_nopinit             
00000821  _c_int00_noargs                            
00000855  GPIO_setAsInputPinWithPullUpResistor       
00000885  PCM_gotoLPM0                               
000008ad  GPIO_setAsOutputPin                        
000008d1  GPIO_clearInterruptFlag                    
000008e9  GPIO_setOutputLowOnPin                     
00000901  GPIO_enableInterrupt                       
00000915  GPIO_setOutputHighOnPin                    
00000929  Interrupt_enableSleepOnIsrExit             
0000094f  Interrupt_enableMaster                     
0000095f  __TI_decompress_none                       
0000096d  CPU_cpsie                                  
00000979  CPU_wfi                                    
0000097d  _system_pre_init                           
00000981  C$$EXIT                                    
00000981  abort                                      
00000a10  __TI_Handler_Table_Base                    
00000a18  __TI_CINIT_Base                            
00000a18  __TI_Handler_Table_Limit                   
00000a20  __TI_CINIT_Limit                           
20000030  pwmConfig                                  
20000048  SystemCoreClock                            
2000fe00  __stack                                    
20010000  __STACK_END                                
4000480c  WDTCTL_SYM                                 
ffffffff  __TI_pprof_out_hndl                        
ffffffff  __TI_prof_data_size                        
ffffffff  __TI_prof_data_start                       
ffffffff  __binit__                                  
ffffffff  __c_args__                                 
ffffffff  binit                                      
UNDEFED   __mpu_init                                 
UNDEFED   _system_post_cinit                         

[49 symbols]
