******************************************************************************
                  TI ARM Linker PC v18.12.4                    
******************************************************************************
>> Linked Fri Nov 25 20:07:50 2022

OUTPUT FILE NAME:   <ProjectSample.out>
ENTRY POINT SYMBOL: "_c_int00_noargs"  address: 00003685


MEMORY CONFIGURATION

         name            origin    length      used     unused   attr    fill
----------------------  --------  ---------  --------  --------  ----  --------
  MAIN                  00000000   00040000  00003d84  0003c27c  R  X
  INFO                  00200000   00004000  00000000  00004000  R  X
  SRAM_CODE             01000000   00010000  00000000  00010000  RW X
  SRAM_DATA             20000000   00010000  00000e08  0000f1f8  RW  


SEGMENT ALLOCATION MAP

run origin  load origin   length   init length attrs members
----------  ----------- ---------- ----------- ----- -------
00000000    00000000    00003d88   00003d88    r-x
  00000000    00000000    00000140   00000140    r-- .intvecs
  00000140    00000140    000039a8   000039a8    r-x .text
  00003ae8    00003ae8    000001cc   000001cc    r-- .const
  00003cb8    00003cb8    000000d0   000000d0    r-- .cinit
20000000    20000000    00000c08   00000000    rw-
  20000000    20000000    00000800   00000000    rw- .sysmem
  20000800    20000800    00000240   00000000    rw- .data
  20000a40    20000a40    000001c8   00000000    rw- .bss
2000fe00    2000fe00    00000200   00000000    rw-
  2000fe00    2000fe00    00000200   00000000    rw- .stack


SECTION ALLOCATION MAP

 output                                  attributes/
section   page    origin      length       input sections
--------  ----  ----------  ----------   ----------------
.intvecs   0    00000000    00000140     
                  00000000    00000140     startup_msp432p401r_ccs.obj (.intvecs:retain)

.text      0    00000140    000039a8     
                  00000140    00000a4e     rtsv7M4_T_le_v4SPD16_eabi.lib : _printfi.c.obj (.text:__TI_printfi)
                  00000b8e    00000002                                   : _lock.c.obj (.text:_nop)
                  00000b90    00000534     gpio_toggle_output.obj (.text)
                  000010c4    00000328     system_msp432p401r.obj (.text)
                  000013ec    00000270     rtsv7M4_T_le_v4SPD16_eabi.lib : _printfi.c.obj (.text:_pconv_a)
                  0000165c    000001d0                                   : _printfi.c.obj (.text:_pconv_g)
                  0000182c    000001b6                                   : fd_add_t2.asm.obj (.text)
                  000019e2    000001a0     msp432p4xx_driverlib.lib : pcm.o (.text:__PCM_setPowerStateAdvanced)
                  00001b82    00000002     rtsv7M4_T_le_v4SPD16_eabi.lib : div0.asm.obj (.text)
                  00001b84    0000013c                                   : _printfi.c.obj (.text:_pconv_e)
                  00001cc0    00000136                                   : fd_div_t2.asm.obj (.text)
                  00001df6    00000002     --HOLE-- [fill = 0]
                  00001df8    00000124                                   : _printfi.c.obj (.text:fcvt)
                  00001f1c    00000118                                   : memory.c.obj (.text:aligned_alloc)
                  00002034    00000114                                   : fputs.c.obj (.text:fputs)
                  00002148    00000110                                   : s_scalbn.c.obj (.text:scalbn)
                  00002258    000000fc                                   : fd_mul_t2.asm.obj (.text)
                  00002354    000000e4                                   : memory.c.obj (.text:free)
                  00002438    000000dc     msp432p4xx_driverlib.lib : pcm.o (.text:__PCM_setPowerModeAdvanced)
                  00002514    000000dc     rtsv7M4_T_le_v4SPD16_eabi.lib : setvbuf.c.obj (.text:setvbuf)
                  000025f0    000000b1                                   : _printfi.c.obj (.text:_ltostr)
                  000026a1    00000003     --HOLE-- [fill = 0]
                  000026a4    000000b0     msp432p4xx_driverlib.lib : pcm.o (.text:__PCM_setCoreVoltageLevelAdvanced)
                  00002754    0000009c     rtsv7M4_T_le_v4SPD16_eabi.lib : memcpy_t2.asm.obj (.text)
                  000027f0    00000096                                   : ull_div_t2.asm.obj (.text)
                  00002886    00000002     --HOLE-- [fill = 0]
                  00002888    00000094     msp432p4xx_driverlib.lib : uart.o (.text:UART_initModule)
                  0000291c    0000008c     rtsv7M4_T_le_v4SPD16_eabi.lib : fputc.c.obj (.text:fputc)
                  000029a8    00000086                                   : fd_cmp_t2.asm.obj (.text:__aeabi_cdcmple)
                  00002a2e    00000086                                   : fd_cmp_t2.asm.obj (.text:__aeabi_cdrcmple)
                  00002ab4    0000007c     msp432p4xx_driverlib.lib : pcm.o (.text:PCM_gotoLPM3)
                  00002b30    0000007a     rtsv7M4_T_le_v4SPD16_eabi.lib : memset_t2.asm.obj (.text)
                  00002baa    00000002     --HOLE-- [fill = 0]
                  00002bac    00000074                                   : fclose.c.obj (.text:__TI_closefile)
                  00002c20    00000070                                   : memory.c.obj (.text:split)
                  00002c90    0000006e                                   : _printfi.c.obj (.text:_mcpy)
                  00002cfe    00000002     --HOLE-- [fill = 0]
                  00002d00    0000006c                                   : hostrename.c.obj (.text:HOSTrename)
                  00002d6c    00000068                                   : hostlseek.c.obj (.text:HOSTlseek)
                  00002dd4    00000068                                   : copy_decompress_lzss.c.obj (.text:decompress:lzss:__TI_decompress_lzss)
                  00002e3c    00000068                                   : printf.c.obj (.text:printf)
                  00002ea4    00000064     msp432p4xx_driverlib.lib : interrupt.o (.text:Interrupt_enableInterrupt)
                  00002f08    00000064     rtsv7M4_T_le_v4SPD16_eabi.lib : s_frexp.c.obj (.text:frexp)
                  00002f6c    00000064                                   : fseek.c.obj (.text:fseek)
                  00002fd0    00000062                                   : _io_perm.c.obj (.text:__TI_wrt_ok)
                  00003032    00000002     --HOLE-- [fill = 0]
                  00003034    00000060                                   : hostopen.c.obj (.text:HOSTopen)
                  00003094    0000005c                                   : close.c.obj (.text:close)
                  000030f0    00000058                                   : hostread.c.obj (.text:HOSTread)
                  00003148    00000058                                   : hostwrite.c.obj (.text:HOSTwrite)
                  000031a0    00000056                                   : _printfi.c.obj (.text:_pconv_f)
                  000031f6    00000054                                   : ltoa.c.obj (.text:ltoa)
                  0000324a    00000052                                   : _printfi.c.obj (.text:_ecpy)
                  0000329c    00000050     msp432p4xx_driverlib.lib : pcm.o (.text:PCM_shutdownDevice)
                  000032ec    0000004c     rtsv7M4_T_le_v4SPD16_eabi.lib : fflush.c.obj (.text:__TI_doflush)
                  00003338    0000004c                                   : atoi.c.obj (.text:atoi)
                  00003384    00000048     msp432p4xx_driverlib.lib : gpio.o (.text:GPIO_setAsPeripheralModuleFunctionInputPin)
                  000033cc    00000048     rtsv7M4_T_le_v4SPD16_eabi.lib : exit.c.obj (.text:exit)
                  00003414    00000048                                   : fd_toi_t2.asm.obj (.text)
                  0000345c    00000044                                   : hostclose.c.obj (.text:HOSTclose)
                  000034a0    00000044                                   : hostunlink.c.obj (.text:HOSTunlink)
                  000034e4    00000044                                   : autoinit.c.obj (.text:__TI_auto_init_nobinit_nopinit:__TI_auto_init_nobinit_nopinit)
                  00003528    00000044                                   : getdevice.c.obj (.text:getdevice)
                  0000356c    0000003e                                   : _printfi.c.obj (.text:_fcpy)
                  000035aa    00000002     --HOLE-- [fill = 0]
                  000035ac    00000038                                   : trgmsg.c.obj (.text:__TI_writemsg)
                  000035e4    00000036                                   : strncpy.c.obj (.text:strncpy)
                  0000361a    00000002     --HOLE-- [fill = 0]
                  0000361c    00000034                                   : fopen.c.obj (.text:__TI_cleanup)
                  00003650    00000034                                   : trgmsg.c.obj (.text:__TI_readmsg)
                  00003684    00000034                                   : boot_cortex_m.c.obj (.text:_c_int00_noargs:_c_int00_noargs)
                  000036b8    00000030                                   : getdevice.c.obj (.text:finddevice)
                  000036e8    0000002e                                   : i_tofd_t2.asm.obj (.text)
                  00003716    0000002c     msp432p4xx_driverlib.lib : pcm.o (.text:PCM_getCoreVoltageLevel)
                  00003742    00000002     --HOLE-- [fill = 0]
                  00003744    0000002c     rtsv7M4_T_le_v4SPD16_eabi.lib : unlink.c.obj (.text:unlink)
                  00003770    0000002a     msp432p4xx_driverlib.lib : pcm.o (.text:PCM_getPowerMode)
                  0000379a    00000002     --HOLE-- [fill = 0]
                  0000379c    00000028                              : pcm.o (.text:PCM_gotoLPM0)
                  000037c4    00000028     rtsv7M4_T_le_v4SPD16_eabi.lib : memory.c.obj (.text:free_list_insert)
                  000037ec    00000028                                   : lseek.c.obj (.text:lseek)
                  00003814    00000028                                   : write.c.obj (.text:write)
                  0000383c    00000024     msp432p4xx_driverlib.lib : gpio.o (.text:GPIO_setAsOutputPin)
                  00003860    00000024                              : rtc_c.o (.text:RTC_C_holdClock)
                  00003884    00000024                              : uart.o (.text:UART_receiveData)
                  000038a8    00000024                              : uart.o (.text:UART_transmitData)
                  000038cc    00000020     rtsv7M4_T_le_v4SPD16_eabi.lib : memchr.c.obj (.text:memchr)
                  000038ec    0000001c                                   : copy_zero_init.c.obj (.text:decompress:ZI:__TI_zero_init_nomemset:__TI_zero_init_nomemset)
                  00003908    0000001c                                   : memory.c.obj (.text:free_list_remove)
                  00003924    0000001c                                   : memccpy.c.obj (.text:memccpy)
                  00003940    0000001a                                   : s_copysign.c.obj (.text:copysign)
                  0000395a    00000018     msp432p4xx_driverlib.lib : pcm.o (.text:PCM_gotoLPM3InterruptSafe)
                  00003972    00000002     --HOLE-- [fill = 0]
                  00003974    00000018                              : wdt_a.o (.text:WDT_A_holdTimer)
                  0000398c    00000018     rtsv7M4_T_le_v4SPD16_eabi.lib : strcmp.c.obj (.text:strcmp)
                  000039a4    00000016     msp432p4xx_driverlib.lib : uart.o (.text:UART_enableInterrupt)
                  000039ba    00000016     rtsv7M4_T_le_v4SPD16_eabi.lib : strchr.c.obj (.text:strchr)
                  000039d0    00000014     msp432p4xx_driverlib.lib : gpio.o (.text:GPIO_setOutputHighOnPin)
                  000039e4    00000014                              : gpio.o (.text:GPIO_toggleOutputOnPin)
                  000039f8    00000014     rtsv7M4_T_le_v4SPD16_eabi.lib : strcpy.c.obj (.text:strcpy)
                  00003a0c    00000014                                   : strlen.c.obj (.text:strlen)
                  00003a20    00000012     startup_msp432p401r_ccs.obj (.text)
                  00003a32    00000012     rtsv7M4_T_le_v4SPD16_eabi.lib : wcslen.c.obj (.text:wcslen)
                  00003a44    00000010     msp432p4xx_driverlib.lib : interrupt.o (.text:Interrupt_disableMaster)
                  00003a54    00000010                              : interrupt.o (.text:Interrupt_enableMaster)
                  00003a64    00000010                              : pcm.o (.text:PCM_gotoLPM4)
                  00003a74    0000000e     rtsv7M4_T_le_v4SPD16_eabi.lib : copy_decompress_none.c.obj (.text:decompress:none:__TI_decompress_none)
                  00003a82    0000000c     msp432p4xx_driverlib.lib : cpu.o (.text:CPU_cpsid)
                  00003a8e    0000000c                              : cpu.o (.text:CPU_cpsie)
                  00003a9a    00000002     --HOLE-- [fill = 0]
                  00003a9c    0000000c                              : pcm.o (.text:PCM_getPowerState)
                  00003aa8    0000000c                              : uart.o (.text:UART_enableModule)
                  00003ab4    00000008                              : pcm.o (.text:PCM_setPowerMode)
                  00003abc    00000008                              : pcm.o (.text:PCM_setPowerState)
                  00003ac4    00000008     rtsv7M4_T_le_v4SPD16_eabi.lib : errno.c.obj (.text:__aeabi_errno_addr)
                  00003acc    00000008                                   : memory.c.obj (.text:malloc)
                  00003ad4    00000004     msp432p4xx_driverlib.lib : cpu.o (.text:CPU_wfi)
                  00003ad8    00000004     rtsv7M4_T_le_v4SPD16_eabi.lib : printf.c.obj (.text:_outc)
                  00003adc    00000004                                   : printf.c.obj (.text:_outs)
                  00003ae0    00000004                                   : pre_init.c.obj (.text:_system_pre_init)
                  00003ae4    00000004                                   : exit.c.obj (.text:abort:abort)

.const     0    00003ae8    000001cc     
                  00003ae8    00000101     rtsv7M4_T_le_v4SPD16_eabi.lib : ctype.c.obj (.const:.string:_ctypes_)
                  00003be9    00000003     --HOLE-- [fill = 0]
                  00003bec    00000062     gpio_toggle_output.obj (.const:.string)
                  00003c4e    00000002     --HOLE-- [fill = 0]
                  00003c50    00000040     msp432p4xx_driverlib.lib : interrupt.o (.const)
                  00003c90    00000024     gpio_toggle_output.obj (.const:uartConfig)

.cinit     0    00003cb8    000000d0     
                  00003cb8    000000ac     (.cinit..data.load) [load image, compression = lzss]
                  00003d64    0000000c     (__TI_handler_table)
                  00003d70    00000008     (.cinit..bss.load) [load image, compression = zero_init]
                  00003d78    00000010     (__TI_cinit_table)

.init_array 
*          0    00000000    00000000     UNINITIALIZED

.sysmem    0    20000000    00000800     UNINITIALIZED
                  20000000    00000010     rtsv7M4_T_le_v4SPD16_eabi.lib : memory.c.obj (.sysmem)
                  20000010    000007f0     --HOLE--

.data      0    20000800    00000240     UNINITIALIZED
                  20000800    000000f0     rtsv7M4_T_le_v4SPD16_eabi.lib : defs.c.obj (.data:_ftable)
                  200008f0    00000078                                   : host_device.c.obj (.data:_device)
                  20000968    00000050                                   : host_device.c.obj (.data:_stream)
                  200009b8    00000030     msp432p4xx_driverlib.lib : gpio.o (.data:GPIO_PORT_TO_BASE)
                  200009e8    00000024     gpio_toggle_output.obj (.data)
                  20000a0c    00000010     rtsv7M4_T_le_v4SPD16_eabi.lib : defs.c.obj (.data)
                  20000a1c    0000000c                                   : exit.c.obj (.data:$O1$$)
                  20000a28    00000008                                   : _lock.c.obj (.data:$O1$$)
                  20000a30    00000008                                   : memory.c.obj (.data:$O1$$)
                  20000a38    00000004                                   : errno.c.obj (.data)
                  20000a3c    00000004     system_msp432p401r.obj (.data)

.bss       0    20000a40    000001c8     UNINITIALIZED
                  20000a40    00000120     rtsv7M4_T_le_v4SPD16_eabi.lib : trgmsg.c.obj (.bss:_CIOBUF_)
                  20000b60    000000a0     (.common:__TI_tmpnams)
                  20000c00    00000008     (.common:parmbuf)

.stack     0    2000fe00    00000200     UNINITIALIZED
                  2000fe00    00000004     rtsv7M4_T_le_v4SPD16_eabi.lib : boot_cortex_m.c.obj (.stack)
                  2000fe04    000001fc     --HOLE--

MODULE SUMMARY

       Module                        code    ro data   rw data
       ------                        ----    -------   -------
    .\
       gpio_toggle_output.obj        1332    134       36     
       system_msp432p401r.obj        808     0         4      
       startup_msp432p401r_ccs.obj   18      320       0      
    +--+-----------------------------+-------+---------+---------+
       Total:                        2158    454       40     
                                                              
    C:/Users/zongw/Desktop/msp432_driverlib_3_21_00_05/driverlib/MSP432P4xx/ccs/msp432p4xx_driverlib.lib
       pcm.o                         1210    0         0      
       uart.o                        254     0         0      
       gpio.o                        148     0         48     
       interrupt.o                   132     64        0      
       rtc_c.o                       36      0         0      
       cpu.o                         28      0         0      
       wdt_a.o                       24      0         0      
    +--+-----------------------------+-------+---------+---------+
       Total:                        1832    64        48     
                                                              
    C:\ti\ccs930\ccs\tools\compiler\ti-cgt-arm_18.12.4.LTS\lib\rtsv7M4_T_le_v4SPD16_eabi.lib
       _printfi.c.obj                4851    0         0      
       memory.c.obj                  696     0         8      
       fd_add_t2.asm.obj             438     0         0      
       defs.c.obj                    0       0         416    
       trgmsg.c.obj                  108     0         288    
       fd_div_t2.asm.obj             310     0         0      
       fputs.c.obj                   276     0         0      
       s_scalbn.c.obj                272     0         0      
       fd_cmp_t2.asm.obj             268     0         0      
       ctype.c.obj                   0       257       0      
       fd_mul_t2.asm.obj             252     0         0      
       setvbuf.c.obj                 220     0         0      
       host_device.c.obj             0       0         200    
       memcpy_t2.asm.obj             156     0         0      
       ull_div_t2.asm.obj            150     0         0      
       fputc.c.obj                   140     0         0      
       memset_t2.asm.obj             122     0         0      
       fclose.c.obj                  116     0         0      
       getdevice.c.obj               116     0         0      
       printf.c.obj                  112     0         0      
       hostrename.c.obj              108     0         0      
       copy_decompress_lzss.c.obj    104     0         0      
       hostlseek.c.obj               104     0         0      
       hostopen.c.obj                96      0         8      
       fseek.c.obj                   100     0         0      
       s_frexp.c.obj                 100     0         0      
       _io_perm.c.obj                98      0         0      
       close.c.obj                   92      0         0      
       exit.c.obj                    76      0         12     
       hostread.c.obj                88      0         0      
       hostwrite.c.obj               88      0         0      
       ltoa.c.obj                    84      0         0      
       atoi.c.obj                    76      0         0      
       fflush.c.obj                  76      0         0      
       fd_toi_t2.asm.obj             72      0         0      
       autoinit.c.obj                68      0         0      
       hostclose.c.obj               68      0         0      
       hostunlink.c.obj              68      0         0      
       strncpy.c.obj                 54      0         0      
       boot_cortex_m.c.obj           52      0         0      
       fopen.c.obj                   52      0         0      
       i_tofd_t2.asm.obj             46      0         0      
       unlink.c.obj                  44      0         0      
       lseek.c.obj                   40      0         0      
       write.c.obj                   40      0         0      
       memchr.c.obj                  32      0         0      
       copy_zero_init.c.obj          28      0         0      
       memccpy.c.obj                 28      0         0      
       s_copysign.c.obj              26      0         0      
       strcmp.c.obj                  24      0         0      
       strchr.c.obj                  22      0         0      
       strcpy.c.obj                  20      0         0      
       strlen.c.obj                  20      0         0      
       wcslen.c.obj                  18      0         0      
       copy_decompress_none.c.obj    14      0         0      
       errno.c.obj                   8       0         4      
       _lock.c.obj                   2       0         8      
       pre_init.c.obj                4       0         0      
       div0.asm.obj                  2       0         0      
    +--+-----------------------------+-------+---------+---------+
       Total:                        10745   257       944    
                                                              
       Heap:                         0       0         2048   
       Stack:                        0       0         512    
       Linker Generated:             0       208       0      
    +--+-----------------------------+-------+---------+---------+
       Grand Total:                  14735   983       3592   


LINKER GENERATED COPY TABLES

__TI_cinit_table @ 00003d78 records: 2, size/record: 8, table size: 16
	.data: load addr=00003cb8, load size=000000ac bytes, run addr=20000800, run size=00000240 bytes, compression=lzss
	.bss: load addr=00003d70, load size=00000008 bytes, run addr=20000a40, run size=000001c8 bytes, compression=zero_init


LINKER GENERATED HANDLER TABLE

__TI_handler_table @ 00003d64 records: 3, size/record: 4, table size: 12
	index: 0, handler: __TI_decompress_lzss
	index: 1, handler: __TI_decompress_none
	index: 2, handler: __TI_zero_init


GLOBAL SYMBOLS: SORTED ALPHABETICALLY BY Name 

address   name                                      
-------   ----                                      
200009f4  BARCODE_VALUE                             
00003ae5  C$$EXIT                                   
000035db  C$$IO$$                                   
00003a83  CPU_cpsid                                 
00003a8f  CPU_cpsie                                 
00003ad5  CPU_wfi                                   
200009ec  DISTANCE_TRAVELLED                        
00000c79  EUSCIA2_IRQHandler                        
0000383d  GPIO_setAsOutputPin                       
00003385  GPIO_setAsPeripheralModuleFunctionInputPin
000039d1  GPIO_setOutputHighOnPin                   
000039e5  GPIO_toggleOutputOnPin                    
200009f0  HEIGHT_OF_HUMP                            
0000345d  HOSTclose                                 
00002d6d  HOSTlseek                                 
00003035  HOSTopen                                  
000030f1  HOSTread                                  
00002d01  HOSTrename                                
000034a1  HOSTunlink                                
00003149  HOSTwrite                                 
00003a45  Interrupt_disableMaster                   
00002ea5  Interrupt_enableInterrupt                 
00003a55  Interrupt_enableMaster                    
200009fc  MAP_ROW_1                                 
20000a00  MAP_ROW_2                                 
20000a04  MAP_ROW_3                                 
20000a08  MAP_ROW_4                                 
00003717  PCM_getCoreVoltageLevel                   
00003771  PCM_getPowerMode                          
00003a9d  PCM_getPowerState                         
0000379d  PCM_gotoLPM0                              
00002ab5  PCM_gotoLPM3                              
0000395b  PCM_gotoLPM3InterruptSafe                 
00003a65  PCM_gotoLPM4                              
00003ab5  PCM_setPowerMode                          
00003abd  PCM_setPowerState                         
0000329d  PCM_shutdownDevice                        
00000e67  PORT1_IRQHandler                          
00003861  RTC_C_holdClock                           
200009f8  SHORTEST_PATH                             
200009e8  SPEED                                     
20000a3c  SystemCoreClock                           
000010c5  SystemCoreClockUpdate                     
00001339  SystemInit                                
000039a5  UART_enableInterrupt                      
00003aa9  UART_enableModule                         
00002889  UART_initModule                           
00003885  UART_receiveData                          
000038a9  UART_transmitData                         
4000480c  WDTCTL_SYM                                
00003975  WDT_A_holdTimer                           
20000a40  __CIOBUF_                                 
20010000  __STACK_END                               
00000200  __STACK_SIZE                              
00000800  __SYSMEM_SIZE                             
00003d78  __TI_CINIT_Base                           
00003d88  __TI_CINIT_Limit                          
00003d64  __TI_Handler_Table_Base                   
00003d70  __TI_Handler_Table_Limit                  
000034e5  __TI_auto_init_nobinit_nopinit            
0000361d  __TI_cleanup                              
20000a1c  __TI_cleanup_ptr                          
00002bad  __TI_closefile                            
00002dd5  __TI_decompress_lzss                      
00003a75  __TI_decompress_none                      
000032ed  __TI_doflush                              
20000a20  __TI_dtors_ptr                            
20000a24  __TI_enable_exit_profile_output           
20000a0c  __TI_ft_end                               
ffffffff  __TI_pprof_out_hndl                       
00000141  __TI_printfi                              
ffffffff  __TI_prof_data_size                       
ffffffff  __TI_prof_data_start                      
00003651  __TI_readmsg                              
00000000  __TI_static_base__                        
20000b60  __TI_tmpnams                              
000035ad  __TI_writemsg                             
00002fd1  __TI_wrt_ok                               
000038ed  __TI_zero_init_nomemset                   
000029a9  __aeabi_cdcmpeq                           
000029a9  __aeabi_cdcmple                           
00002a2f  __aeabi_cdrcmple                          
00003415  __aeabi_d2iz                              
00001837  __aeabi_dadd                              
00001cc1  __aeabi_ddiv                              
00002259  __aeabi_dmul                              
0000182d  __aeabi_dsub                              
00003ac5  __aeabi_errno_addr                        
000036e9  __aeabi_i2d                               
00001b83  __aeabi_idiv0                             
00001b83  __aeabi_ldiv0                             
00002b31  __aeabi_memclr                            
00002b31  __aeabi_memclr4                           
00002b31  __aeabi_memclr8                           
00002755  __aeabi_memcpy                            
00002755  __aeabi_memcpy4                           
00002755  __aeabi_memcpy8                           
00002b33  __aeabi_memset                            
00002b33  __aeabi_memset4                           
00002b33  __aeabi_memset8                           
20000a18  __aeabi_stderr                            
20000a10  __aeabi_stdin                             
20000a14  __aeabi_stdout                            
000027f1  __aeabi_uldivmod                          
ffffffff  __binit__                                 
ffffffff  __c_args__                                
UNDEFED   __mpu_init                                
2000fe00  __stack                                   
00003685  _c_int00_noargs                           
00003ae8  _ctypes_                                  
200008f0  _device                                   
20000800  _ftable                                   
20000a28  _lock                                     
00000b8f  _nop                                      
20000968  _stream                                   
20000000  _sys_memory                               
UNDEFED   _system_post_cinit                        
00003ae1  _system_pre_init                          
20000a2c  _unlock                                   
00003ae5  abort                                     
00001f1d  aligned_alloc                             
00003339  atoi                                      
ffffffff  binit                                     
00003095  close                                     
00003941  copysign                                  
00003941  copysignl                                 
20000a38  errno                                     
000033cd  exit                                      
000036b9  finddevice                                
0000291d  fputc                                     
00002035  fputs                                     
00002355  free                                      
00002f09  frexp                                     
00002f09  frexpl                                    
00002f6d  fseek                                     
00003529  getdevice                                 
00000000  interruptVectors                          
00000fcd  itoa_z                                    
00002149  ldexp                                     
00002149  ldexpl                                    
000037ed  lseek                                     
000031f7  ltoa                                      
00000b91  main                                      
00003acd  malloc                                    
00001f1d  memalign                                  
00003925  memccpy                                   
000038cd  memchr                                    
00002755  memcpy                                    
00002b39  memset                                    
20000c00  parmbuf                                   
00002e3d  printf                                    
0000291d  putc                                      
00003745  remove                                    
00002149  scalbn                                    
00002149  scalbnl                                   
00000d79  sendBarcode                               
00000db3  sendDistancetravelled                     
00000e31  sendHeight                                
00000ded  sendSpeed                                 
00002515  setvbuf                                   
000039bb  strchr                                    
0000398d  strcmp                                    
000039f9  strcpy                                    
00003a0d  strlen                                    
000035e5  strncpy                                   
00000c47  uPrintf                                   
00003c90  uartConfig                                
00003745  unlink                                    
00003a33  wcslen                                    
00003815  write                                     


GLOBAL SYMBOLS: SORTED BY Symbol Address 

address   name                                      
-------   ----                                      
00000000  __TI_static_base__                        
00000000  interruptVectors                          
00000141  __TI_printfi                              
00000200  __STACK_SIZE                              
00000800  __SYSMEM_SIZE                             
00000b8f  _nop                                      
00000b91  main                                      
00000c47  uPrintf                                   
00000c79  EUSCIA2_IRQHandler                        
00000d79  sendBarcode                               
00000db3  sendDistancetravelled                     
00000ded  sendSpeed                                 
00000e31  sendHeight                                
00000e67  PORT1_IRQHandler                          
00000fcd  itoa_z                                    
000010c5  SystemCoreClockUpdate                     
00001339  SystemInit                                
0000182d  __aeabi_dsub                              
00001837  __aeabi_dadd                              
00001b83  __aeabi_idiv0                             
00001b83  __aeabi_ldiv0                             
00001cc1  __aeabi_ddiv                              
00001f1d  aligned_alloc                             
00001f1d  memalign                                  
00002035  fputs                                     
00002149  ldexp                                     
00002149  ldexpl                                    
00002149  scalbn                                    
00002149  scalbnl                                   
00002259  __aeabi_dmul                              
00002355  free                                      
00002515  setvbuf                                   
00002755  __aeabi_memcpy                            
00002755  __aeabi_memcpy4                           
00002755  __aeabi_memcpy8                           
00002755  memcpy                                    
000027f1  __aeabi_uldivmod                          
00002889  UART_initModule                           
0000291d  fputc                                     
0000291d  putc                                      
000029a9  __aeabi_cdcmpeq                           
000029a9  __aeabi_cdcmple                           
00002a2f  __aeabi_cdrcmple                          
00002ab5  PCM_gotoLPM3                              
00002b31  __aeabi_memclr                            
00002b31  __aeabi_memclr4                           
00002b31  __aeabi_memclr8                           
00002b33  __aeabi_memset                            
00002b33  __aeabi_memset4                           
00002b33  __aeabi_memset8                           
00002b39  memset                                    
00002bad  __TI_closefile                            
00002d01  HOSTrename                                
00002d6d  HOSTlseek                                 
00002dd5  __TI_decompress_lzss                      
00002e3d  printf                                    
00002ea5  Interrupt_enableInterrupt                 
00002f09  frexp                                     
00002f09  frexpl                                    
00002f6d  fseek                                     
00002fd1  __TI_wrt_ok                               
00003035  HOSTopen                                  
00003095  close                                     
000030f1  HOSTread                                  
00003149  HOSTwrite                                 
000031f7  ltoa                                      
0000329d  PCM_shutdownDevice                        
000032ed  __TI_doflush                              
00003339  atoi                                      
00003385  GPIO_setAsPeripheralModuleFunctionInputPin
000033cd  exit                                      
00003415  __aeabi_d2iz                              
0000345d  HOSTclose                                 
000034a1  HOSTunlink                                
000034e5  __TI_auto_init_nobinit_nopinit            
00003529  getdevice                                 
000035ad  __TI_writemsg                             
000035db  C$$IO$$                                   
000035e5  strncpy                                   
0000361d  __TI_cleanup                              
00003651  __TI_readmsg                              
00003685  _c_int00_noargs                           
000036b9  finddevice                                
000036e9  __aeabi_i2d                               
00003717  PCM_getCoreVoltageLevel                   
00003745  remove                                    
00003745  unlink                                    
00003771  PCM_getPowerMode                          
0000379d  PCM_gotoLPM0                              
000037ed  lseek                                     
00003815  write                                     
0000383d  GPIO_setAsOutputPin                       
00003861  RTC_C_holdClock                           
00003885  UART_receiveData                          
000038a9  UART_transmitData                         
000038cd  memchr                                    
000038ed  __TI_zero_init_nomemset                   
00003925  memccpy                                   
00003941  copysign                                  
00003941  copysignl                                 
0000395b  PCM_gotoLPM3InterruptSafe                 
00003975  WDT_A_holdTimer                           
0000398d  strcmp                                    
000039a5  UART_enableInterrupt                      
000039bb  strchr                                    
000039d1  GPIO_setOutputHighOnPin                   
000039e5  GPIO_toggleOutputOnPin                    
000039f9  strcpy                                    
00003a0d  strlen                                    
00003a33  wcslen                                    
00003a45  Interrupt_disableMaster                   
00003a55  Interrupt_enableMaster                    
00003a65  PCM_gotoLPM4                              
00003a75  __TI_decompress_none                      
00003a83  CPU_cpsid                                 
00003a8f  CPU_cpsie                                 
00003a9d  PCM_getPowerState                         
00003aa9  UART_enableModule                         
00003ab5  PCM_setPowerMode                          
00003abd  PCM_setPowerState                         
00003ac5  __aeabi_errno_addr                        
00003acd  malloc                                    
00003ad5  CPU_wfi                                   
00003ae1  _system_pre_init                          
00003ae5  C$$EXIT                                   
00003ae5  abort                                     
00003ae8  _ctypes_                                  
00003c90  uartConfig                                
00003d64  __TI_Handler_Table_Base                   
00003d70  __TI_Handler_Table_Limit                  
00003d78  __TI_CINIT_Base                           
00003d88  __TI_CINIT_Limit                          
20000000  _sys_memory                               
20000800  _ftable                                   
200008f0  _device                                   
20000968  _stream                                   
200009e8  SPEED                                     
200009ec  DISTANCE_TRAVELLED                        
200009f0  HEIGHT_OF_HUMP                            
200009f4  BARCODE_VALUE                             
200009f8  SHORTEST_PATH                             
200009fc  MAP_ROW_1                                 
20000a00  MAP_ROW_2                                 
20000a04  MAP_ROW_3                                 
20000a08  MAP_ROW_4                                 
20000a0c  __TI_ft_end                               
20000a10  __aeabi_stdin                             
20000a14  __aeabi_stdout                            
20000a18  __aeabi_stderr                            
20000a1c  __TI_cleanup_ptr                          
20000a20  __TI_dtors_ptr                            
20000a24  __TI_enable_exit_profile_output           
20000a28  _lock                                     
20000a2c  _unlock                                   
20000a38  errno                                     
20000a3c  SystemCoreClock                           
20000a40  __CIOBUF_                                 
20000b60  __TI_tmpnams                              
20000c00  parmbuf                                   
2000fe00  __stack                                   
20010000  __STACK_END                               
4000480c  WDTCTL_SYM                                
ffffffff  __TI_pprof_out_hndl                       
ffffffff  __TI_prof_data_size                       
ffffffff  __TI_prof_data_start                      
ffffffff  __binit__                                 
ffffffff  __c_args__                                
ffffffff  binit                                     
UNDEFED   __mpu_init                                
UNDEFED   _system_post_cinit                        

[170 symbols]
