******************************************************************************
                  TI ARM Linker PC v18.12.4                    
******************************************************************************
>> Linked Wed Nov 23 13:23:31 2022

OUTPUT FILE NAME:   <uart_pc_echo_12mhz_brclk.out>
ENTRY POINT SYMBOL: "_c_int00_noargs"  address: 0000410d


MEMORY CONFIGURATION

         name            origin    length      used     unused   attr    fill
----------------------  --------  ---------  --------  --------  ----  --------
  MAIN                  00000000   00040000  000048a4  0003b75c  R  X
  INFO                  00200000   00004000  00000000  00004000  R  X
  SRAM_CODE             01000000   00010000  00000000  00010000  RW X
  SRAM_DATA             20000000   00010000  00001c70  0000e390  RW  


SEGMENT ALLOCATION MAP

run origin  load origin   length   init length attrs members
----------  ----------- ---------- ----------- ----- -------
00000000    00000000    000048a8   000048a8    r-x
  00000000    00000000    00000140   00000140    r-- .intvecs
  00000140    00000140    000044ac   000044ac    r-x .text
  000045ec    000045ec    000001d0   000001d0    r-- .const
  000047c0    000047c0    000000e8   000000e8    r-- .cinit
20000000    20000000    00001a70   00000000    rw-
  20000000    20000000    00001600   00000000    rw- .sysmem
  20001600    20001600    000002a4   00000000    rw- .data
  200018a4    200018a4    000001cc   00000000    rw- .bss
2000fe00    2000fe00    00000200   00000000    rw-
  2000fe00    2000fe00    00000200   00000000    rw- .stack


SECTION ALLOCATION MAP

 output                                  attributes/
section   page    origin      length       input sections
--------  ----  ----------  ----------   ----------------
.intvecs   0    00000000    00000140     
                  00000000    00000140     startup_msp432p401r_ccs.obj (.intvecs:retain)

.text      0    00000140    000044ac     
                  00000140    00000a4e     rtsv7M4_T_le_v4SPD16_eabi.lib : _printfi.c.obj (.text:__TI_printfi)
                  00000b8e    00000002                                   : _lock.c.obj (.text:_nop)
                  00000b90    00000628     initMovement.obj (.text)
                  000011b8    000004c4     initUltrasound.obj (.text)
                  0000167c    00000328     system_msp432p401r.obj (.text)
                  000019a4    00000278     printf.obj (.text)
                  00001c1c    00000270     rtsv7M4_T_le_v4SPD16_eabi.lib : _printfi.c.obj (.text:_pconv_a)
                  00001e8c    000001d0                                   : _printfi.c.obj (.text:_pconv_g)
                  0000205c    000001b6                                   : fd_add_t2.asm.obj (.text)
                  00002212    000001a0     msp432p4xx_driverlib.lib : pcm.o (.text:__PCM_setPowerStateAdvanced)
                  000023b2    00000002     rtsv7M4_T_le_v4SPD16_eabi.lib : div0.asm.obj (.text)
                  000023b4    0000013c                                   : _printfi.c.obj (.text:_pconv_e)
                  000024f0    00000136                                   : fd_div_t2.asm.obj (.text)
                  00002626    00000002     --HOLE-- [fill = 0]
                  00002628    00000124                                   : _printfi.c.obj (.text:fcvt)
                  0000274c    00000118                                   : memory.c.obj (.text:aligned_alloc)
                  00002864    00000114                                   : fputs.c.obj (.text:fputs)
                  00002978    00000110                                   : s_scalbn.c.obj (.text:scalbn)
                  00002a88    000000fc                                   : fd_mul_t2.asm.obj (.text)
                  00002b84    000000e4                                   : memory.c.obj (.text:free)
                  00002c68    000000dc     msp432p4xx_driverlib.lib : pcm.o (.text:__PCM_setPowerModeAdvanced)
                  00002d44    000000dc     rtsv7M4_T_le_v4SPD16_eabi.lib : setvbuf.c.obj (.text:setvbuf)
                  00002e20    000000b2     msp432p4xx_driverlib.lib : timer_a.o (.text:privateTimer_AProcessClockSourceDivider)
                  00002ed2    00000002     --HOLE-- [fill = 0]
                  00002ed4    000000b1     rtsv7M4_T_le_v4SPD16_eabi.lib : _printfi.c.obj (.text:_ltostr)
                  00002f85    00000003     --HOLE-- [fill = 0]
                  00002f88    000000b0     msp432p4xx_driverlib.lib : pcm.o (.text:__PCM_setCoreVoltageLevelAdvanced)
                  00003038    0000009c     rtsv7M4_T_le_v4SPD16_eabi.lib : memcpy_t2.asm.obj (.text)
                  000030d4    00000096                                   : ull_div_t2.asm.obj (.text)
                  0000316a    00000002     --HOLE-- [fill = 0]
                  0000316c    00000094     msp432p4xx_driverlib.lib : uart.o (.text:UART_initModule)
                  00003200    00000094     uart_pc_echo_12mhz_brclk.obj (.text)
                  00003294    0000008c     rtsv7M4_T_le_v4SPD16_eabi.lib : fputc.c.obj (.text:fputc)
                  00003320    00000086                                   : fd_cmp_t2.asm.obj (.text:__aeabi_cdcmple)
                  000033a6    00000086                                   : fd_cmp_t2.asm.obj (.text:__aeabi_cdrcmple)
                  0000342c    0000007c     msp432p4xx_driverlib.lib : pcm.o (.text:PCM_gotoLPM3)
                  000034a8    0000007a     rtsv7M4_T_le_v4SPD16_eabi.lib : memset_t2.asm.obj (.text)
                  00003522    00000002     --HOLE-- [fill = 0]
                  00003524    00000074                                   : fclose.c.obj (.text:__TI_closefile)
                  00003598    00000070                                   : memory.c.obj (.text:split)
                  00003608    0000006e                                   : _printfi.c.obj (.text:_mcpy)
                  00003676    00000002     --HOLE-- [fill = 0]
                  00003678    0000006c                                   : hostrename.c.obj (.text:HOSTrename)
                  000036e4    00000068                                   : hostlseek.c.obj (.text:HOSTlseek)
                  0000374c    00000068                                   : copy_decompress_lzss.c.obj (.text:decompress:lzss:__TI_decompress_lzss)
                  000037b4    00000068                                   : printf.c.obj (.text:printf)
                  0000381c    00000064     msp432p4xx_driverlib.lib : interrupt.o (.text:Interrupt_enableInterrupt)
                  00003880    00000064     rtsv7M4_T_le_v4SPD16_eabi.lib : s_frexp.c.obj (.text:frexp)
                  000038e4    00000064                                   : fseek.c.obj (.text:fseek)
                  00003948    00000062                                   : _io_perm.c.obj (.text:__TI_wrt_ok)
                  000039aa    00000002     --HOLE-- [fill = 0]
                  000039ac    00000060                                   : hostopen.c.obj (.text:HOSTopen)
                  00003a0c    0000005c                                   : close.c.obj (.text:close)
                  00003a68    00000058                                   : hostread.c.obj (.text:HOSTread)
                  00003ac0    00000058                                   : hostwrite.c.obj (.text:HOSTwrite)
                  00003b18    00000056                                   : _printfi.c.obj (.text:_pconv_f)
                  00003b6e    00000054                                   : ltoa.c.obj (.text:ltoa)
                  00003bc2    00000052                                   : _printfi.c.obj (.text:_ecpy)
                  00003c14    00000050     msp432p4xx_driverlib.lib : pcm.o (.text:PCM_shutdownDevice)
                  00003c64    0000004c                              : gpio.o (.text:GPIO_setAsPeripheralModuleFunctionOutputPin)
                  00003cb0    0000004c     rtsv7M4_T_le_v4SPD16_eabi.lib : fflush.c.obj (.text:__TI_doflush)
                  00003cfc    0000004c                                   : atoi.c.obj (.text:atoi)
                  00003d48    00000048     msp432p4xx_driverlib.lib : gpio.o (.text:GPIO_setAsPeripheralModuleFunctionInputPin)
                  00003d90    00000048                              : timer_a.o (.text:Timer_A_generatePWM)
                  00003dd8    00000048     rtsv7M4_T_le_v4SPD16_eabi.lib : exit.c.obj (.text:exit)
                  00003e20    00000048                                   : fd_toi_t2.asm.obj (.text)
                  00003e68    00000044                                   : hostclose.c.obj (.text:HOSTclose)
                  00003eac    00000044                                   : hostunlink.c.obj (.text:HOSTunlink)
                  00003ef0    00000044     msp432p4xx_driverlib.lib : timer_a.o (.text:Timer_A_configureUpMode)
                  00003f34    00000044     rtsv7M4_T_le_v4SPD16_eabi.lib : autoinit.c.obj (.text:__TI_auto_init_nobinit_nopinit:__TI_auto_init_nobinit_nopinit)
                  00003f78    00000044                                   : getdevice.c.obj (.text:getdevice)
                  00003fbc    0000003e                                   : _printfi.c.obj (.text:_fcpy)
                  00003ffa    00000002     --HOLE-- [fill = 0]
                  00003ffc    00000038                                   : trgmsg.c.obj (.text:__TI_writemsg)
                  00004034    00000038                                   : fs_tod_t2.asm.obj (.text)
                  0000406c    00000036                                   : strncpy.c.obj (.text:strncpy)
                  000040a2    00000002     --HOLE-- [fill = 0]
                  000040a4    00000034                                   : fopen.c.obj (.text:__TI_cleanup)
                  000040d8    00000034                                   : trgmsg.c.obj (.text:__TI_readmsg)
                  0000410c    00000034                                   : boot_cortex_m.c.obj (.text:_c_int00_noargs:_c_int00_noargs)
                  00004140    00000030     msp432p4xx_driverlib.lib : gpio.o (.text:GPIO_setAsInputPinWithPullDownResistor)
                  00004170    00000030     rtsv7M4_T_le_v4SPD16_eabi.lib : getdevice.c.obj (.text:finddevice)
                  000041a0    0000002e                                   : i_tofd_t2.asm.obj (.text)
                  000041ce    0000002c     msp432p4xx_driverlib.lib : pcm.o (.text:PCM_getCoreVoltageLevel)
                  000041fa    00000002     --HOLE-- [fill = 0]
                  000041fc    0000002c     rtsv7M4_T_le_v4SPD16_eabi.lib : unlink.c.obj (.text:unlink)
                  00004228    0000002a     msp432p4xx_driverlib.lib : pcm.o (.text:PCM_getPowerMode)
                  00004252    00000002     --HOLE-- [fill = 0]
                  00004254    00000028                              : pcm.o (.text:PCM_gotoLPM0)
                  0000427c    00000028     rtsv7M4_T_le_v4SPD16_eabi.lib : memory.c.obj (.text:free_list_insert)
                  000042a4    00000028                                   : lseek.c.obj (.text:lseek)
                  000042cc    00000028                                   : write.c.obj (.text:write)
                  000042f4    00000024     msp432p4xx_driverlib.lib : gpio.o (.text:GPIO_setAsOutputPin)
                  00004318    00000024                              : rtc_c.o (.text:RTC_C_holdClock)
                  0000433c    00000020                              : gpio.o (.text:GPIO_interruptEdgeSelect)
                  0000435c    00000020     rtsv7M4_T_le_v4SPD16_eabi.lib : memchr.c.obj (.text:memchr)
                  0000437c    0000001c     msp432p4xx_driverlib.lib : timer_a.o (.text:Timer_A_getCounterValue)
                  00004398    0000001c     rtsv7M4_T_le_v4SPD16_eabi.lib : copy_zero_init.c.obj (.text:decompress:ZI:__TI_zero_init_nomemset:__TI_zero_init_nomemset)
                  000043b4    0000001c                                   : memory.c.obj (.text:free_list_remove)
                  000043d0    0000001c                                   : memccpy.c.obj (.text:memccpy)
                  000043ec    0000001a     msp432p4xx_driverlib.lib : timer_a.o (.text:Timer_A_clearCaptureCompareInterrupt)
                  00004406    0000001a     rtsv7M4_T_le_v4SPD16_eabi.lib : s_copysign.c.obj (.text:copysign)
                  00004420    00000018     msp432p4xx_driverlib.lib : gpio.o (.text:GPIO_clearInterruptFlag)
                  00004438    00000018                              : gpio.o (.text:GPIO_getInputPinValue)
                  00004450    00000018                              : gpio.o (.text:GPIO_setOutputLowOnPin)
                  00004468    00000018                              : wdt_a.o (.text:WDT_A_holdTimer)
                  00004480    00000018     rtsv7M4_T_le_v4SPD16_eabi.lib : strcmp.c.obj (.text:strcmp)
                  00004498    00000016                                   : strchr.c.obj (.text:strchr)
                  000044ae    00000002     --HOLE-- [fill = 0]
                  000044b0    00000014     msp432p4xx_driverlib.lib : gpio.o (.text:GPIO_enableInterrupt)
                  000044c4    00000014                              : gpio.o (.text:GPIO_setOutputHighOnPin)
                  000044d8    00000014     rtsv7M4_T_le_v4SPD16_eabi.lib : strcpy.c.obj (.text:strcpy)
                  000044ec    00000014                                   : strlen.c.obj (.text:strlen)
                  00004500    00000012     startup_msp432p401r_ccs.obj (.text)
                  00004512    00000012     rtsv7M4_T_le_v4SPD16_eabi.lib : wcslen.c.obj (.text:wcslen)
                  00004524    00000010     msp432p4xx_driverlib.lib : interrupt.o (.text:Interrupt_disableMaster)
                  00004534    00000010                              : interrupt.o (.text:Interrupt_enableMaster)
                  00004544    00000010                              : pcm.o (.text:PCM_gotoLPM4)
                  00004554    00000010                              : timer_a.o (.text:Timer_A_clearTimer)
                  00004564    0000000e     rtsv7M4_T_le_v4SPD16_eabi.lib : copy_decompress_none.c.obj (.text:decompress:none:__TI_decompress_none)
                  00004572    0000000c     msp432p4xx_driverlib.lib : cpu.o (.text:CPU_cpsid)
                  0000457e    0000000c                              : cpu.o (.text:CPU_cpsie)
                  0000458a    00000002     --HOLE-- [fill = 0]
                  0000458c    0000000c                              : pcm.o (.text:PCM_getPowerState)
                  00004598    0000000c                              : timer_a.o (.text:Timer_A_stopTimer)
                  000045a4    0000000c                              : uart.o (.text:UART_enableModule)
                  000045b0    00000008                              : pcm.o (.text:PCM_setPowerMode)
                  000045b8    00000008                              : pcm.o (.text:PCM_setPowerState)
                  000045c0    00000008                              : timer_a.o (.text:Timer_A_startCounter)
                  000045c8    00000008     rtsv7M4_T_le_v4SPD16_eabi.lib : errno.c.obj (.text:__aeabi_errno_addr)
                  000045d0    00000008                                   : memory.c.obj (.text:malloc)
                  000045d8    00000004     msp432p4xx_driverlib.lib : cpu.o (.text:CPU_wfi)
                  000045dc    00000004     rtsv7M4_T_le_v4SPD16_eabi.lib : printf.c.obj (.text:_outc)
                  000045e0    00000004                                   : printf.c.obj (.text:_outs)
                  000045e4    00000004                                   : pre_init.c.obj (.text:_system_pre_init)
                  000045e8    00000004                                   : exit.c.obj (.text:abort:abort)

.const     0    000045ec    000001d0     
                  000045ec    00000101     rtsv7M4_T_le_v4SPD16_eabi.lib : ctype.c.obj (.const:.string:_ctypes_)
                  000046ed    00000003     --HOLE-- [fill = 0]
                  000046f0    00000040     msp432p4xx_driverlib.lib : interrupt.o (.const)
                  00004730    00000028     printf.obj (.const:dv)
                  00004758    00000024     printf.obj (.const:uartConfig)
                  0000477c    00000018     initUltrasound.obj (.const:$P$T0$1)
                  00004794    00000018     initUltrasound.obj (.const:$P$T1$2)
                  000047ac    00000010     printf.obj (.const:.string:hex$1)

.cinit     0    000047c0    000000e8     
                  000047c0    000000bf     (.cinit..data.load) [load image, compression = lzss]
                  0000487f    00000001     --HOLE-- [fill = 0]
                  00004880    0000000c     (__TI_handler_table)
                  0000488c    00000004     --HOLE-- [fill = 0]
                  00004890    00000008     (.cinit..bss.load) [load image, compression = zero_init]
                  00004898    00000010     (__TI_cinit_table)

.init_array 
*          0    00000000    00000000     UNINITIALIZED

.sysmem    0    20000000    00001600     UNINITIALIZED
                  20000000    00000010     rtsv7M4_T_le_v4SPD16_eabi.lib : memory.c.obj (.sysmem)
                  20000010    000015f0     --HOLE--

.data      0    20001600    000002a4     UNINITIALIZED
                  20001600    000000f0     rtsv7M4_T_le_v4SPD16_eabi.lib : defs.c.obj (.data:_ftable)
                  200016f0    00000078                                   : host_device.c.obj (.data:_device)
                  20001768    00000058     uart_pc_echo_12mhz_brclk.obj (.data)
                  200017c0    00000050     rtsv7M4_T_le_v4SPD16_eabi.lib : host_device.c.obj (.data:_stream)
                  20001810    00000030     msp432p4xx_driverlib.lib : gpio.o (.data:GPIO_PORT_TO_BASE)
                  20001840    00000018     initMovement.obj (.data:pwmConfig2)
                  20001858    00000018     initMovement.obj (.data:pwmConfig)
                  20001870    00000010     rtsv7M4_T_le_v4SPD16_eabi.lib : defs.c.obj (.data)
                  20001880    0000000c                                   : exit.c.obj (.data:$O1$$)
                  2000188c    00000008                                   : _lock.c.obj (.data:$O1$$)
                  20001894    00000008                                   : memory.c.obj (.data:$O1$$)
                  2000189c    00000004                                   : errno.c.obj (.data)
                  200018a0    00000004     system_msp432p401r.obj (.data)

.bss       0    200018a4    000001cc     UNINITIALIZED
                  200018a4    00000120     rtsv7M4_T_le_v4SPD16_eabi.lib : trgmsg.c.obj (.bss:_CIOBUF_)
                  200019c4    000000a0     (.common:__TI_tmpnams)
                  20001a64    00000008     (.common:parmbuf)
                  20001a6c    00000004     (.common:pulseCountTrigger)

.stack     0    2000fe00    00000200     UNINITIALIZED
                  2000fe00    00000004     rtsv7M4_T_le_v4SPD16_eabi.lib : boot_cortex_m.c.obj (.stack)
                  2000fe04    000001fc     --HOLE--

MODULE SUMMARY

       Module                         code    ro data   rw data
       ------                         ----    -------   -------
    .\
       system_msp432p401r.obj         808     0         4      
       startup_msp432p401r_ccs.obj    18      320       0      
       uart_pc_echo_12mhz_brclk.obj   148     0         92     
    +--+------------------------------+-------+---------+---------+
       Total:                         974     320       96     
                                                               
    .\Init\
       initMovement.obj               1576    0         48     
       initUltrasound.obj             1220    48        0      
       printf.obj                     632     92        0      
    +--+------------------------------+-------+---------+---------+
       Total:                         3428    140       48     
                                                               
    C:/Users/Marcus/Desktop/sit Y2S1/2104/lab1/msp432_driverlib_3_21_00_05/msp432_driverlib_3_21_00_05/driverlib/MSP432P4xx/ccs/msp432p4xx_driverlib.lib
       pcm.o                          1186    0         0      
       gpio.o                         376     0         48     
       timer_a.o                      408     0         0      
       interrupt.o                    132     64        0      
       uart.o                         160     0         0      
       rtc_c.o                        36      0         0      
       cpu.o                          28      0         0      
       wdt_a.o                        24      0         0      
    +--+------------------------------+-------+---------+---------+
       Total:                         2350    64        48     
                                                               
    C:\ti\ccs930\ccs\tools\compiler\ti-cgt-arm_18.12.4.LTS\lib\rtsv7M4_T_le_v4SPD16_eabi.lib
       _printfi.c.obj                 4851    0         0      
       memory.c.obj                   696     0         8      
       fd_add_t2.asm.obj              438     0         0      
       defs.c.obj                     0       0         416    
       trgmsg.c.obj                   108     0         288    
       fd_div_t2.asm.obj              310     0         0      
       fputs.c.obj                    276     0         0      
       s_scalbn.c.obj                 272     0         0      
       fd_cmp_t2.asm.obj              268     0         0      
       ctype.c.obj                    0       257       0      
       fd_mul_t2.asm.obj              252     0         0      
       setvbuf.c.obj                  220     0         0      
       host_device.c.obj              0       0         200    
       memcpy_t2.asm.obj              156     0         0      
       ull_div_t2.asm.obj             150     0         0      
       fputc.c.obj                    140     0         0      
       memset_t2.asm.obj              122     0         0      
       fclose.c.obj                   116     0         0      
       getdevice.c.obj                116     0         0      
       printf.c.obj                   112     0         0      
       hostrename.c.obj               108     0         0      
       copy_decompress_lzss.c.obj     104     0         0      
       hostlseek.c.obj                104     0         0      
       hostopen.c.obj                 96      0         8      
       fseek.c.obj                    100     0         0      
       s_frexp.c.obj                  100     0         0      
       _io_perm.c.obj                 98      0         0      
       close.c.obj                    92      0         0      
       exit.c.obj                     76      0         12     
       hostread.c.obj                 88      0         0      
       hostwrite.c.obj                88      0         0      
       ltoa.c.obj                     84      0         0      
       atoi.c.obj                     76      0         0      
       fflush.c.obj                   76      0         0      
       fd_toi_t2.asm.obj              72      0         0      
       autoinit.c.obj                 68      0         0      
       hostclose.c.obj                68      0         0      
       hostunlink.c.obj               68      0         0      
       fs_tod_t2.asm.obj              56      0         0      
       strncpy.c.obj                  54      0         0      
       boot_cortex_m.c.obj            52      0         0      
       fopen.c.obj                    52      0         0      
       i_tofd_t2.asm.obj              46      0         0      
       unlink.c.obj                   44      0         0      
       lseek.c.obj                    40      0         0      
       write.c.obj                    40      0         0      
       memchr.c.obj                   32      0         0      
       copy_zero_init.c.obj           28      0         0      
       memccpy.c.obj                  28      0         0      
       s_copysign.c.obj               26      0         0      
       strcmp.c.obj                   24      0         0      
       strchr.c.obj                   22      0         0      
       strcpy.c.obj                   20      0         0      
       strlen.c.obj                   20      0         0      
       wcslen.c.obj                   18      0         0      
       copy_decompress_none.c.obj     14      0         0      
       errno.c.obj                    8       0         4      
       _lock.c.obj                    2       0         8      
       pre_init.c.obj                 4       0         0      
       div0.asm.obj                   2       0         0      
    +--+------------------------------+-------+---------+---------+
       Total:                         10801   257       944    
                                                               
       Heap:                          0       0         5632   
       Stack:                         0       0         512    
       Linker Generated:              0       227       0      
    +--+------------------------------+-------+---------+---------+
       Grand Total:                   17553   1008      7280   


LINKER GENERATED COPY TABLES

__TI_cinit_table @ 00004898 records: 2, size/record: 8, table size: 16
	.data: load addr=000047c0, load size=000000bf bytes, run addr=20001600, run size=000002a4 bytes, compression=lzss
	.bss: load addr=00004890, load size=00000008 bytes, run addr=200018a4, run size=000001cc bytes, compression=zero_init


LINKER GENERATED HANDLER TABLE

__TI_handler_table @ 00004880 records: 3, size/record: 4, table size: 12
	index: 0, handler: __TI_decompress_lzss
	index: 1, handler: __TI_decompress_none
	index: 2, handler: __TI_zero_init


GLOBAL SYMBOLS: SORTED ALPHABETICALLY BY Name 

address   name                                       
-------   ----                                       
000045e9  C$$EXIT                                    
0000402b  C$$IO$$                                    
00004573  CPU_cpsid                                  
0000457f  CPU_cpsie                                  
000045d9  CPU_wfi                                    
00000e59  CarPID                                     
00004421  GPIO_clearInterruptFlag                    
000044b1  GPIO_enableInterrupt                       
00004439  GPIO_getInputPinValue                      
0000433d  GPIO_interruptEdgeSelect                   
00004141  GPIO_setAsInputPinWithPullDownResistor     
000042f5  GPIO_setAsOutputPin                        
00003d49  GPIO_setAsPeripheralModuleFunctionInputPin 
00003c65  GPIO_setAsPeripheralModuleFunctionOutputPin
000044c5  GPIO_setOutputHighOnPin                    
00004451  GPIO_setOutputLowOnPin                     
00003e69  HOSTclose                                  
000036e5  HOSTlseek                                  
000039ad  HOSTopen                                   
00003a69  HOSTread                                   
00003679  HOSTrename                                 
00003ead  HOSTunlink                                 
00003ac1  HOSTwrite                                  
00004525  Interrupt_disableMaster                    
0000381d  Interrupt_enableInterrupt                  
00004535  Interrupt_enableMaster                     
000041cf  PCM_getCoreVoltageLevel                    
00004229  PCM_getPowerMode                           
0000458d  PCM_getPowerState                          
00004255  PCM_gotoLPM0                               
0000342d  PCM_gotoLPM3                               
00004545  PCM_gotoLPM4                               
000045b1  PCM_setPowerMode                           
000045b9  PCM_setPowerState                          
00003c15  PCM_shutdownDevice                         
00003267  PORT1_IRQHandler                           
000014c5  PORT3_IRQHandler                           
000015dd  PORT5_IRQHandler                           
200017a4  PWML                                       
200017a8  PWMR                                       
00004319  RTC_C_holdClock                            
200018a0  SystemCoreClock                            
0000167d  SystemCoreClockUpdate                      
000018f1  SystemInit                                 
00001469  TA1_0_IRQHandler                           
000043ed  Timer_A_clearCaptureCompareInterrupt       
00004555  Timer_A_clearTimer                         
00003ef1  Timer_A_configureUpMode                    
00003d91  Timer_A_generatePWM                        
0000437d  Timer_A_getCounterValue                    
000045c1  Timer_A_startCounter                       
00004599  Timer_A_stopTimer                          
000045a5  UART_enableModule                          
0000316d  UART_initModule                            
00001aa5  Uartprintf                                 
000019ff  Uartputc                                   
000019db  Uartputs                                   
4000480c  WDTCTL_SYM                                 
00004469  WDT_A_holdTimer                            
200018a4  __CIOBUF_                                  
20010000  __STACK_END                                
00000200  __STACK_SIZE                               
00001600  __SYSMEM_SIZE                              
00004898  __TI_CINIT_Base                            
000048a8  __TI_CINIT_Limit                           
00004880  __TI_Handler_Table_Base                    
0000488c  __TI_Handler_Table_Limit                   
00003f35  __TI_auto_init_nobinit_nopinit             
000040a5  __TI_cleanup                               
20001880  __TI_cleanup_ptr                           
00003525  __TI_closefile                             
0000374d  __TI_decompress_lzss                       
00004565  __TI_decompress_none                       
00003cb1  __TI_doflush                               
20001884  __TI_dtors_ptr                             
20001888  __TI_enable_exit_profile_output            
20001870  __TI_ft_end                                
ffffffff  __TI_pprof_out_hndl                        
00000141  __TI_printfi                               
ffffffff  __TI_prof_data_size                        
ffffffff  __TI_prof_data_start                       
000040d9  __TI_readmsg                               
00000000  __TI_static_base__                         
200019c4  __TI_tmpnams                               
00003ffd  __TI_writemsg                              
00003949  __TI_wrt_ok                                
00004399  __TI_zero_init_nomemset                    
00003321  __aeabi_cdcmpeq                            
00003321  __aeabi_cdcmple                            
000033a7  __aeabi_cdrcmple                           
00003e21  __aeabi_d2iz                               
00002067  __aeabi_dadd                               
000024f1  __aeabi_ddiv                               
00002a89  __aeabi_dmul                               
0000205d  __aeabi_dsub                               
000045c9  __aeabi_errno_addr                         
00004035  __aeabi_f2d                                
000041a1  __aeabi_i2d                                
000023b3  __aeabi_idiv0                              
000023b3  __aeabi_ldiv0                              
000034a9  __aeabi_memclr                             
000034a9  __aeabi_memclr4                            
000034a9  __aeabi_memclr8                            
00003039  __aeabi_memcpy                             
00003039  __aeabi_memcpy4                            
00003039  __aeabi_memcpy8                            
000034ab  __aeabi_memset                             
000034ab  __aeabi_memset4                            
000034ab  __aeabi_memset8                            
2000187c  __aeabi_stderr                             
20001874  __aeabi_stdin                              
20001878  __aeabi_stdout                             
000030d5  __aeabi_uldivmod                           
ffffffff  __binit__                                  
ffffffff  __c_args__                                 
UNDEFED   __mpu_init                                 
2000fe00  __stack                                    
0000410d  _c_int00_noargs                            
000045ec  _ctypes_                                   
200016f0  _device                                    
20001600  _ftable                                    
2000188c  _lock                                      
00000b8f  _nop                                       
200017c0  _stream                                    
20000000  _sys_memory                                
UNDEFED   _system_post_cinit                         
000045e5  _system_pre_init                           
20001890  _unlock                                    
000045e9  abort                                      
0000274d  aligned_alloc                              
00003cfd  atoi                                       
ffffffff  binit                                      
00001313  calculateWallDetected                      
000013e9  checkWallFront                             
000013a9  checkWallLeft                              
00001429  checkWallRight                             
00003a0d  close                                      
00004407  copysign                                   
00004407  copysignl                                  
200017bc  echoReceivedFlag                           
2000189c  errno                                      
00003dd9  exit                                       
00004171  finddevice                                 
00003295  fputc                                      
00002865  fputs                                      
00002b85  free                                       
00003881  frexp                                      
00003881  frexpl                                     
000038e5  fseek                                      
00003f79  getdevice                                  
200017ac  haveWall                                   
00000b91  initMotor                                  
000011db  initUltrasound                             
000019a5  initprintf                                 
00000000  interruptVectors                           
2000178c  lastErrorLeft                              
20001790  lastErrorRight                             
00002979  ldexp                                      
00002979  ldexpl                                     
2000179c  leftPIDOutput                              
000042a5  lseek                                      
00003b6f  ltoa                                       
00003201  main                                       
000045d1  malloc                                     
0000274d  memalign                                   
000043d1  memccpy                                    
0000435d  memchr                                     
00003039  memcpy                                     
000034b1  memset                                     
20001780  minDist                                    
00000c57  moveCar                                    
20001a64  parmbuf                                    
000037b5  printf                                     
20001768  pulseCountL                                
2000176c  pulseCountR                                
20001a6c  pulseCountTrigger                          
00003295  putc                                       
20001858  pwmConfig                                  
20001840  pwmConfig2                                 
000041fd  remove                                     
200017b8  result                                     
200017b4  resultAvailableFlag                        
200017a0  rightPIDOutput                             
00002979  scalbn                                     
00002979  scalbnl                                    
000019c1  sendByte                                   
00001369  sendTriggerToUltrasound                    
200017b0  sensorSelect                               
00002d45  setvbuf                                    
000011b9  sleep                                      
20001778  speedL                                     
2000177c  speedR                                     
20001788  startCar                                   
20001770  start_pulse                                
20001774  stop                                       
00000c13  stopCar                                    
00004499  strchr                                     
00004481  strcmp                                     
000044d9  strcpy                                     
000044ed  strlen                                     
0000406d  strncpy                                    
20001794  totalErrorLeft                             
20001798  totalErrorRight                            
00000d57  turnLeft                                   
00000ce9  turnRight                                  
20001784  turning                                    
00004758  uartConfig                                 
000041fd  unlink                                     
00004513  wcslen                                     
000042cd  write                                      


GLOBAL SYMBOLS: SORTED BY Symbol Address 

address   name                                       
-------   ----                                       
00000000  __TI_static_base__                         
00000000  interruptVectors                           
00000141  __TI_printfi                               
00000200  __STACK_SIZE                               
00000b8f  _nop                                       
00000b91  initMotor                                  
00000c13  stopCar                                    
00000c57  moveCar                                    
00000ce9  turnRight                                  
00000d57  turnLeft                                   
00000e59  CarPID                                     
000011b9  sleep                                      
000011db  initUltrasound                             
00001313  calculateWallDetected                      
00001369  sendTriggerToUltrasound                    
000013a9  checkWallLeft                              
000013e9  checkWallFront                             
00001429  checkWallRight                             
00001469  TA1_0_IRQHandler                           
000014c5  PORT3_IRQHandler                           
000015dd  PORT5_IRQHandler                           
00001600  __SYSMEM_SIZE                              
0000167d  SystemCoreClockUpdate                      
000018f1  SystemInit                                 
000019a5  initprintf                                 
000019c1  sendByte                                   
000019db  Uartputs                                   
000019ff  Uartputc                                   
00001aa5  Uartprintf                                 
0000205d  __aeabi_dsub                               
00002067  __aeabi_dadd                               
000023b3  __aeabi_idiv0                              
000023b3  __aeabi_ldiv0                              
000024f1  __aeabi_ddiv                               
0000274d  aligned_alloc                              
0000274d  memalign                                   
00002865  fputs                                      
00002979  ldexp                                      
00002979  ldexpl                                     
00002979  scalbn                                     
00002979  scalbnl                                    
00002a89  __aeabi_dmul                               
00002b85  free                                       
00002d45  setvbuf                                    
00003039  __aeabi_memcpy                             
00003039  __aeabi_memcpy4                            
00003039  __aeabi_memcpy8                            
00003039  memcpy                                     
000030d5  __aeabi_uldivmod                           
0000316d  UART_initModule                            
00003201  main                                       
00003267  PORT1_IRQHandler                           
00003295  fputc                                      
00003295  putc                                       
00003321  __aeabi_cdcmpeq                            
00003321  __aeabi_cdcmple                            
000033a7  __aeabi_cdrcmple                           
0000342d  PCM_gotoLPM3                               
000034a9  __aeabi_memclr                             
000034a9  __aeabi_memclr4                            
000034a9  __aeabi_memclr8                            
000034ab  __aeabi_memset                             
000034ab  __aeabi_memset4                            
000034ab  __aeabi_memset8                            
000034b1  memset                                     
00003525  __TI_closefile                             
00003679  HOSTrename                                 
000036e5  HOSTlseek                                  
0000374d  __TI_decompress_lzss                       
000037b5  printf                                     
0000381d  Interrupt_enableInterrupt                  
00003881  frexp                                      
00003881  frexpl                                     
000038e5  fseek                                      
00003949  __TI_wrt_ok                                
000039ad  HOSTopen                                   
00003a0d  close                                      
00003a69  HOSTread                                   
00003ac1  HOSTwrite                                  
00003b6f  ltoa                                       
00003c15  PCM_shutdownDevice                         
00003c65  GPIO_setAsPeripheralModuleFunctionOutputPin
00003cb1  __TI_doflush                               
00003cfd  atoi                                       
00003d49  GPIO_setAsPeripheralModuleFunctionInputPin 
00003d91  Timer_A_generatePWM                        
00003dd9  exit                                       
00003e21  __aeabi_d2iz                               
00003e69  HOSTclose                                  
00003ead  HOSTunlink                                 
00003ef1  Timer_A_configureUpMode                    
00003f35  __TI_auto_init_nobinit_nopinit             
00003f79  getdevice                                  
00003ffd  __TI_writemsg                              
0000402b  C$$IO$$                                    
00004035  __aeabi_f2d                                
0000406d  strncpy                                    
000040a5  __TI_cleanup                               
000040d9  __TI_readmsg                               
0000410d  _c_int00_noargs                            
00004141  GPIO_setAsInputPinWithPullDownResistor     
00004171  finddevice                                 
000041a1  __aeabi_i2d                                
000041cf  PCM_getCoreVoltageLevel                    
000041fd  remove                                     
000041fd  unlink                                     
00004229  PCM_getPowerMode                           
00004255  PCM_gotoLPM0                               
000042a5  lseek                                      
000042cd  write                                      
000042f5  GPIO_setAsOutputPin                        
00004319  RTC_C_holdClock                            
0000433d  GPIO_interruptEdgeSelect                   
0000435d  memchr                                     
0000437d  Timer_A_getCounterValue                    
00004399  __TI_zero_init_nomemset                    
000043d1  memccpy                                    
000043ed  Timer_A_clearCaptureCompareInterrupt       
00004407  copysign                                   
00004407  copysignl                                  
00004421  GPIO_clearInterruptFlag                    
00004439  GPIO_getInputPinValue                      
00004451  GPIO_setOutputLowOnPin                     
00004469  WDT_A_holdTimer                            
00004481  strcmp                                     
00004499  strchr                                     
000044b1  GPIO_enableInterrupt                       
000044c5  GPIO_setOutputHighOnPin                    
000044d9  strcpy                                     
000044ed  strlen                                     
00004513  wcslen                                     
00004525  Interrupt_disableMaster                    
00004535  Interrupt_enableMaster                     
00004545  PCM_gotoLPM4                               
00004555  Timer_A_clearTimer                         
00004565  __TI_decompress_none                       
00004573  CPU_cpsid                                  
0000457f  CPU_cpsie                                  
0000458d  PCM_getPowerState                          
00004599  Timer_A_stopTimer                          
000045a5  UART_enableModule                          
000045b1  PCM_setPowerMode                           
000045b9  PCM_setPowerState                          
000045c1  Timer_A_startCounter                       
000045c9  __aeabi_errno_addr                         
000045d1  malloc                                     
000045d9  CPU_wfi                                    
000045e5  _system_pre_init                           
000045e9  C$$EXIT                                    
000045e9  abort                                      
000045ec  _ctypes_                                   
00004758  uartConfig                                 
00004880  __TI_Handler_Table_Base                    
0000488c  __TI_Handler_Table_Limit                   
00004898  __TI_CINIT_Base                            
000048a8  __TI_CINIT_Limit                           
20000000  _sys_memory                                
20001600  _ftable                                    
200016f0  _device                                    
20001768  pulseCountL                                
2000176c  pulseCountR                                
20001770  start_pulse                                
20001774  stop                                       
20001778  speedL                                     
2000177c  speedR                                     
20001780  minDist                                    
20001784  turning                                    
20001788  startCar                                   
2000178c  lastErrorLeft                              
20001790  lastErrorRight                             
20001794  totalErrorLeft                             
20001798  totalErrorRight                            
2000179c  leftPIDOutput                              
200017a0  rightPIDOutput                             
200017a4  PWML                                       
200017a8  PWMR                                       
200017ac  haveWall                                   
200017b0  sensorSelect                               
200017b4  resultAvailableFlag                        
200017b8  result                                     
200017bc  echoReceivedFlag                           
200017c0  _stream                                    
20001840  pwmConfig2                                 
20001858  pwmConfig                                  
20001870  __TI_ft_end                                
20001874  __aeabi_stdin                              
20001878  __aeabi_stdout                             
2000187c  __aeabi_stderr                             
20001880  __TI_cleanup_ptr                           
20001884  __TI_dtors_ptr                             
20001888  __TI_enable_exit_profile_output            
2000188c  _lock                                      
20001890  _unlock                                    
2000189c  errno                                      
200018a0  SystemCoreClock                            
200018a4  __CIOBUF_                                  
200019c4  __TI_tmpnams                               
20001a64  parmbuf                                    
20001a6c  pulseCountTrigger                          
2000fe00  __stack                                    
20010000  __STACK_END                                
4000480c  WDTCTL_SYM                                 
ffffffff  __TI_pprof_out_hndl                        
ffffffff  __TI_prof_data_size                        
ffffffff  __TI_prof_data_start                       
ffffffff  __binit__                                  
ffffffff  __c_args__                                 
ffffffff  binit                                      
UNDEFED   __mpu_init                                 
UNDEFED   _system_post_cinit                         

[210 symbols]
